Archive member included to satisfy reference by file (symbol)

D:/ST/STM32CubeIDE_1.12.0/STM32CubeIDE/plugins/com.st.stm32cube.ide.mcu.externaltools.gnu-tools-for-stm32.11.3.rel1.win32_1.1.1.202309131626/tools/bin/../lib/gcc/arm-none-eabi/11.3.1/../../../../arm-none-eabi/lib/thumb/v7-m/nofp\libc_nano.a(libc_a-exit.o)
                              D:/ST/STM32CubeIDE_1.12.0/STM32CubeIDE/plugins/com.st.stm32cube.ide.mcu.externaltools.gnu-tools-for-stm32.11.3.rel1.win32_1.1.1.202309131626/tools/bin/../lib/gcc/arm-none-eabi/11.3.1/../../../../arm-none-eabi/lib/thumb/v7-m/nofp/crt0.o (exit)
D:/ST/STM32CubeIDE_1.12.0/STM32CubeIDE/plugins/com.st.stm32cube.ide.mcu.externaltools.gnu-tools-for-stm32.11.3.rel1.win32_1.1.1.202309131626/tools/bin/../lib/gcc/arm-none-eabi/11.3.1/../../../../arm-none-eabi/lib/thumb/v7-m/nofp\libc_nano.a(libc_a-findfp.o)
                              D:/ST/STM32CubeIDE_1.12.0/STM32CubeIDE/plugins/com.st.stm32cube.ide.mcu.externaltools.gnu-tools-for-stm32.11.3.rel1.win32_1.1.1.202309131626/tools/bin/../lib/gcc/arm-none-eabi/11.3.1/../../../../arm-none-eabi/lib/thumb/v7-m/nofp\libc_nano.a(libc_a-exit.o) (__stdio_exit_handler)
D:/ST/STM32CubeIDE_1.12.0/STM32CubeIDE/plugins/com.st.stm32cube.ide.mcu.externaltools.gnu-tools-for-stm32.11.3.rel1.win32_1.1.1.202309131626/tools/bin/../lib/gcc/arm-none-eabi/11.3.1/../../../../arm-none-eabi/lib/thumb/v7-m/nofp\libc_nano.a(libc_a-fwalk.o)
                              D:/ST/STM32CubeIDE_1.12.0/STM32CubeIDE/plugins/com.st.stm32cube.ide.mcu.externaltools.gnu-tools-for-stm32.11.3.rel1.win32_1.1.1.202309131626/tools/bin/../lib/gcc/arm-none-eabi/11.3.1/../../../../arm-none-eabi/lib/thumb/v7-m/nofp\libc_nano.a(libc_a-findfp.o) (_fwalk_sglue)
D:/ST/STM32CubeIDE_1.12.0/STM32CubeIDE/plugins/com.st.stm32cube.ide.mcu.externaltools.gnu-tools-for-stm32.11.3.rel1.win32_1.1.1.202309131626/tools/bin/../lib/gcc/arm-none-eabi/11.3.1/../../../../arm-none-eabi/lib/thumb/v7-m/nofp\libc_nano.a(libc_a-sprintf.o)
                              ./Core/Src/main.o (sprintf)
D:/ST/STM32CubeIDE_1.12.0/STM32CubeIDE/plugins/com.st.stm32cube.ide.mcu.externaltools.gnu-tools-for-stm32.11.3.rel1.win32_1.1.1.202309131626/tools/bin/../lib/gcc/arm-none-eabi/11.3.1/../../../../arm-none-eabi/lib/thumb/v7-m/nofp\libc_nano.a(libc_a-stdio.o)
                              D:/ST/STM32CubeIDE_1.12.0/STM32CubeIDE/plugins/com.st.stm32cube.ide.mcu.externaltools.gnu-tools-for-stm32.11.3.rel1.win32_1.1.1.202309131626/tools/bin/../lib/gcc/arm-none-eabi/11.3.1/../../../../arm-none-eabi/lib/thumb/v7-m/nofp\libc_nano.a(libc_a-findfp.o) (__sread)
D:/ST/STM32CubeIDE_1.12.0/STM32CubeIDE/plugins/com.st.stm32cube.ide.mcu.externaltools.gnu-tools-for-stm32.11.3.rel1.win32_1.1.1.202309131626/tools/bin/../lib/gcc/arm-none-eabi/11.3.1/../../../../arm-none-eabi/lib/thumb/v7-m/nofp\libc_nano.a(libc_a-memset.o)
                              D:/ST/STM32CubeIDE_1.12.0/STM32CubeIDE/plugins/com.st.stm32cube.ide.mcu.externaltools.gnu-tools-for-stm32.11.3.rel1.win32_1.1.1.202309131626/tools/bin/../lib/gcc/arm-none-eabi/11.3.1/../../../../arm-none-eabi/lib/thumb/v7-m/nofp/crt0.o (memset)
D:/ST/STM32CubeIDE_1.12.0/STM32CubeIDE/plugins/com.st.stm32cube.ide.mcu.externaltools.gnu-tools-for-stm32.11.3.rel1.win32_1.1.1.202309131626/tools/bin/../lib/gcc/arm-none-eabi/11.3.1/../../../../arm-none-eabi/lib/thumb/v7-m/nofp\libc_nano.a(libc_a-closer.o)
                              D:/ST/STM32CubeIDE_1.12.0/STM32CubeIDE/plugins/com.st.stm32cube.ide.mcu.externaltools.gnu-tools-for-stm32.11.3.rel1.win32_1.1.1.202309131626/tools/bin/../lib/gcc/arm-none-eabi/11.3.1/../../../../arm-none-eabi/lib/thumb/v7-m/nofp\libc_nano.a(libc_a-stdio.o) (_close_r)
D:/ST/STM32CubeIDE_1.12.0/STM32CubeIDE/plugins/com.st.stm32cube.ide.mcu.externaltools.gnu-tools-for-stm32.11.3.rel1.win32_1.1.1.202309131626/tools/bin/../lib/gcc/arm-none-eabi/11.3.1/../../../../arm-none-eabi/lib/thumb/v7-m/nofp\libc_nano.a(libc_a-reent.o)
                              D:/ST/STM32CubeIDE_1.12.0/STM32CubeIDE/plugins/com.st.stm32cube.ide.mcu.externaltools.gnu-tools-for-stm32.11.3.rel1.win32_1.1.1.202309131626/tools/bin/../lib/gcc/arm-none-eabi/11.3.1/../../../../arm-none-eabi/lib/thumb/v7-m/nofp\libc_nano.a(libc_a-closer.o) (errno)
D:/ST/STM32CubeIDE_1.12.0/STM32CubeIDE/plugins/com.st.stm32cube.ide.mcu.externaltools.gnu-tools-for-stm32.11.3.rel1.win32_1.1.1.202309131626/tools/bin/../lib/gcc/arm-none-eabi/11.3.1/../../../../arm-none-eabi/lib/thumb/v7-m/nofp\libc_nano.a(libc_a-impure.o)
                              D:/ST/STM32CubeIDE_1.12.0/STM32CubeIDE/plugins/com.st.stm32cube.ide.mcu.externaltools.gnu-tools-for-stm32.11.3.rel1.win32_1.1.1.202309131626/tools/bin/../lib/gcc/arm-none-eabi/11.3.1/../../../../arm-none-eabi/lib/thumb/v7-m/nofp\libc_nano.a(libc_a-sprintf.o) (_impure_ptr)
[...]
Memory Configuration

Name             Origin             Length             Attributes
RAM              0x0000000020000000 0x000000000000c000 xrw
FLASH            0x0000000008000000 0x0000000000040000 xr
*default*        0x0000000000000000 0xffffffffffffffff

Linker script and memory map

LOAD D:/ST/STM32CubeIDE_1.12.0/STM32CubeIDE/plugins/com.st.stm32cube.ide.mcu.externaltools.gnu-tools-for-stm32.11.3.rel1.win32_1.1.1.202309131626/tools/bin/../lib/gcc/arm-none-eabi/11.3.1/thumb/v7-m/nofp/crti.o
LOAD D:/ST/STM32CubeIDE_1.12.0/STM32CubeIDE/plugins/com.st.stm32cube.ide.mcu.externaltools.gnu-tools-for-stm32.11.3.rel1.win32_1.1.1.202309131626/tools/bin/../lib/gcc/arm-none-eabi/11.3.1/thumb/v7-m/nofp/crtbegin.o
LOAD D:/ST/STM32CubeIDE_1.12.0/STM32CubeIDE/plugins/com.st.stm32cube.ide.mcu.externaltools.gnu-tools-for-stm32.11.3.rel1.win32_1.1.1.202309131626/tools/bin/../lib/gcc/arm-none-eabi/11.3.1/../../../../arm-none-eabi/lib/thumb/v7-m/nofp/crt0.o
LOAD ./Core/Src/MCT8316Z_Control.o
LOAD ./Core/Src/TOF400C_VL53L1X.o
LOAD ./Core/Src/hw_can.o
LOAD ./Core/Src/hw_dac.o
LOAD ./Core/Src/hw_gpio.o
LOAD ./Core/Src/hw_i2c.o
LOAD ./Core/Src/hw_rs485.o
LOAD ./Core/Src/hw_rtc.o
LOAD ./Core/Src/hw_spi.o
LOAD ./Core/Src/hw_system.o
LOAD ./Core/Src/hw_tim.o
LOAD ./Core/Src/hw_uart.o
LOAD ./Core/Src/hw_usb.o
LOAD ./Core/Src/main.o
LOAD ./Core/Src/modbus-rtu.o
LOAD ./Core/Src/stm32f1xx_hal_msp.o
LOAD ./Core/Src/stm32f1xx_it.o
LOAD ./Core/Src/syscalls.o
LOAD ./Core/Src/sysmem.o
LOAD ./Core/Src/system_stm32f1xx.o
LOAD ./Core/Startup/startup_stm32f103vctx.o
LOAD ./Drivers/STM32F1xx_HAL_Driver/Src/stm32f1xx_hal.o
LOAD ./Drivers/STM32F1xx_HAL_Driver/Src/stm32f1xx_hal_can.o
LOAD ./Drivers/STM32F1xx_HAL_Driver/Src/stm32f1xx_hal_cortex.o
LOAD ./Drivers/STM32F1xx_HAL_Driver/Src/stm32f1xx_hal_dac.o
LOAD ./Drivers/STM32F1xx_HAL_Driver/Src/stm32f1xx_hal_dac_ex.o
LOAD ./Drivers/STM32F1xx_HAL_Driver/Src/stm32f1xx_hal_dma.o
LOAD ./Drivers/STM32F1xx_HAL_Driver/Src/stm32f1xx_hal_exti.o
LOAD ./Drivers/STM32F1xx_HAL_Driver/Src/stm32f1xx_hal_flash.o
LOAD ./Drivers/STM32F1xx_HAL_Driver/Src/stm32f1xx_hal_flash_ex.o
LOAD ./Drivers/STM32F1xx_HAL_Driver/Src/stm32f1xx_hal_gpio.o
LOAD ./Drivers/STM32F1xx_HAL_Driver/Src/stm32f1xx_hal_gpio_ex.o
LOAD ./Drivers/STM32F1xx_HAL_Driver/Src/stm32f1xx_hal_i2c.o
LOAD ./Drivers/STM32F1xx_HAL_Driver/Src/stm32f1xx_hal_pcd.o
LOAD ./Drivers/STM32F1xx_HAL_Driver/Src/stm32f1xx_hal_pcd_ex.o
LOAD ./Drivers/STM32F1xx_HAL_Driver/Src/stm32f1xx_hal_pwr.o
LOAD ./Drivers/STM32F1xx_HAL_Driver/Src/stm32f1xx_hal_rcc.o
LOAD ./Drivers/STM32F1xx_HAL_Driver/Src/stm32f1xx_hal_rcc_ex.o
LOAD ./Drivers/STM32F1xx_HAL_Driver/Src/stm32f1xx_hal_rtc.o
LOAD ./Drivers/STM32F1xx_HAL_Driver/Src/stm32f1xx_hal_rtc_ex.o
LOAD ./Drivers/STM32F1xx_HAL_Driver/Src/stm32f1xx_hal_spi.o
LOAD ./Drivers/STM32F1xx_HAL_Driver/Src/stm32f1xx_hal_tim.o
LOAD ./Drivers/STM32F1xx_HAL_Driver/Src/stm32f1xx_hal_tim_ex.o
LOAD ./Drivers/STM32F1xx_HAL_Driver/Src/stm32f1xx_hal_uart.o
LOAD ./Drivers/STM32F1xx_HAL_Driver/Src/stm32f1xx_ll_usb.o
START GROUP
LOAD D:/ST/STM32CubeIDE_1.12.0/STM32CubeIDE/plugins/com.st.stm32cube.ide.mcu.externaltools.gnu-tools-for-stm32.11.3.rel1.win32_1.1.1.202309131626/tools/bin/../lib/gcc/arm-none-eabi/11.3.1/../../../../arm-none-eabi/lib/thumb/v7-m/nofp\libc_nano.a
LOAD D:/ST/STM32CubeIDE_1.12.0/STM32CubeIDE/plugins/com.st.stm32cube.ide.mcu.externaltools.gnu-tools-for-stm32.11.3.rel1.win32_1.1.1.202309131626/tools/bin/../lib/gcc/arm-none-eabi/11.3.1/../../../../arm-none-eabi/lib/thumb/v7-m/nofp\libm.a
END GROUP
START GROUP
LOAD D:/ST/STM32CubeIDE_1.12.0/STM32CubeIDE/plugins/com.st.stm32cube.ide.mcu.externaltools.gnu-tools-for-stm32.11.3.rel1.win32_1.1.1.202309131626/tools/bin/../lib/gcc/arm-none-eabi/11.3.1/thumb/v7-m/nofp\libgcc.a
LOAD D:/ST/STM32CubeIDE_1.12.0/STM32CubeIDE/plugins/com.st.stm32cube.ide.mcu.externaltools.gnu-tools-for-stm32.11.3.rel1.win32_1.1.1.202309131626/tools/bin/../lib/gcc/arm-none-eabi/11.3.1/../../../../arm-none-eabi/lib/thumb/v7-m/nofp\libc_nano.a
END GROUP
START GROUP
LOAD D:/ST/STM32CubeIDE_1.12.0/STM32CubeIDE/plugins/com.st.stm32cube.ide.mcu.externaltools.gnu-tools-for-stm32.11.3.rel1.win32_1.1.1.202309131626/tools/bin/../lib/gcc/arm-none-eabi/11.3.1/thumb/v7-m/nofp\libgcc.a
LOAD D:/ST/STM32CubeIDE_1.12.0/STM32CubeIDE/plugins/com.st.stm32cube.ide.mcu.externaltools.gnu-tools-for-stm32.11.3.rel1.win32_1.1.1.202309131626/tools/bin/../lib/gcc/arm-none-eabi/11.3.1/../../../../arm-none-eabi/lib/thumb/v7-m/nofp\libc_nano.a
LOAD D:/ST/STM32CubeIDE_1.12.0/STM32CubeIDE/plugins/com.st.stm32cube.ide.mcu.externaltools.gnu-tools-for-stm32.11.3.rel1.win32_1.1.1.202309131626/tools/bin/../lib/gcc/arm-none-eabi/11.3.1/../../../../arm-none-eabi/lib/thumb/v7-m/nofp\libnosys.a
END GROUP
START GROUP
LOAD D:/ST/STM32CubeIDE_1.12.0/STM32CubeIDE/plugins/com.st.stm32cube.ide.mcu.externaltools.gnu-tools-for-stm32.11.3.rel1.win32_1.1.1.202309131626/tools/bin/../lib/gcc/arm-none-eabi/11.3.1/thumb/v7-m/nofp\libgcc.a
LOAD D:/ST/STM32CubeIDE_1.12.0/STM32CubeIDE/plugins/com.st.stm32cube.ide.mcu.externaltools.gnu-tools-for-stm32.11.3.rel1.win32_1.1.1.202309131626/tools/bin/../lib/gcc/arm-none-eabi/11.3.1/../../../../arm-none-eabi/lib/thumb/v7-m/nofp\libc_nano.a
LOAD D:/ST/STM32CubeIDE_1.12.0/STM32CubeIDE/plugins/com.st.stm32cube.ide.mcu.externaltools.gnu-tools-for-stm32.11.3.rel1.win32_1.1.1.202309131626/tools/bin/../lib/gcc/arm-none-eabi/11.3.1/../../../../arm-none-eabi/lib/thumb/v7-m/nofp\libnosys.a
END GROUP
LOAD D:/ST/STM32CubeIDE_1.12.0/STM32CubeIDE/plugins/com.st.stm32cube.ide.mcu.externaltools.gnu-tools-for-stm32.11.3.rel1.win32_1.1.1.202309131626/tools/bin/../lib/gcc/arm-none-eabi/11.3.1/thumb/v7-m/nofp/crtend.o
LOAD D:/ST/STM32CubeIDE_1.12.0/STM32CubeIDE/plugins/com.st.stm32cube.ide.mcu.externaltools.gnu-tools-for-stm32.11.3.rel1.win32_1.1.1.202309131626/tools/bin/../lib/gcc/arm-none-eabi/11.3.1/thumb/v7-m/nofp/crtn.o
                0x000000002000c000                _estack = (ORIGIN (RAM) + LENGTH (RAM))
                0x0000000000000200                _Min_Heap_Size = 0x200
                0x0000000000000400                _Min_Stack_Size = 0x400

.isr_vector     0x0000000008000000      0x1e4
                0x0000000008000000                . = ALIGN (0x4)
 *(.isr_vector)
 .isr_vector    0x0000000008000000      0x1e4 ./Core/Startup/startup_stm32f103vctx.o
                0x0000000008000000                g_pfnVectors
                0x00000000080001e4                . = ALIGN (0x4)

.text           0x00000000080001e4     0x5aa8
                0x00000000080001e4                . = ALIGN (0x4)
 *(.text)
 .text          0x00000000080001e4       0x40 D:/ST/STM32CubeIDE_1.12.0/STM32CubeIDE/plugins/com.st.stm32cube.ide.mcu.externaltools.gnu-tools-for-stm32.11.3.rel1.win32_1.1.1.202309131626/tools/bin/../lib/gcc/arm-none-eabi/11.3.1/thumb/v7-m/nofp/crtbegin.o
 .text          0x0000000008000224       0x10 D:/ST/STM32CubeIDE_1.12.0/STM32CubeIDE/plugins/com.st.stm32cube.ide.mcu.externaltools.gnu-tools-for-stm32.11.3.rel1.win32_1.1.1.202309131626/tools/bin/../lib/gcc/arm-none-eabi/11.3.1/../../../../arm-none-eabi/lib/thumb/v7-m/nofp\libc_nano.a(libc_a-strlen.o)
                0x0000000008000224                strlen
 *(.text*)
 .text.HW_CAN_Init
                0x0000000008000234       0x90 ./Core/Src/hw_can.o
                0x0000000008000234                HW_CAN_Init
 .text.HW_CAN_ConfigFilter
                0x00000000080002c4       0x50 ./Core/Src/hw_can.o
                0x00000000080002c4                HW_CAN_ConfigFilter
 .text.HW_DAC_Init
                0x0000000008000314       0x78 ./Core/Src/hw_dac.o
                0x0000000008000314                HW_DAC_Init
 .text.HW_DAC_Start
                0x000000000800038c       0x20 ./Core/Src/hw_dac.o
                0x000000000800038c                HW_DAC_Start
 .text.HW_GPIO_Init
                0x00000000080003ac      0x200 ./Core/Src/hw_gpio.o
                0x00000000080003ac                HW_GPIO_Init
 .text.HW_I2C1_Init
                0x00000000080005ac       0x60 ./Core/Src/hw_i2c.o
                0x00000000080005ac                HW_I2C1_Init
 .text.HW_I2C2_Init
                0x000000000800060c       0x60 ./Core/Src/hw_i2c.o
                0x000000000800060c                HW_I2C2_Init
 .text.HW_RS485_Init_Config
                0x000000000800066c       0x2e ./Core/Src/hw_rs485.o
                0x000000000800066c                HW_RS485_Init_Config
 .text.HW_RS485_Set_TxMode
                0x000000000800069a       0x20 ./Core/Src/hw_rs485.o
                0x000000000800069a                HW_RS485_Set_TxMode
 .text.HW_RS485_Set_RxMode
                0x00000000080006ba       0x20 ./Core/Src/hw_rs485.o
                0x00000000080006ba                HW_RS485_Set_RxMode
 .text.HW_RS485_Transmit
                0x00000000080006da       0x5c ./Core/Src/hw_rs485.o
                0x00000000080006da                HW_RS485_Transmit
 *fill*         0x0000000008000736        0x2 
 .text.HW_RTC_Init
                0x0000000008000738       0x38 ./Core/Src/hw_rtc.o
                0x0000000008000738                HW_RTC_Init
 .text.HW_SPI2_Init
                0x0000000008000770       0x70 ./Core/Src/hw_spi.o
                0x0000000008000770                HW_SPI2_Init
 .text.SystemClock_Config
                0x00000000080007e0       0xd0 ./Core/Src/hw_system.o
                0x00000000080007e0                SystemClock_Config
 .text.System_ErrorHandler
                0x00000000080008b0        0xa ./Core/Src/hw_system.o
                0x00000000080008b0                System_ErrorHandler
 *fill*         0x00000000080008ba        0x2 
 .text.HW_TIM1_Init
                0x00000000080008bc       0xf4 ./Core/Src/hw_tim.o
                0x00000000080008bc                HW_TIM1_Init
 .text.HW_TIM2_Init
                0x00000000080009b0       0x90 ./Core/Src/hw_tim.o
                0x00000000080009b0                HW_TIM2_Init
 .text.HW_TIM4_Init
                0x0000000008000a40       0xcc ./Core/Src/hw_tim.o
                0x0000000008000a40                HW_TIM4_Init
 .text.HW_TIM8_Init
                0x0000000008000b0c       0xe0 ./Core/Src/hw_tim.o
                0x0000000008000b0c                HW_TIM8_Init
 .text.HW_TIM_SetPWM_Duty
                0x0000000008000bec       0x4e ./Core/Src/hw_tim.o
                0x0000000008000bec                HW_TIM_SetPWM_Duty
 *fill*         0x0000000008000c3a        0x2 
 .text.HAL_TIM_PeriodElapsedCallback
                0x0000000008000c3c       0x44 ./Core/Src/hw_tim.o
                0x0000000008000c3c                HAL_TIM_PeriodElapsedCallback
 .text.HW_USART1_UART_Init
                0x0000000008000c80       0x54 ./Core/Src/hw_uart.o
                0x0000000008000c80                HW_USART1_UART_Init
 .text.HW_USART2_UART_Init
                0x0000000008000cd4       0x54 ./Core/Src/hw_uart.o
                0x0000000008000cd4                HW_USART2_UART_Init
 .text.HW_USART3_UART_Init
                0x0000000008000d28       0x54 ./Core/Src/hw_uart.o
                0x0000000008000d28                HW_USART3_UART_Init
 .text.HW_UART4_Init
                0x0000000008000d7c       0x54 ./Core/Src/hw_uart.o
                0x0000000008000d7c                HW_UART4_Init
 .text.HW_UART5_Init
                0x0000000008000dd0       0x54 ./Core/Src/hw_uart.o
                0x0000000008000dd0                HW_UART5_Init
 .text.HW_USB_PCD_Init
                0x0000000008000e24       0x44 ./Core/Src/hw_usb.o
                0x0000000008000e24                HW_USB_PCD_Init
 .text.main     0x0000000008000e68      0x1dc ./Core/Src/main.o
                0x0000000008000e68                main
 .text.Error_Handler
                0x0000000008001044        0xa ./Core/Src/main.o
                0x0000000008001044                Error_Handler
 *fill*         0x000000000800104e        0x2 
 .text.HAL_MspInit
                0x0000000008001050       0x5c ./Core/Src/stm32f1xx_hal_msp.o
                0x0000000008001050                HAL_MspInit
 .text.HAL_CAN_MspInit
                0x00000000080010ac       0xbc ./Core/Src/stm32f1xx_hal_msp.o
                0x00000000080010ac                HAL_CAN_MspInit
 .text.HAL_DAC_MspInit
                0x0000000008001168       0x78 ./Core/Src/stm32f1xx_hal_msp.o
                0x0000000008001168                HAL_DAC_MspInit
 .text.HAL_I2C_MspInit
                0x00000000080011e0       0xd8 ./Core/Src/stm32f1xx_hal_msp.o
                0x00000000080011e0                HAL_I2C_MspInit
 .text.HAL_RTC_MspInit
                0x00000000080012b8       0x48 ./Core/Src/stm32f1xx_hal_msp.o
                0x00000000080012b8                HAL_RTC_MspInit
 .text.HAL_SPI_MspInit
                0x0000000008001300       0x98 ./Core/Src/stm32f1xx_hal_msp.o
                0x0000000008001300                HAL_SPI_MspInit
 .text.HAL_TIM_Base_MspInit
                0x0000000008001398       0x70 ./Core/Src/stm32f1xx_hal_msp.o
                0x0000000008001398                HAL_TIM_Base_MspInit
 .text.HAL_TIM_PWM_MspInit
                0x0000000008001408       0x7c ./Core/Src/stm32f1xx_hal_msp.o
                0x0000000008001408                HAL_TIM_PWM_MspInit
 .text.HAL_TIM_MspPostInit
                0x0000000008001484       0xcc ./Core/Src/stm32f1xx_hal_msp.o
                0x0000000008001484                HAL_TIM_MspPostInit
 .text.HAL_UART_MspInit
                0x0000000008001550      0x2c8 ./Core/Src/stm32f1xx_hal_msp.o
                0x0000000008001550                HAL_UART_MspInit
 .text.HAL_PCD_MspInit
                0x0000000008001818       0x3c ./Core/Src/stm32f1xx_hal_msp.o
                0x0000000008001818                HAL_PCD_MspInit
 .text.NMI_Handler
                0x0000000008001854        0x6 ./Core/Src/stm32f1xx_it.o
                0x0000000008001854                NMI_Handler
 .text.HardFault_Handler
                0x000000000800185a        0x6 ./Core/Src/stm32f1xx_it.o
                0x000000000800185a                HardFault_Handler
 .text.MemManage_Handler
                0x0000000008001860        0x6 ./Core/Src/stm32f1xx_it.o
                0x0000000008001860                MemManage_Handler
 .text.BusFault_Handler
                0x0000000008001866        0x6 ./Core/Src/stm32f1xx_it.o
                0x0000000008001866                BusFault_Handler
 .text.UsageFault_Handler
                0x000000000800186c        0x6 ./Core/Src/stm32f1xx_it.o
                0x000000000800186c                UsageFault_Handler
 .text.SVC_Handler
                0x0000000008001872        0xc ./Core/Src/stm32f1xx_it.o
                0x0000000008001872                SVC_Handler
 .text.DebugMon_Handler
                0x000000000800187e        0xc ./Core/Src/stm32f1xx_it.o
                0x000000000800187e                DebugMon_Handler
 .text.PendSV_Handler
                0x000000000800188a        0xc ./Core/Src/stm32f1xx_it.o
                0x000000000800188a                PendSV_Handler
 .text.SysTick_Handler
                0x0000000008001896        0xc ./Core/Src/stm32f1xx_it.o
                0x0000000008001896                SysTick_Handler
 *fill*         0x00000000080018a2        0x2 
 .text.TIM2_IRQHandler
                0x00000000080018a4       0x14 ./Core/Src/stm32f1xx_it.o
                0x00000000080018a4                TIM2_IRQHandler
 .text._sbrk    0x00000000080018b8       0x6c ./Core/Src/sysmem.o
                0x00000000080018b8                _sbrk
 .text.SystemInit
                0x0000000008001924        0xc ./Core/Src/system_stm32f1xx.o
                0x0000000008001924                SystemInit
 .text.Reset_Handler
                0x0000000008001930       0x48 ./Core/Startup/startup_stm32f103vctx.o
                0x0000000008001930                Reset_Handler
 .text.Default_Handler
                0x0000000008001978        0x2 ./Core/Startup/startup_stm32f103vctx.o
                0x0000000008001978                RTC_Alarm_IRQHandler
                0x0000000008001978                EXTI2_IRQHandler
                0x0000000008001978                TIM8_TRG_COM_IRQHandler
                0x0000000008001978                TIM8_CC_IRQHandler
                0x0000000008001978                TIM1_CC_IRQHandler
                0x0000000008001978                TIM6_IRQHandler
                0x0000000008001978                PVD_IRQHandler
                0x0000000008001978                SDIO_IRQHandler
                0x0000000008001978                EXTI3_IRQHandler
                0x0000000008001978                EXTI0_IRQHandler
                0x0000000008001978                I2C2_EV_IRQHandler
                0x0000000008001978                ADC1_2_IRQHandler
                0x0000000008001978                SPI1_IRQHandler
                0x0000000008001978                TAMPER_IRQHandler
                0x0000000008001978                TIM8_UP_IRQHandler
                0x0000000008001978                DMA2_Channel2_IRQHandler
                0x0000000008001978                DMA1_Channel4_IRQHandler
                0x0000000008001978                USART3_IRQHandler
                0x0000000008001978                RTC_IRQHandler
                0x0000000008001978                DMA1_Channel7_IRQHandler
                0x0000000008001978                CAN1_RX1_IRQHandler
                0x0000000008001978                UART5_IRQHandler
                0x0000000008001978                ADC3_IRQHandler
                0x0000000008001978                TIM4_IRQHandler
                0x0000000008001978                DMA2_Channel1_IRQHandler
                0x0000000008001978                I2C1_EV_IRQHandler
                0x0000000008001978                DMA1_Channel6_IRQHandler
                0x0000000008001978                UART4_IRQHandler
                0x0000000008001978                TIM3_IRQHandler
                0x0000000008001978                RCC_IRQHandler
                0x0000000008001978                TIM1_TRG_COM_IRQHandler
                0x0000000008001978                DMA1_Channel1_IRQHandler
                0x0000000008001978                Default_Handler
                0x0000000008001978                EXTI15_10_IRQHandler
                0x0000000008001978                TIM7_IRQHandler
                0x0000000008001978                TIM5_IRQHandler
                0x0000000008001978                EXTI9_5_IRQHandler
                0x0000000008001978                SPI2_IRQHandler
                0x0000000008001978                DMA1_Channel5_IRQHandler
                0x0000000008001978                EXTI4_IRQHandler
                0x0000000008001978                USB_LP_CAN1_RX0_IRQHandler
                0x0000000008001978                USB_HP_CAN1_TX_IRQHandler
                0x0000000008001978                DMA1_Channel3_IRQHandler
                0x0000000008001978                FSMC_IRQHandler
                0x0000000008001978                TIM1_UP_IRQHandler
                0x0000000008001978                WWDG_IRQHandler
                0x0000000008001978                TIM1_BRK_IRQHandler
                0x0000000008001978                EXTI1_IRQHandler
                0x0000000008001978                DMA2_Channel4_5_IRQHandler
                0x0000000008001978                USART2_IRQHandler
                0x0000000008001978                I2C2_ER_IRQHandler
                0x0000000008001978                DMA1_Channel2_IRQHandler
                0x0000000008001978                TIM8_BRK_IRQHandler
                0x0000000008001978                CAN1_SCE_IRQHandler
                0x0000000008001978                FLASH_IRQHandler
                0x0000000008001978                USART1_IRQHandler
                0x0000000008001978                SPI3_IRQHandler
                0x0000000008001978                I2C1_ER_IRQHandler
                0x0000000008001978                USBWakeUp_IRQHandler
                0x0000000008001978                DMA2_Channel3_IRQHandler
 *fill*         0x000000000800197a        0x2 
 .text.HAL_Init
                0x000000000800197c       0x2c ./Drivers/STM32F1xx_HAL_Driver/Src/stm32f1xx_hal.o
                0x000000000800197c                HAL_Init
 .text.HAL_InitTick
                0x00000000080019a8       0x60 ./Drivers/STM32F1xx_HAL_Driver/Src/stm32f1xx_hal.o
                0x00000000080019a8                HAL_InitTick
 .text.HAL_IncTick
                0x0000000008001a08       0x24 ./Drivers/STM32F1xx_HAL_Driver/Src/stm32f1xx_hal.o
                0x0000000008001a08                HAL_IncTick
 .text.HAL_GetTick
                0x0000000008001a2c       0x14 ./Drivers/STM32F1xx_HAL_Driver/Src/stm32f1xx_hal.o
                0x0000000008001a2c                HAL_GetTick
 .text.HAL_CAN_Init
                0x0000000008001a40      0x1f6 ./Drivers/STM32F1xx_HAL_Driver/Src/stm32f1xx_hal_can.o
                0x0000000008001a40                HAL_CAN_Init
 .text.HAL_CAN_ConfigFilter
                0x0000000008001c36      0x192 ./Drivers/STM32F1xx_HAL_Driver/Src/stm32f1xx_hal_can.o
                0x0000000008001c36                HAL_CAN_ConfigFilter
 .text.HAL_CAN_Start
                0x0000000008001dc8       0x88 ./Drivers/STM32F1xx_HAL_Driver/Src/stm32f1xx_hal_can.o
                0x0000000008001dc8                HAL_CAN_Start
 .text.HAL_CAN_ActivateNotification
                0x0000000008001e50       0x4a ./Drivers/STM32F1xx_HAL_Driver/Src/stm32f1xx_hal_can.o
                0x0000000008001e50                HAL_CAN_ActivateNotification
 *fill*         0x0000000008001e9a        0x2 
 .text.__NVIC_SetPriorityGrouping
                0x0000000008001e9c       0x48 ./Drivers/STM32F1xx_HAL_Driver/Src/stm32f1xx_hal_cortex.o
 .text.__NVIC_GetPriorityGrouping
                0x0000000008001ee4       0x1c ./Drivers/STM32F1xx_HAL_Driver/Src/stm32f1xx_hal_cortex.o
 .text.__NVIC_EnableIRQ
                0x0000000008001f00       0x38 ./Drivers/STM32F1xx_HAL_Driver/Src/stm32f1xx_hal_cortex.o
 .text.__NVIC_SetPriority
                0x0000000008001f38       0x54 ./Drivers/STM32F1xx_HAL_Driver/Src/stm32f1xx_hal_cortex.o
 .text.NVIC_EncodePriority
                0x0000000008001f8c       0x64 ./Drivers/STM32F1xx_HAL_Driver/Src/stm32f1xx_hal_cortex.o
 .text.SysTick_Config
                0x0000000008001ff0       0x44 ./Drivers/STM32F1xx_HAL_Driver/Src/stm32f1xx_hal_cortex.o
 .text.HAL_NVIC_SetPriorityGrouping
                0x0000000008002034       0x16 ./Drivers/STM32F1xx_HAL_Driver/Src/stm32f1xx_hal_cortex.o
                0x0000000008002034                HAL_NVIC_SetPriorityGrouping
 .text.HAL_NVIC_SetPriority
                0x000000000800204a       0x38 ./Drivers/STM32F1xx_HAL_Driver/Src/stm32f1xx_hal_cortex.o
                0x000000000800204a                HAL_NVIC_SetPriority
 .text.HAL_NVIC_EnableIRQ
                0x0000000008002082       0x1c ./Drivers/STM32F1xx_HAL_Driver/Src/stm32f1xx_hal_cortex.o
                0x0000000008002082                HAL_NVIC_EnableIRQ
 .text.HAL_SYSTICK_Config
                0x000000000800209e       0x18 ./Drivers/STM32F1xx_HAL_Driver/Src/stm32f1xx_hal_cortex.o
                0x000000000800209e                HAL_SYSTICK_Config
 .text.HAL_DAC_Init
                0x00000000080020b6       0x44 ./Drivers/STM32F1xx_HAL_Driver/Src/stm32f1xx_hal_dac.o
                0x00000000080020b6                HAL_DAC_Init
 .text.HAL_DAC_Start
                0x00000000080020fa       0xac ./Drivers/STM32F1xx_HAL_Driver/Src/stm32f1xx_hal_dac.o
                0x00000000080020fa                HAL_DAC_Start
 .text.HAL_DAC_ConfigChannel
                0x00000000080021a6       0xb0 ./Drivers/STM32F1xx_HAL_Driver/Src/stm32f1xx_hal_dac.o
                0x00000000080021a6                HAL_DAC_ConfigChannel
 *fill*         0x0000000008002256        0x2 
 .text.HAL_GPIO_Init
                0x0000000008002258      0x328 ./Drivers/STM32F1xx_HAL_Driver/Src/stm32f1xx_hal_gpio.o
                0x0000000008002258                HAL_GPIO_Init
 .text.HAL_GPIO_WritePin
                0x0000000008002580       0x30 ./Drivers/STM32F1xx_HAL_Driver/Src/stm32f1xx_hal_gpio.o
                0x0000000008002580                HAL_GPIO_WritePin
 .text.HAL_GPIO_TogglePin
                0x00000000080025b0       0x32 ./Drivers/STM32F1xx_HAL_Driver/Src/stm32f1xx_hal_gpio.o
                0x00000000080025b0                HAL_GPIO_TogglePin
 *fill*         0x00000000080025e2        0x2 
 .text.HAL_I2C_Init
                0x00000000080025e4      0x288 ./Drivers/STM32F1xx_HAL_Driver/Src/stm32f1xx_hal_i2c.o
                0x00000000080025e4                HAL_I2C_Init
 .text.HAL_I2C_IsDeviceReady
                0x000000000800286c      0x25c ./Drivers/STM32F1xx_HAL_Driver/Src/stm32f1xx_hal_i2c.o
                0x000000000800286c                HAL_I2C_IsDeviceReady
 .text.I2C_WaitOnFlagUntilTimeout
                0x0000000008002ac8       0xf4 ./Drivers/STM32F1xx_HAL_Driver/Src/stm32f1xx_hal_i2c.o
 .text.HAL_PCD_Init
                0x0000000008002bbc      0x1ec ./Drivers/STM32F1xx_HAL_Driver/Src/stm32f1xx_hal_pcd.o
                0x0000000008002bbc                HAL_PCD_Init
 .text.HAL_PWR_EnableBkUpAccess
                0x0000000008002da8       0x18 ./Drivers/STM32F1xx_HAL_Driver/Src/stm32f1xx_hal_pwr.o
                0x0000000008002da8                HAL_PWR_EnableBkUpAccess
 .text.HAL_RCC_OscConfig
                0x0000000008002dc0      0x504 ./Drivers/STM32F1xx_HAL_Driver/Src/stm32f1xx_hal_rcc.o
                0x0000000008002dc0                HAL_RCC_OscConfig
 .text.HAL_RCC_ClockConfig
                0x00000000080032c4      0x1d4 ./Drivers/STM32F1xx_HAL_Driver/Src/stm32f1xx_hal_rcc.o
                0x00000000080032c4                HAL_RCC_ClockConfig
 .text.HAL_RCC_MCOConfig
                0x0000000008003498       0x70 ./Drivers/STM32F1xx_HAL_Driver/Src/stm32f1xx_hal_rcc.o
                0x0000000008003498                HAL_RCC_MCOConfig
 .text.HAL_RCC_GetSysClockFreq
                0x0000000008003508       0xa8 ./Drivers/STM32F1xx_HAL_Driver/Src/stm32f1xx_hal_rcc.o
                0x0000000008003508                HAL_RCC_GetSysClockFreq
 .text.HAL_RCC_GetHCLKFreq
                0x00000000080035b0       0x14 ./Drivers/STM32F1xx_HAL_Driver/Src/stm32f1xx_hal_rcc.o
                0x00000000080035b0                HAL_RCC_GetHCLKFreq
 .text.HAL_RCC_GetPCLK1Freq
                0x00000000080035c4       0x28 ./Drivers/STM32F1xx_HAL_Driver/Src/stm32f1xx_hal_rcc.o
                0x00000000080035c4                HAL_RCC_GetPCLK1Freq
 .text.HAL_RCC_GetPCLK2Freq
                0x00000000080035ec       0x28 ./Drivers/STM32F1xx_HAL_Driver/Src/stm32f1xx_hal_rcc.o
                0x00000000080035ec                HAL_RCC_GetPCLK2Freq
 .text.RCC_Delay
                0x0000000008003614       0x3c ./Drivers/STM32F1xx_HAL_Driver/Src/stm32f1xx_hal_rcc.o
 .text.HAL_RCCEx_PeriphCLKConfig
                0x0000000008003650      0x16c ./Drivers/STM32F1xx_HAL_Driver/Src/stm32f1xx_hal_rcc_ex.o
                0x0000000008003650                HAL_RCCEx_PeriphCLKConfig
 .text.HAL_RCCEx_GetPeriphCLKFreq
                0x00000000080037bc      0x1b0 ./Drivers/STM32F1xx_HAL_Driver/Src/stm32f1xx_hal_rcc_ex.o
                0x00000000080037bc                HAL_RCCEx_GetPeriphCLKFreq
 .text.HAL_RTC_Init
                0x000000000800396c      0x118 ./Drivers/STM32F1xx_HAL_Driver/Src/stm32f1xx_hal_rtc.o
                0x000000000800396c                HAL_RTC_Init
 .text.HAL_RTC_WaitForSynchro
                0x0000000008003a84       0x5a ./Drivers/STM32F1xx_HAL_Driver/Src/stm32f1xx_hal_rtc.o
                0x0000000008003a84                HAL_RTC_WaitForSynchro
 .text.RTC_EnterInitMode
                0x0000000008003ade       0x50 ./Drivers/STM32F1xx_HAL_Driver/Src/stm32f1xx_hal_rtc.o
 .text.RTC_ExitInitMode
                0x0000000008003b2e       0x50 ./Drivers/STM32F1xx_HAL_Driver/Src/stm32f1xx_hal_rtc.o
 .text.HAL_SPI_Init
                0x0000000008003b7e      0x108 ./Drivers/STM32F1xx_HAL_Driver/Src/stm32f1xx_hal_spi.o
                0x0000000008003b7e                HAL_SPI_Init
 .text.HAL_TIM_Base_Init
                0x0000000008003c86       0x9e ./Drivers/STM32F1xx_HAL_Driver/Src/stm32f1xx_hal_tim.o
                0x0000000008003c86                HAL_TIM_Base_Init
 .text.HAL_TIM_Base_Start_IT
                0x0000000008003d24       0xc0 ./Drivers/STM32F1xx_HAL_Driver/Src/stm32f1xx_hal_tim.o
                0x0000000008003d24                HAL_TIM_Base_Start_IT
 .text.HAL_TIM_OC_Init
                0x0000000008003de4       0x9e ./Drivers/STM32F1xx_HAL_Driver/Src/stm32f1xx_hal_tim.o
                0x0000000008003de4                HAL_TIM_OC_Init
 .text.HAL_TIM_OC_MspInit
                0x0000000008003e82       0x12 ./Drivers/STM32F1xx_HAL_Driver/Src/stm32f1xx_hal_tim.o
                0x0000000008003e82                HAL_TIM_OC_MspInit
 .text.HAL_TIM_PWM_Init
                0x0000000008003e94       0x9e ./Drivers/STM32F1xx_HAL_Driver/Src/stm32f1xx_hal_tim.o
                0x0000000008003e94                HAL_TIM_PWM_Init
 *fill*         0x0000000008003f32        0x2 
 .text.HAL_TIM_PWM_Start
                0x0000000008003f34      0x174 ./Drivers/STM32F1xx_HAL_Driver/Src/stm32f1xx_hal_tim.o
                0x0000000008003f34                HAL_TIM_PWM_Start
 .text.HAL_TIM_IRQHandler
                0x00000000080040a8      0x1e0 ./Drivers/STM32F1xx_HAL_Driver/Src/stm32f1xx_hal_tim.o
                0x00000000080040a8                HAL_TIM_IRQHandler
 .text.HAL_TIM_OC_ConfigChannel
                0x0000000008004288       0xb8 ./Drivers/STM32F1xx_HAL_Driver/Src/stm32f1xx_hal_tim.o
                0x0000000008004288                HAL_TIM_OC_ConfigChannel
 .text.HAL_TIM_PWM_ConfigChannel
                0x0000000008004340      0x184 ./Drivers/STM32F1xx_HAL_Driver/Src/stm32f1xx_hal_tim.o
                0x0000000008004340                HAL_TIM_PWM_ConfigChannel
 .text.HAL_TIM_ConfigClockSource
                0x00000000080044c4      0x18e ./Drivers/STM32F1xx_HAL_Driver/Src/stm32f1xx_hal_tim.o
                0x00000000080044c4                HAL_TIM_ConfigClockSource
 .text.HAL_TIM_OC_DelayElapsedCallback
                0x0000000008004652       0x12 ./Drivers/STM32F1xx_HAL_Driver/Src/stm32f1xx_hal_tim.o
                0x0000000008004652                HAL_TIM_OC_DelayElapsedCallback
 .text.HAL_TIM_IC_CaptureCallback
                0x0000000008004664       0x12 ./Drivers/STM32F1xx_HAL_Driver/Src/stm32f1xx_hal_tim.o
                0x0000000008004664                HAL_TIM_IC_CaptureCallback
 .text.HAL_TIM_PWM_PulseFinishedCallback
                0x0000000008004676       0x12 ./Drivers/STM32F1xx_HAL_Driver/Src/stm32f1xx_hal_tim.o
                0x0000000008004676                HAL_TIM_PWM_PulseFinishedCallback
 .text.HAL_TIM_TriggerCallback
                0x0000000008004688       0x12 ./Drivers/STM32F1xx_HAL_Driver/Src/stm32f1xx_hal_tim.o
                0x0000000008004688                HAL_TIM_TriggerCallback
 *fill*         0x000000000800469a        0x2 
 .text.TIM_Base_SetConfig
                0x000000000800469c      0x10c ./Drivers/STM32F1xx_HAL_Driver/Src/stm32f1xx_hal_tim.o
                0x000000000800469c                TIM_Base_SetConfig
 .text.TIM_OC1_SetConfig
                0x00000000080047a8       0xe0 ./Drivers/STM32F1xx_HAL_Driver/Src/stm32f1xx_hal_tim.o
 .text.TIM_OC2_SetConfig
                0x0000000008004888       0xe8 ./Drivers/STM32F1xx_HAL_Driver/Src/stm32f1xx_hal_tim.o
                0x0000000008004888                TIM_OC2_SetConfig
 .text.TIM_OC3_SetConfig
                0x0000000008004970       0xe8 ./Drivers/STM32F1xx_HAL_Driver/Src/stm32f1xx_hal_tim.o
 .text.TIM_OC4_SetConfig
                0x0000000008004a58       0xa8 ./Drivers/STM32F1xx_HAL_Driver/Src/stm32f1xx_hal_tim.o
 .text.TIM_TI1_ConfigInputStage
                0x0000000008004b00       0x5c ./Drivers/STM32F1xx_HAL_Driver/Src/stm32f1xx_hal_tim.o
 .text.TIM_TI2_ConfigInputStage
                0x0000000008004b5c       0x5e ./Drivers/STM32F1xx_HAL_Driver/Src/stm32f1xx_hal_tim.o
 .text.TIM_ITRx_SetConfig
                0x0000000008004bba       0x34 ./Drivers/STM32F1xx_HAL_Driver/Src/stm32f1xx_hal_tim.o
 .text.TIM_ETR_SetConfig
                0x0000000008004bee       0x3e ./Drivers/STM32F1xx_HAL_Driver/Src/stm32f1xx_hal_tim.o
                0x0000000008004bee                TIM_ETR_SetConfig
 .text.TIM_CCxChannelCmd
                0x0000000008004c2c       0x48 ./Drivers/STM32F1xx_HAL_Driver/Src/stm32f1xx_hal_tim.o
                0x0000000008004c2c                TIM_CCxChannelCmd
 .text.HAL_TIMEx_MasterConfigSynchronization
                0x0000000008004c74       0xd8 ./Drivers/STM32F1xx_HAL_Driver/Src/stm32f1xx_hal_tim_ex.o
                0x0000000008004c74                HAL_TIMEx_MasterConfigSynchronization
 .text.HAL_TIMEx_ConfigBreakDeadTime
                0x0000000008004d4c       0xa2 ./Drivers/STM32F1xx_HAL_Driver/Src/stm32f1xx_hal_tim_ex.o
                0x0000000008004d4c                HAL_TIMEx_ConfigBreakDeadTime
 .text.HAL_TIMEx_CommutCallback
                0x0000000008004dee       0x12 ./Drivers/STM32F1xx_HAL_Driver/Src/stm32f1xx_hal_tim_ex.o
                0x0000000008004dee                HAL_TIMEx_CommutCallback
 .text.HAL_TIMEx_BreakCallback
                0x0000000008004e00       0x12 ./Drivers/STM32F1xx_HAL_Driver/Src/stm32f1xx_hal_tim_ex.o
                0x0000000008004e00                HAL_TIMEx_BreakCallback
 .text.HAL_UART_Init
                0x0000000008004e12       0xa0 ./Drivers/STM32F1xx_HAL_Driver/Src/stm32f1xx_hal_uart.o
                0x0000000008004e12                HAL_UART_Init
 .text.HAL_UART_Transmit
                0x0000000008004eb2      0x116 ./Drivers/STM32F1xx_HAL_Driver/Src/stm32f1xx_hal_uart.o
                0x0000000008004eb2                HAL_UART_Transmit
 .text.UART_WaitOnFlagUntilTimeout
                0x0000000008004fc8       0xb2 ./Drivers/STM32F1xx_HAL_Driver/Src/stm32f1xx_hal_uart.o
 .text.UART_EndRxTransfer
                0x000000000800507a       0xc4 ./Drivers/STM32F1xx_HAL_Driver/Src/stm32f1xx_hal_uart.o
 *fill*         0x000000000800513e        0x2 
 .text.UART_SetConfig
                0x0000000008005140      0x11c ./Drivers/STM32F1xx_HAL_Driver/Src/stm32f1xx_hal_uart.o
 .text.USB_CoreInit
                0x000000000800525c       0x1a ./Drivers/STM32F1xx_HAL_Driver/Src/stm32f1xx_ll_usb.o
                0x000000000800525c                USB_CoreInit
 .text.USB_DisableGlobalInt
                0x0000000008005276       0x34 ./Drivers/STM32F1xx_HAL_Driver/Src/stm32f1xx_ll_usb.o
                0x0000000008005276                USB_DisableGlobalInt
 .text.USB_SetCurrentMode
                0x00000000080052aa       0x18 ./Drivers/STM32F1xx_HAL_Driver/Src/stm32f1xx_ll_usb.o
                0x00000000080052aa                USB_SetCurrentMode
 .text.USB_DevInit
                0x00000000080052c2       0x3a ./Drivers/STM32F1xx_HAL_Driver/Src/stm32f1xx_ll_usb.o
                0x00000000080052c2                USB_DevInit
 .text.USB_DevDisconnect
                0x00000000080052fc       0x14 ./Drivers/STM32F1xx_HAL_Driver/Src/stm32f1xx_ll_usb.o
                0x00000000080052fc                USB_DevDisconnect
 .text.sprintf  0x0000000008005310       0x40 D:/ST/STM32CubeIDE_1.12.0/STM32CubeIDE/plugins/com.st.stm32cube.ide.mcu.externaltools.gnu-tools-for-stm32.11.3.rel1.win32_1.1.1.202309131626/tools/bin/../lib/gcc/arm-none-eabi/11.3.1/../../../../arm-none-eabi/lib/thumb/v7-m/nofp\libc_nano.a(libc_a-sprintf.o)
                0x0000000008005310                siprintf
                0x0000000008005310                sprintf
 .text.memset   0x0000000008005350       0x10 D:/ST/STM32CubeIDE_1.12.0/STM32CubeIDE/plugins/com.st.stm32cube.ide.mcu.externaltools.gnu-tools-for-stm32.11.3.rel1.win32_1.1.1.202309131626/tools/bin/../lib/gcc/arm-none-eabi/11.3.1/../../../../arm-none-eabi/lib/thumb/v7-m/nofp\libc_nano.a(libc_a-memset.o)
                0x0000000008005350                memset
 .text.__errno  0x0000000008005360        0xc D:/ST/STM32CubeIDE_1.12.0/STM32CubeIDE/plugins/com.st.stm32cube.ide.mcu.externaltools.gnu-tools-for-stm32.11.3.rel1.win32_1.1.1.202309131626/tools/bin/../lib/gcc/arm-none-eabi/11.3.1/../../../../arm-none-eabi/lib/thumb/v7-m/nofp\libc_nano.a(libc_a-errno.o)
                0x0000000008005360                __errno
 .text.__libc_init_array
                0x000000000800536c       0x48 D:/ST/STM32CubeIDE_1.12.0/STM32CubeIDE/plugins/com.st.stm32cube.ide.mcu.externaltools.gnu-tools-for-stm32.11.3.rel1.win32_1.1.1.202309131626/tools/bin/../lib/gcc/arm-none-eabi/11.3.1/../../../../arm-none-eabi/lib/thumb/v7-m/nofp\libc_nano.a(libc_a-init.o)
                0x000000000800536c                __libc_init_array
 .text.__retarget_lock_acquire_recursive
                0x00000000080053b4        0x2 D:/ST/STM32CubeIDE_1.12.0/STM32CubeIDE/plugins/com.st.stm32cube.ide.mcu.externaltools.gnu-tools-for-stm32.11.3.rel1.win32_1.1.1.202309131626/tools/bin/../lib/gcc/arm-none-eabi/11.3.1/../../../../arm-none-eabi/lib/thumb/v7-m/nofp\libc_nano.a(libc_a-lock.o)
                0x00000000080053b4                __retarget_lock_acquire_recursive
 .text.__retarget_lock_release_recursive
                0x00000000080053b6        0x2 D:/ST/STM32CubeIDE_1.12.0/STM32CubeIDE/plugins/com.st.stm32cube.ide.mcu.externaltools.gnu-tools-for-stm32.11.3.rel1.win32_1.1.1.202309131626/tools/bin/../lib/gcc/arm-none-eabi/11.3.1/../../../../arm-none-eabi/lib/thumb/v7-m/nofp\libc_nano.a(libc_a-lock.o)
                0x00000000080053b6                __retarget_lock_release_recursive
 .text.memcpy   0x00000000080053b8       0x1c D:/ST/STM32CubeIDE_1.12.0/STM32CubeIDE/plugins/com.st.stm32cube.ide.mcu.externaltools.gnu-tools-for-stm32.11.3.rel1.win32_1.1.1.202309131626/tools/bin/../lib/gcc/arm-none-eabi/11.3.1/../../../../arm-none-eabi/lib/thumb/v7-m/nofp\libc_nano.a(libc_a-memcpy-stub.o)
                0x00000000080053b8                memcpy
 .text._free_r  0x00000000080053d4       0x90 D:/ST/STM32CubeIDE_1.12.0/STM32CubeIDE/plugins/com.st.stm32cube.ide.mcu.externaltools.gnu-tools-for-stm32.11.3.rel1.win32_1.1.1.202309131626/tools/bin/../lib/gcc/arm-none-eabi/11.3.1/../../../../arm-none-eabi/lib/thumb/v7-m/nofp\libc_nano.a(libc_a-freer.o)
                0x00000000080053d4                _free_r
 .text.sbrk_aligned
                0x0000000008005464       0x40 D:/ST/STM32CubeIDE_1.12.0/STM32CubeIDE/plugins/com.st.stm32cube.ide.mcu.externaltools.gnu-tools-for-stm32.11.3.rel1.win32_1.1.1.202309131626/tools/bin/../lib/gcc/arm-none-eabi/11.3.1/../../../../arm-none-eabi/lib/thumb/v7-m/nofp\libc_nano.a(libc_a-mallocr.o)
 .text._malloc_r
                0x00000000080054a4      0x100 D:/ST/STM32CubeIDE_1.12.0/STM32CubeIDE/plugins/com.st.stm32cube.ide.mcu.externaltools.gnu-tools-for-stm32.11.3.rel1.win32_1.1.1.202309131626/tools/bin/../lib/gcc/arm-none-eabi/11.3.1/../../../../arm-none-eabi/lib/thumb/v7-m/nofp\libc_nano.a(libc_a-mallocr.o)
                0x00000000080054a4                _malloc_r
 .text.__malloc_lock
                0x00000000080055a4        0xc D:/ST/STM32CubeIDE_1.12.0/STM32CubeIDE/plugins/com.st.stm32cube.ide.mcu.externaltools.gnu-tools-for-stm32.11.3.rel1.win32_1.1.1.202309131626/tools/bin/../lib/gcc/arm-none-eabi/11.3.1/../../../../arm-none-eabi/lib/thumb/v7-m/nofp\libc_nano.a(libc_a-mlock.o)
                0x00000000080055a4                __malloc_lock
 .text.__malloc_unlock
                0x00000000080055b0        0xc D:/ST/STM32CubeIDE_1.12.0/STM32CubeIDE/plugins/com.st.stm32cube.ide.mcu.externaltools.gnu-tools-for-stm32.11.3.rel1.win32_1.1.1.202309131626/tools/bin/../lib/gcc/arm-none-eabi/11.3.1/../../../../arm-none-eabi/lib/thumb/v7-m/nofp\libc_nano.a(libc_a-mlock.o)
                0x00000000080055b0                __malloc_unlock
 .text.__ssputs_r
                0x00000000080055bc       0xb4 D:/ST/STM32CubeIDE_1.12.0/STM32CubeIDE/plugins/com.st.stm32cube.ide.mcu.externaltools.gnu-tools-for-stm32.11.3.rel1.win32_1.1.1.202309131626/tools/bin/../lib/gcc/arm-none-eabi/11.3.1/../../../../arm-none-eabi/lib/thumb/v7-m/nofp\libc_nano.a(libc_a-nano-svfprintf.o)
                0x00000000080055bc                __ssputs_r
 .text._svfprintf_r
                0x0000000008005670      0x1fc D:/ST/STM32CubeIDE_1.12.0/STM32CubeIDE/plugins/com.st.stm32cube.ide.mcu.externaltools.gnu-tools-for-stm32.11.3.rel1.win32_1.1.1.202309131626/tools/bin/../lib/gcc/arm-none-eabi/11.3.1/../../../../arm-none-eabi/lib/thumb/v7-m/nofp\libc_nano.a(libc_a-nano-svfprintf.o)
                0x0000000008005670                _svfiprintf_r
                0x0000000008005670                _svfprintf_r
 .text._printf_common
                0x000000000800586c       0xe4 D:/ST/STM32CubeIDE_1.12.0/STM32CubeIDE/plugins/com.st.stm32cube.ide.mcu.externaltools.gnu-tools-for-stm32.11.3.rel1.win32_1.1.1.202309131626/tools/bin/../lib/gcc/arm-none-eabi/11.3.1/../../../../arm-none-eabi/lib/thumb/v7-m/nofp\libc_nano.a(libc_a-nano-vfprintf_i.o)
                0x000000000800586c                _printf_common
 .text._printf_i
                0x0000000008005950      0x244 D:/ST/STM32CubeIDE_1.12.0/STM32CubeIDE/plugins/com.st.stm32cube.ide.mcu.externaltools.gnu-tools-for-stm32.11.3.rel1.win32_1.1.1.202309131626/tools/bin/../lib/gcc/arm-none-eabi/11.3.1/../../../../arm-none-eabi/lib/thumb/v7-m/nofp\libc_nano.a(libc_a-nano-vfprintf_i.o)
                0x0000000008005950                _printf_i
 .text.memmove  0x0000000008005b94       0x34 D:/ST/STM32CubeIDE_1.12.0/STM32CubeIDE/plugins/com.st.stm32cube.ide.mcu.externaltools.gnu-tools-for-stm32.11.3.rel1.win32_1.1.1.202309131626/tools/bin/../lib/gcc/arm-none-eabi/11.3.1/../../../../arm-none-eabi/lib/thumb/v7-m/nofp\libc_nano.a(libc_a-memmove.o)
                0x0000000008005b94                memmove
 .text._sbrk_r  0x0000000008005bc8       0x20 D:/ST/STM32CubeIDE_1.12.0/STM32CubeIDE/plugins/com.st.stm32cube.ide.mcu.externaltools.gnu-tools-for-stm32.11.3.rel1.win32_1.1.1.202309131626/tools/bin/../lib/gcc/arm-none-eabi/11.3.1/../../../../arm-none-eabi/lib/thumb/v7-m/nofp\libc_nano.a(libc_a-sbrkr.o)
                0x0000000008005bc8                _sbrk_r
 .text.memchr   0x0000000008005be8       0x1c D:/ST/STM32CubeIDE_1.12.0/STM32CubeIDE/plugins/com.st.stm32cube.ide.mcu.externaltools.gnu-tools-for-stm32.11.3.rel1.win32_1.1.1.202309131626/tools/bin/../lib/gcc/arm-none-eabi/11.3.1/../../../../arm-none-eabi/lib/thumb/v7-m/nofp\libc_nano.a(libc_a-memchr-stub.o)
                0x0000000008005be8                memchr
 .text._realloc_r
                0x0000000008005c04       0x5e D:/ST/STM32CubeIDE_1.12.0/STM32CubeIDE/plugins/com.st.stm32cube.ide.mcu.externaltools.gnu-tools-for-stm32.11.3.rel1.win32_1.1.1.202309131626/tools/bin/../lib/gcc/arm-none-eabi/11.3.1/../../../../arm-none-eabi/lib/thumb/v7-m/nofp\libc_nano.a(libc_a-reallocr.o)
                0x0000000008005c04                _realloc_r
 .text._malloc_usable_size_r
                0x0000000008005c62       0x10 D:/ST/STM32CubeIDE_1.12.0/STM32CubeIDE/plugins/com.st.stm32cube.ide.mcu.externaltools.gnu-tools-for-stm32.11.3.rel1.win32_1.1.1.202309131626/tools/bin/../lib/gcc/arm-none-eabi/11.3.1/../../../../arm-none-eabi/lib/thumb/v7-m/nofp\libc_nano.a(libc_a-msizer.o)
                0x0000000008005c62                _malloc_usable_size_r
 *(.glue_7)
 .glue_7        0x0000000008005c72        0x0 linker stubs
 *(.glue_7t)
 .glue_7t       0x0000000008005c72        0x0 linker stubs
 *(.eh_frame)
 *fill*         0x0000000008005c72        0x2 
 .eh_frame      0x0000000008005c74        0x0 D:/ST/STM32CubeIDE_1.12.0/STM32CubeIDE/plugins/com.st.stm32cube.ide.mcu.externaltools.gnu-tools-for-stm32.11.3.rel1.win32_1.1.1.202309131626/tools/bin/../lib/gcc/arm-none-eabi/11.3.1/thumb/v7-m/nofp/crtbegin.o
 *(.init)
 .init          0x0000000008005c74        0x4 D:/ST/STM32CubeIDE_1.12.0/STM32CubeIDE/plugins/com.st.stm32cube.ide.mcu.externaltools.gnu-tools-for-stm32.11.3.rel1.win32_1.1.1.202309131626/tools/bin/../lib/gcc/arm-none-eabi/11.3.1/thumb/v7-m/nofp/crti.o
                0x0000000008005c74                _init
 .init          0x0000000008005c78        0x8 D:/ST/STM32CubeIDE_1.12.0/STM32CubeIDE/plugins/com.st.stm32cube.ide.mcu.externaltools.gnu-tools-for-stm32.11.3.rel1.win32_1.1.1.202309131626/tools/bin/../lib/gcc/arm-none-eabi/11.3.1/thumb/v7-m/nofp/crtn.o
 *(.fini)
 .fini          0x0000000008005c80        0x4 D:/ST/STM32CubeIDE_1.12.0/STM32CubeIDE/plugins/com.st.stm32cube.ide.mcu.externaltools.gnu-tools-for-stm32.11.3.rel1.win32_1.1.1.202309131626/tools/bin/../lib/gcc/arm-none-eabi/11.3.1/thumb/v7-m/nofp/crti.o
                0x0000000008005c80                _fini
 .fini          0x0000000008005c84        0x8 D:/ST/STM32CubeIDE_1.12.0/STM32CubeIDE/plugins/com.st.stm32cube.ide.mcu.externaltools.gnu-tools-for-stm32.11.3.rel1.win32_1.1.1.202309131626/tools/bin/../lib/gcc/arm-none-eabi/11.3.1/thumb/v7-m/nofp/crtn.o
                0x0000000008005c8c                . = ALIGN (0x4)
                0x0000000008005c8c                _etext = .

.vfp11_veneer   0x0000000008005c8c        0x0
 .vfp11_veneer  0x0000000008005c8c        0x0 linker stubs

.v4_bx          0x0000000008005c8c        0x0
 .v4_bx         0x0000000008005c8c        0x0 linker stubs

.iplt           0x0000000008005c8c        0x0
 .iplt          0x0000000008005c8c        0x0 D:/ST/STM32CubeIDE_1.12.0/STM32CubeIDE/plugins/com.st.stm32cube.ide.mcu.externaltools.gnu-tools-for-stm32.11.3.rel1.win32_1.1.1.202309131626/tools/bin/../lib/gcc/arm-none-eabi/11.3.1/thumb/v7-m/nofp/crtbegin.o

.rodata         0x0000000008005c8c       0x94
                0x0000000008005c8c                . = ALIGN (0x4)
 *(.rodata)
 .rodata        0x0000000008005c8c       0x1d ./Core/Src/main.o
 *(.rodata*)
 *fill*         0x0000000008005ca9        0x3 
 .rodata.AHBPrescTable
                0x0000000008005cac       0x10 ./Core/Src/system_stm32f1xx.o
                0x0000000008005cac                AHBPrescTable
 .rodata.APBPrescTable
                0x0000000008005cbc        0x8 ./Core/Src/system_stm32f1xx.o
                0x0000000008005cbc                APBPrescTable
 .rodata.aPLLMULFactorTable.1
                0x0000000008005cc4       0x10 ./Drivers/STM32F1xx_HAL_Driver/Src/stm32f1xx_hal_rcc.o
 .rodata.aPredivFactorTable.0
                0x0000000008005cd4        0x2 ./Drivers/STM32F1xx_HAL_Driver/Src/stm32f1xx_hal_rcc.o
 *fill*         0x0000000008005cd6        0x2 
 .rodata.aPLLMULFactorTable.1
                0x0000000008005cd8       0x10 ./Drivers/STM32F1xx_HAL_Driver/Src/stm32f1xx_hal_rcc_ex.o
 .rodata.aPredivFactorTable.0
                0x0000000008005ce8        0x2 ./Drivers/STM32F1xx_HAL_Driver/Src/stm32f1xx_hal_rcc_ex.o
 .rodata._svfprintf_r.str1.1
                0x0000000008005cea       0x11 D:/ST/STM32CubeIDE_1.12.0/STM32CubeIDE/plugins/com.st.stm32cube.ide.mcu.externaltools.gnu-tools-for-stm32.11.3.rel1.win32_1.1.1.202309131626/tools/bin/../lib/gcc/arm-none-eabi/11.3.1/../../../../arm-none-eabi/lib/thumb/v7-m/nofp\libc_nano.a(libc_a-nano-svfprintf.o)
 .rodata._printf_i.str1.1
                0x0000000008005cfb       0x22 D:/ST/STM32CubeIDE_1.12.0/STM32CubeIDE/plugins/com.st.stm32cube.ide.mcu.externaltools.gnu-tools-for-stm32.11.3.rel1.win32_1.1.1.202309131626/tools/bin/../lib/gcc/arm-none-eabi/11.3.1/../../../../arm-none-eabi/lib/thumb/v7-m/nofp\libc_nano.a(libc_a-nano-vfprintf_i.o)
                0x0000000008005d20                . = ALIGN (0x4)
 *fill*         0x0000000008005d1d        0x3 

.rel.dyn        0x0000000008005d20        0x0
 .rel.iplt      0x0000000008005d20        0x0 D:/ST/STM32CubeIDE_1.12.0/STM32CubeIDE/plugins/com.st.stm32cube.ide.mcu.externaltools.gnu-tools-for-stm32.11.3.rel1.win32_1.1.1.202309131626/tools/bin/../lib/gcc/arm-none-eabi/11.3.1/thumb/v7-m/nofp/crtbegin.o

.ARM.extab      0x0000000008005d20        0x0
                0x0000000008005d20                . = ALIGN (0x4)
 *(.ARM.extab* .gnu.linkonce.armextab.*)
                0x0000000008005d20                . = ALIGN (0x4)

.ARM            0x0000000008005d20        0x0
                0x0000000008005d20                . = ALIGN (0x4)
                0x0000000008005d20                __exidx_start = .
 *(.ARM.exidx*)
                0x0000000008005d20                __exidx_end = .
                0x0000000008005d20                . = ALIGN (0x4)

.preinit_array  0x0000000008005d20        0x0
                0x0000000008005d20                . = ALIGN (0x4)
                0x0000000008005d20                PROVIDE (__preinit_array_start = .)
 *(.preinit_array*)
                0x0000000008005d20                PROVIDE (__preinit_array_end = .)
                0x0000000008005d20                . = ALIGN (0x4)

.init_array     0x0000000008005d20        0x4
                0x0000000008005d20                . = ALIGN (0x4)
                0x0000000008005d20                PROVIDE (__init_array_start = .)
 *(SORT_BY_NAME(.init_array.*))
 *(.init_array*)
 .init_array    0x0000000008005d20        0x4 D:/ST/STM32CubeIDE_1.12.0/STM32CubeIDE/plugins/com.st.stm32cube.ide.mcu.externaltools.gnu-tools-for-stm32.11.3.rel1.win32_1.1.1.202309131626/tools/bin/../lib/gcc/arm-none-eabi/11.3.1/thumb/v7-m/nofp/crtbegin.o
                0x0000000008005d24                PROVIDE (__init_array_end = .)
                0x0000000008005d24                . = ALIGN (0x4)

.fini_array     0x0000000008005d24        0x4
                0x0000000008005d24                . = ALIGN (0x4)
                [!provide]                        PROVIDE (__fini_array_start = .)
 *(SORT_BY_NAME(.fini_array.*))
 *(.fini_array*)
 .fini_array    0x0000000008005d24        0x4 D:/ST/STM32CubeIDE_1.12.0/STM32CubeIDE/plugins/com.st.stm32cube.ide.mcu.externaltools.gnu-tools-for-stm32.11.3.rel1.win32_1.1.1.202309131626/tools/bin/../lib/gcc/arm-none-eabi/11.3.1/thumb/v7-m/nofp/crtbegin.o
                [!provide]                        PROVIDE (__fini_array_end = .)
                0x0000000008005d28                . = ALIGN (0x4)
                0x0000000008005d28                _sidata = LOADADDR (.data)

.data           0x0000000020000000       0x5c load address 0x0000000008005d28
                0x0000000020000000                . = ALIGN (0x4)
                0x0000000020000000                _sdata = .
 *(.data)
 *(.data*)
 .data.SystemCoreClock
                0x0000000020000000        0x4 ./Core/Src/system_stm32f1xx.o
                0x0000000020000000                SystemCoreClock
 .data.uwTickPrio
                0x0000000020000004        0x4 ./Drivers/STM32F1xx_HAL_Driver/Src/stm32f1xx_hal.o
                0x0000000020000004                uwTickPrio
 .data.uwTickFreq
                0x0000000020000008        0x1 ./Drivers/STM32F1xx_HAL_Driver/Src/stm32f1xx_hal.o
                0x0000000020000008                uwTickFreq
 *fill*         0x0000000020000009        0x3 
 .data._impure_data
                0x000000002000000c       0x4c D:/ST/STM32CubeIDE_1.12.0/STM32CubeIDE/plugins/com.st.stm32cube.ide.mcu.externaltools.gnu-tools-for-stm32.11.3.rel1.win32_1.1.1.202309131626/tools/bin/../lib/gcc/arm-none-eabi/11.3.1/../../../../arm-none-eabi/lib/thumb/v7-m/nofp\libc_nano.a(libc_a-impure.o)
                0x000000002000000c                _impure_data
 .data._impure_ptr
                0x0000000020000058        0x4 D:/ST/STM32CubeIDE_1.12.0/STM32CubeIDE/plugins/com.st.stm32cube.ide.mcu.externaltools.gnu-tools-for-stm32.11.3.rel1.win32_1.1.1.202309131626/tools/bin/../lib/gcc/arm-none-eabi/11.3.1/../../../../arm-none-eabi/lib/thumb/v7-m/nofp\libc_nano.a(libc_a-impure.o)
                0x0000000020000058                _impure_ptr
 *(.RamFunc)
 *(.RamFunc*)
                0x000000002000005c                . = ALIGN (0x4)
                0x000000002000005c                _edata = .

.igot.plt       0x000000002000005c        0x0 load address 0x0000000008005d84
 .igot.plt      0x000000002000005c        0x0 D:/ST/STM32CubeIDE_1.12.0/STM32CubeIDE/plugins/com.st.stm32cube.ide.mcu.externaltools.gnu-tools-for-stm32.11.3.rel1.win32_1.1.1.202309131626/tools/bin/../lib/gcc/arm-none-eabi/11.3.1/thumb/v7-m/nofp/crtbegin.o
                0x000000002000005c                . = ALIGN (0x4)

.bss            0x000000002000005c      0x830 load address 0x0000000008005d84
                0x000000002000005c                _sbss = .
                0x000000002000005c                __bss_start__ = _sbss
 *(.bss)
 .bss           0x000000002000005c       0x1c D:/ST/STM32CubeIDE_1.12.0/STM32CubeIDE/plugins/com.st.stm32cube.ide.mcu.externaltools.gnu-tools-for-stm32.11.3.rel1.win32_1.1.1.202309131626/tools/bin/../lib/gcc/arm-none-eabi/11.3.1/thumb/v7-m/nofp/crtbegin.o
 *(.bss*)
 .bss.hcan      0x0000000020000078       0x28 ./Core/Src/hw_can.o
                0x0000000020000078                hcan
 .bss.hdac      0x00000000200000a0       0x14 ./Core/Src/hw_dac.o
                0x00000000200000a0                hdac
 .bss.hi2c1     0x00000000200000b4       0x54 ./Core/Src/hw_i2c.o
                0x00000000200000b4                hi2c1
 .bss.hi2c2     0x0000000020000108       0x54 ./Core/Src/hw_i2c.o
                0x0000000020000108                hi2c2
 .bss.hrtc      0x000000002000015c       0x14 ./Core/Src/hw_rtc.o
                0x000000002000015c                hrtc
 .bss.hspi2     0x0000000020000170       0x58 ./Core/Src/hw_spi.o
                0x0000000020000170                hspi2
 .bss.htim1     0x00000000200001c8       0x48 ./Core/Src/hw_tim.o
                0x00000000200001c8                htim1
 .bss.htim2     0x0000000020000210       0x48 ./Core/Src/hw_tim.o
                0x0000000020000210                htim2
 .bss.htim4     0x0000000020000258       0x48 ./Core/Src/hw_tim.o
                0x0000000020000258                htim4
 .bss.htim8     0x00000000200002a0       0x48 ./Core/Src/hw_tim.o
                0x00000000200002a0                htim8
 .bss.timer_100ms_flag
                0x00000000200002e8        0x1 ./Core/Src/hw_tim.o
                0x00000000200002e8                timer_100ms_flag
 *fill*         0x00000000200002e9        0x3 
 .bss.led_counter.0
                0x00000000200002ec        0x4 ./Core/Src/hw_tim.o
 .bss.huart1    0x00000000200002f0       0x48 ./Core/Src/hw_uart.o
                0x00000000200002f0                huart1
 .bss.huart2    0x0000000020000338       0x48 ./Core/Src/hw_uart.o
                0x0000000020000338                huart2
 .bss.huart3    0x0000000020000380       0x48 ./Core/Src/hw_uart.o
                0x0000000020000380                huart3
 .bss.huart4    0x00000000200003c8       0x48 ./Core/Src/hw_uart.o
                0x00000000200003c8                huart4
 .bss.huart5    0x0000000020000410       0x48 ./Core/Src/hw_uart.o
                0x0000000020000410                huart5
 .bss.hpcd_USB_FS
                0x0000000020000458      0x2d8 ./Core/Src/hw_usb.o
                0x0000000020000458                hpcd_USB_FS
 .bss.rs485_ch3
                0x0000000020000730        0xc ./Core/Src/main.o
                0x0000000020000730                rs485_ch3
 .bss.__sbrk_heap_end
                0x000000002000073c        0x4 ./Core/Src/sysmem.o
 .bss.uwTick    0x0000000020000740        0x4 ./Drivers/STM32F1xx_HAL_Driver/Src/stm32f1xx_hal.o
                0x0000000020000740                uwTick
 .bss.__sf      0x0000000020000744      0x138 D:/ST/STM32CubeIDE_1.12.0/STM32CubeIDE/plugins/com.st.stm32cube.ide.mcu.externaltools.gnu-tools-for-stm32.11.3.rel1.win32_1.1.1.202309131626/tools/bin/../lib/gcc/arm-none-eabi/11.3.1/../../../../arm-none-eabi/lib/thumb/v7-m/nofp\libc_nano.a(libc_a-findfp.o)
                0x0000000020000744                __sf
 .bss.errno     0x000000002000087c        0x4 D:/ST/STM32CubeIDE_1.12.0/STM32CubeIDE/plugins/com.st.stm32cube.ide.mcu.externaltools.gnu-tools-for-stm32.11.3.rel1.win32_1.1.1.202309131626/tools/bin/../lib/gcc/arm-none-eabi/11.3.1/../../../../arm-none-eabi/lib/thumb/v7-m/nofp\libc_nano.a(libc_a-reent.o)
                0x000000002000087c                errno
 .bss.__lock___malloc_recursive_mutex
                0x0000000020000880        0x1 D:/ST/STM32CubeIDE_1.12.0/STM32CubeIDE/plugins/com.st.stm32cube.ide.mcu.externaltools.gnu-tools-for-stm32.11.3.rel1.win32_1.1.1.202309131626/tools/bin/../lib/gcc/arm-none-eabi/11.3.1/../../../../arm-none-eabi/lib/thumb/v7-m/nofp\libc_nano.a(libc_a-lock.o)
                0x0000000020000880                __lock___malloc_recursive_mutex
 *fill*         0x0000000020000881        0x3 
 .bss.__malloc_free_list
                0x0000000020000884        0x4 D:/ST/STM32CubeIDE_1.12.0/STM32CubeIDE/plugins/com.st.stm32cube.ide.mcu.externaltools.gnu-tools-for-stm32.11.3.rel1.win32_1.1.1.202309131626/tools/bin/../lib/gcc/arm-none-eabi/11.3.1/../../../../arm-none-eabi/lib/thumb/v7-m/nofp\libc_nano.a(libc_a-mallocr.o)
                0x0000000020000884                __malloc_free_list
 .bss.__malloc_sbrk_start
                0x0000000020000888        0x4 D:/ST/STM32CubeIDE_1.12.0/STM32CubeIDE/plugins/com.st.stm32cube.ide.mcu.externaltools.gnu-tools-for-stm32.11.3.rel1.win32_1.1.1.202309131626/tools/bin/../lib/gcc/arm-none-eabi/11.3.1/../../../../arm-none-eabi/lib/thumb/v7-m/nofp\libc_nano.a(libc_a-mallocr.o)
                0x0000000020000888                __malloc_sbrk_start
 *(COMMON)
                0x000000002000088c                . = ALIGN (0x4)
                0x000000002000088c                _ebss = .
                0x000000002000088c                __bss_end__ = _ebss

._user_heap_stack
                0x000000002000088c      0x604 load address 0x0000000008005d84
                0x0000000020000890                . = ALIGN (0x8)
 *fill*         0x000000002000088c        0x4 
                [!provide]                        PROVIDE (end = .)
                0x0000000020000890                PROVIDE (_end = .)
                0x0000000020000a90                . = (. + _Min_Heap_Size)
 *fill*         0x0000000020000890      0x200 
                0x0000000020000e90                . = (. + _Min_Stack_Size)
 *fill*         0x0000000020000a90      0x400 
                0x0000000020000e90                . = ALIGN (0x8)

/DISCARD/
 libc.a(*)
 libm.a(*)
 libgcc.a(*)

.ARM.attributes
                0x0000000000000000       0x29
 *(.ARM.attributes)
 .ARM.attributes
                0x0000000000000000       0x1d D:/ST/STM32CubeIDE_1.12.0/STM32CubeIDE/plugins/com.st.stm32cube.ide.mcu.externaltools.gnu-tools-for-stm32.11.3.rel1.win32_1.1.1.202309131626/tools/bin/../lib/gcc/arm-none-eabi/11.3.1/thumb/v7-m/nofp/crti.o
 .ARM.attributes
                0x000000000000001d       0x2d D:/ST/STM32CubeIDE_1.12.0/STM32CubeIDE/plugins/com.st.stm32cube.ide.mcu.externaltools.gnu-tools-for-stm32.11.3.rel1.win32_1.1.1.202309131626/tools/bin/../lib/gcc/arm-none-eabi/11.3.1/thumb/v7-m/nofp/crtbegin.o
 .ARM.attributes
                0x000000000000004a       0x2d ./Core/Src/hw_can.o
 .ARM.attributes
                0x0000000000000077       0x2d ./Core/Src/hw_dac.o
 .ARM.attributes
                0x00000000000000a4       0x2d ./Core/Src/hw_gpio.o
 .ARM.attributes
                0x00000000000000d1       0x2d ./Core/Src/hw_i2c.o
 .ARM.attributes
                0x00000000000000fe       0x2d ./Core/Src/hw_rs485.o
 .ARM.attributes
                0x000000000000012b       0x2d ./Core/Src/hw_rtc.o
 .ARM.attributes
                0x0000000000000158       0x2d ./Core/Src/hw_spi.o
 .ARM.attributes
                0x0000000000000185       0x2d ./Core/Src/hw_system.o
 .ARM.attributes
                0x00000000000001b2       0x2d ./Core/Src/hw_tim.o
 .ARM.attributes
                0x00000000000001df       0x2d ./Core/Src/hw_uart.o
 .ARM.attributes
                0x000000000000020c       0x2d ./Core/Src/hw_usb.o
 .ARM.attributes
                0x0000000000000239       0x2d ./Core/Src/main.o
 .ARM.attributes
                0x0000000000000266       0x2d ./Core/Src/stm32f1xx_hal_msp.o
 .ARM.attributes
                0x0000000000000293       0x2d ./Core/Src/stm32f1xx_it.o
 .ARM.attributes
                0x00000000000002c0       0x2d ./Core/Src/sysmem.o
 .ARM.attributes
                0x00000000000002ed       0x2d ./Core/Src/system_stm32f1xx.o
 .ARM.attributes
                0x000000000000031a       0x21 ./Core/Startup/startup_stm32f103vctx.o
 .ARM.attributes
                0x000000000000033b       0x2d ./Drivers/STM32F1xx_HAL_Driver/Src/stm32f1xx_hal.o
 .ARM.attributes
                0x0000000000000368       0x2d ./Drivers/STM32F1xx_HAL_Driver/Src/stm32f1xx_hal_can.o
 .ARM.attributes
                0x0000000000000395       0x2d ./Drivers/STM32F1xx_HAL_Driver/Src/stm32f1xx_hal_cortex.o
 .ARM.attributes
                0x00000000000003c2       0x2d ./Drivers/STM32F1xx_HAL_Driver/Src/stm32f1xx_hal_dac.o
 .ARM.attributes
                0x00000000000003ef       0x2d ./Drivers/STM32F1xx_HAL_Driver/Src/stm32f1xx_hal_gpio.o
 .ARM.attributes
                0x000000000000041c       0x2d ./Drivers/STM32F1xx_HAL_Driver/Src/stm32f1xx_hal_i2c.o
 .ARM.attributes
                0x0000000000000449       0x2d ./Drivers/STM32F1xx_HAL_Driver/Src/stm32f1xx_hal_pcd.o
 .ARM.attributes
                0x0000000000000476       0x2d ./Drivers/STM32F1xx_HAL_Driver/Src/stm32f1xx_hal_pwr.o
 .ARM.attributes
                0x00000000000004a3       0x2d ./Drivers/STM32F1xx_HAL_Driver/Src/stm32f1xx_hal_rcc.o
 .ARM.attributes
                0x00000000000004d0       0x2d ./Drivers/STM32F1xx_HAL_Driver/Src/stm32f1xx_hal_rcc_ex.o
 .ARM.attributes
                0x00000000000004fd       0x2d ./Drivers/STM32F1xx_HAL_Driver/Src/stm32f1xx_hal_rtc.o
 .ARM.attributes
                0x000000000000052a       0x2d ./Drivers/STM32F1xx_HAL_Driver/Src/stm32f1xx_hal_spi.o
 .ARM.attributes
                0x0000000000000557       0x2d ./Drivers/STM32F1xx_HAL_Driver/Src/stm32f1xx_hal_tim.o
 .ARM.attributes
                0x0000000000000584       0x2d ./Drivers/STM32F1xx_HAL_Driver/Src/stm32f1xx_hal_tim_ex.o
 .ARM.attributes
                0x00000000000005b1       0x2d ./Drivers/STM32F1xx_HAL_Driver/Src/stm32f1xx_hal_uart.o
 .ARM.attributes
                0x00000000000005de       0x2d ./Drivers/STM32F1xx_HAL_Driver/Src/stm32f1xx_ll_usb.o
 .ARM.attributes
                0x000000000000060b       0x2d D:/ST/STM32CubeIDE_1.12.0/STM32CubeIDE/plugins/com.st.stm32cube.ide.mcu.externaltools.gnu-tools-for-stm32.11.3.rel1.win32_1.1.1.202309131626/tools/bin/../lib/gcc/arm-none-eabi/11.3.1/../../../../arm-none-eabi/lib/thumb/v7-m/nofp\libc_nano.a(libc_a-findfp.o)
 .ARM.attributes
                0x0000000000000638       0x2d D:/ST/STM32CubeIDE_1.12.0/STM32CubeIDE/plugins/com.st.stm32cube.ide.mcu.externaltools.gnu-tools-for-stm32.11.3.rel1.win32_1.1.1.202309131626/tools/bin/../lib/gcc/arm-none-eabi/11.3.1/../../../../arm-none-eabi/lib/thumb/v7-m/nofp\libc_nano.a(libc_a-sprintf.o)
 .ARM.attributes
                0x0000000000000665       0x2d D:/ST/STM32CubeIDE_1.12.0/STM32CubeIDE/plugins/com.st.stm32cube.ide.mcu.externaltools.gnu-tools-for-stm32.11.3.rel1.win32_1.1.1.202309131626/tools/bin/../lib/gcc/arm-none-eabi/11.3.1/../../../../arm-none-eabi/lib/thumb/v7-m/nofp\libc_nano.a(libc_a-memset.o)
 .ARM.attributes
                0x0000000000000692       0x2d D:/ST/STM32CubeIDE_1.12.0/STM32CubeIDE/plugins/com.st.stm32cube.ide.mcu.externaltools.gnu-tools-for-stm32.11.3.rel1.win32_1.1.1.202309131626/tools/bin/../lib/gcc/arm-none-eabi/11.3.1/../../../../arm-none-eabi/lib/thumb/v7-m/nofp\libc_nano.a(libc_a-reent.o)
 .ARM.attributes
                0x00000000000006bf       0x2d D:/ST/STM32CubeIDE_1.12.0/STM32CubeIDE/plugins/com.st.stm32cube.ide.mcu.externaltools.gnu-tools-for-stm32.11.3.rel1.win32_1.1.1.202309131626/tools/bin/../lib/gcc/arm-none-eabi/11.3.1/../../../../arm-none-eabi/lib/thumb/v7-m/nofp\libc_nano.a(libc_a-impure.o)
 .ARM.attributes
                0x00000000000006ec       0x2d D:/ST/STM32CubeIDE_1.12.0/STM32CubeIDE/plugins/com.st.stm32cube.ide.mcu.externaltools.gnu-tools-for-stm32.11.3.rel1.win32_1.1.1.202309131626/tools/bin/../lib/gcc/arm-none-eabi/11.3.1/../../../../arm-none-eabi/lib/thumb/v7-m/nofp\libc_nano.a(libc_a-errno.o)
 .ARM.attributes
                0x0000000000000719       0x2d D:/ST/STM32CubeIDE_1.12.0/STM32CubeIDE/plugins/com.st.stm32cube.ide.mcu.externaltools.gnu-tools-for-stm32.11.3.rel1.win32_1.1.1.202309131626/tools/bin/../lib/gcc/arm-none-eabi/11.3.1/../../../../arm-none-eabi/lib/thumb/v7-m/nofp\libc_nano.a(libc_a-init.o)
 .ARM.attributes
                0x0000000000000746       0x2d D:/ST/STM32CubeIDE_1.12.0/STM32CubeIDE/plugins/com.st.stm32cube.ide.mcu.externaltools.gnu-tools-for-stm32.11.3.rel1.win32_1.1.1.202309131626/tools/bin/../lib/gcc/arm-none-eabi/11.3.1/../../../../arm-none-eabi/lib/thumb/v7-m/nofp\libc_nano.a(libc_a-lock.o)
 .ARM.attributes
                0x0000000000000773       0x2d D:/ST/STM32CubeIDE_1.12.0/STM32CubeIDE/plugins/com.st.stm32cube.ide.mcu.externaltools.gnu-tools-for-stm32.11.3.rel1.win32_1.1.1.202309131626/tools/bin/../lib/gcc/arm-none-eabi/11.3.1/../../../../arm-none-eabi/lib/thumb/v7-m/nofp\libc_nano.a(libc_a-memcpy-stub.o)
 .ARM.attributes
                0x00000000000007a0       0x17 D:/ST/STM32CubeIDE_1.12.0/STM32CubeIDE/plugins/com.st.stm32cube.ide.mcu.externaltools.gnu-tools-for-stm32.11.3.rel1.win32_1.1.1.202309131626/tools/bin/../lib/gcc/arm-none-eabi/11.3.1/../../../../arm-none-eabi/lib/thumb/v7-m/nofp\libc_nano.a(libc_a-strlen.o)
 .ARM.attributes
                0x00000000000007b7       0x2d D:/ST/STM32CubeIDE_1.12.0/STM32CubeIDE/plugins/com.st.stm32cube.ide.mcu.externaltools.gnu-tools-for-stm32.11.3.rel1.win32_1.1.1.202309131626/tools/bin/../lib/gcc/arm-none-eabi/11.3.1/../../../../arm-none-eabi/lib/thumb/v7-m/nofp\libc_nano.a(libc_a-freer.o)
 .ARM.attributes
                0x00000000000007e4       0x2d D:/ST/STM32CubeIDE_1.12.0/STM32CubeIDE/plugins/com.st.stm32cube.ide.mcu.externaltools.gnu-tools-for-stm32.11.3.rel1.win32_1.1.1.202309131626/tools/bin/../lib/gcc/arm-none-eabi/11.3.1/../../../../arm-none-eabi/lib/thumb/v7-m/nofp\libc_nano.a(libc_a-mallocr.o)
 .ARM.attributes
                0x0000000000000811       0x2d D:/ST/STM32CubeIDE_1.12.0/STM32CubeIDE/plugins/com.st.stm32cube.ide.mcu.externaltools.gnu-tools-for-stm32.11.3.rel1.win32_1.1.1.202309131626/tools/bin/../lib/gcc/arm-none-eabi/11.3.1/../../../../arm-none-eabi/lib/thumb/v7-m/nofp\libc_nano.a(libc_a-mlock.o)
 .ARM.attributes
                0x000000000000083e       0x2d D:/ST/STM32CubeIDE_1.12.0/STM32CubeIDE/plugins/com.st.stm32cube.ide.mcu.externaltools.gnu-tools-for-stm32.11.3.rel1.win32_1.1.1.202309131626/tools/bin/../lib/gcc/arm-none-eabi/11.3.1/../../../../arm-none-eabi/lib/thumb/v7-m/nofp\libc_nano.a(libc_a-nano-svfprintf.o)
 .ARM.attributes
                0x000000000000086b       0x2d D:/ST/STM32CubeIDE_1.12.0/STM32CubeIDE/plugins/com.st.stm32cube.ide.mcu.externaltools.gnu-tools-for-stm32.11.3.rel1.win32_1.1.1.202309131626/tools/bin/../lib/gcc/arm-none-eabi/11.3.1/../../../../arm-none-eabi/lib/thumb/v7-m/nofp\libc_nano.a(libc_a-nano-vfprintf_i.o)
 .ARM.attributes
                0x0000000000000898       0x2d D:/ST/STM32CubeIDE_1.12.0/STM32CubeIDE/plugins/com.st.stm32cube.ide.mcu.externaltools.gnu-tools-for-stm32.11.3.rel1.win32_1.1.1.202309131626/tools/bin/../lib/gcc/arm-none-eabi/11.3.1/../../../../arm-none-eabi/lib/thumb/v7-m/nofp\libc_nano.a(libc_a-memmove.o)
 .ARM.attributes
                0x00000000000008c5       0x2d D:/ST/STM32CubeIDE_1.12.0/STM32CubeIDE/plugins/com.st.stm32cube.ide.mcu.externaltools.gnu-tools-for-stm32.11.3.rel1.win32_1.1.1.202309131626/tools/bin/../lib/gcc/arm-none-eabi/11.3.1/../../../../arm-none-eabi/lib/thumb/v7-m/nofp\libc_nano.a(libc_a-sbrkr.o)
 .ARM.attributes
                0x00000000000008f2       0x2d D:/ST/STM32CubeIDE_1.12.0/STM32CubeIDE/plugins/com.st.stm32cube.ide.mcu.externaltools.gnu-tools-for-stm32.11.3.rel1.win32_1.1.1.202309131626/tools/bin/../lib/gcc/arm-none-eabi/11.3.1/../../../../arm-none-eabi/lib/thumb/v7-m/nofp\libc_nano.a(libc_a-memchr-stub.o)
 .ARM.attributes
                0x000000000000091f       0x2d D:/ST/STM32CubeIDE_1.12.0/STM32CubeIDE/plugins/com.st.stm32cube.ide.mcu.externaltools.gnu-tools-for-stm32.11.3.rel1.win32_1.1.1.202309131626/tools/bin/../lib/gcc/arm-none-eabi/11.3.1/../../../../arm-none-eabi/lib/thumb/v7-m/nofp\libc_nano.a(libc_a-reallocr.o)
 .ARM.attributes
                0x000000000000094c       0x2d D:/ST/STM32CubeIDE_1.12.0/STM32CubeIDE/plugins/com.st.stm32cube.ide.mcu.externaltools.gnu-tools-for-stm32.11.3.rel1.win32_1.1.1.202309131626/tools/bin/../lib/gcc/arm-none-eabi/11.3.1/../../../../arm-none-eabi/lib/thumb/v7-m/nofp\libc_nano.a(libc_a-msizer.o)
 .ARM.attributes
                0x0000000000000979       0x1d D:/ST/STM32CubeIDE_1.12.0/STM32CubeIDE/plugins/com.st.stm32cube.ide.mcu.externaltools.gnu-tools-for-stm32.11.3.rel1.win32_1.1.1.202309131626/tools/bin/../lib/gcc/arm-none-eabi/11.3.1/thumb/v7-m/nofp/crtn.o
OUTPUT(Autoinnotech_AutoCart_STM32F103VCT6_ver.2026-01-11.elf elf32-littlearm)
LOAD linker stubs
LOAD D:/ST/STM32CubeIDE_1.12.0/STM32CubeIDE/plugins/com.st.stm32cube.ide.mcu.externaltools.gnu-tools-for-stm32.11.3.rel1.win32_1.1.1.202309131626/tools/bin/../lib/gcc/arm-none-eabi/11.3.1/../../../../arm-none-eabi/lib/thumb/v7-m/nofp\libc.a
LOAD D:/ST/STM32CubeIDE_1.12.0/STM32CubeIDE/plugins/com.st.stm32cube.ide.mcu.externaltools.gnu-tools-for-stm32.11.3.rel1.win32_1.1.1.202309131626/tools/bin/../lib/gcc/arm-none-eabi/11.3.1/../../../../arm-none-eabi/lib/thumb/v7-m/nofp\libm.a
LOAD D:/ST/STM32CubeIDE_1.12.0/STM32CubeIDE/plugins/com.st.stm32cube.ide.mcu.externaltools.gnu-tools-for-stm32.11.3.rel1.win32_1.1.1.202309131626/tools/bin/../lib/gcc/arm-none-eabi/11.3.1/thumb/v7-m/nofp\libgcc.a

.comment        0x0000000000000000       0x43
 .comment       0x0000000000000000       0x43 D:/ST/STM32CubeIDE_1.12.0/STM32CubeIDE/plugins/com.st.stm32cube.ide.mcu.externaltools.gnu-tools-for-stm32.11.3.rel1.win32_1.1.1.202309131626/tools/bin/../lib/gcc/arm-none-eabi/11.3.1/thumb/v7-m/nofp/crtbegin.o
                                         0x44 (size before relaxing)
 .comment       0x0000000000000043       0x44 ./Core/Src/hw_can.o
 .comment       0x0000000000000043       0x44 ./Core/Src/hw_dac.o
 .comment       0x0000000000000043       0x44 ./Core/Src/hw_gpio.o
 .comment       0x0000000000000043       0x44 ./Core/Src/hw_i2c.o
 .comment       0x0000000000000043       0x44 ./Core/Src/hw_rs485.o
 .comment       0x0000000000000043       0x44 ./Core/Src/hw_rtc.o
 .comment       0x0000000000000043       0x44 ./Core/Src/hw_spi.o
 .comment       0x0000000000000043       0x44 ./Core/Src/hw_system.o
 .comment       0x0000000000000043       0x44 ./Core/Src/hw_tim.o
 .comment       0x0000000000000043       0x44 ./Core/Src/hw_uart.o
 .comment       0x0000000000000043       0x44 ./Core/Src/hw_usb.o
 .comment       0x0000000000000043       0x44 ./Core/Src/main.o
 .comment       0x0000000000000043       0x44 ./Core/Src/stm32f1xx_hal_msp.o
 .comment       0x0000000000000043       0x44 ./Core/Src/stm32f1xx_it.o
 .comment       0x0000000000000043       0x44 ./Core/Src/sysmem.o
 .comment       0x0000000000000043       0x44 ./Core/Src/system_stm32f1xx.o
 .comment       0x0000000000000043       0x44 ./Drivers/STM32F1xx_HAL_Driver/Src/stm32f1xx_hal.o
 .comment       0x0000000000000043       0x44 ./Drivers/STM32F1xx_HAL_Driver/Src/stm32f1xx_hal_can.o
 .comment       0x0000000000000043       0x44 ./Drivers/STM32F1xx_HAL_Driver/Src/stm32f1xx_hal_cortex.o
 .comment       0x0000000000000043       0x44 ./Drivers/STM32F1xx_HAL_Driver/Src/stm32f1xx_hal_dac.o
 .comment       0x0000000000000043       0x44 ./Drivers/STM32F1xx_HAL_Driver/Src/stm32f1xx_hal_gpio.o
 .comment       0x0000000000000043       0x44 ./Drivers/STM32F1xx_HAL_Driver/Src/stm32f1xx_hal_i2c.o
 .comment       0x0000000000000043       0x44 ./Drivers/STM32F1xx_HAL_Driver/Src/stm32f1xx_hal_pcd.o
 .comment       0x0000000000000043       0x44 ./Drivers/STM32F1xx_HAL_Driver/Src/stm32f1xx_hal_pwr.o
 .comment       0x0000000000000043       0x44 ./Drivers/STM32F1xx_HAL_Driver/Src/stm32f1xx_hal_rcc.o
 .comment       0x0000000000000043       0x44 ./Drivers/STM32F1xx_HAL_Driver/Src/stm32f1xx_hal_rcc_ex.o
 .comment       0x0000000000000043       0x44 ./Drivers/STM32F1xx_HAL_Driver/Src/stm32f1xx_hal_rtc.o
 .comment       0x0000000000000043       0x44 ./Drivers/STM32F1xx_HAL_Driver/Src/stm32f1xx_hal_spi.o
 .comment       0x0000000000000043       0x44 ./Drivers/STM32F1xx_HAL_Driver/Src/stm32f1xx_hal_tim.o
 .comment       0x0000000000000043       0x44 ./Drivers/STM32F1xx_HAL_Driver/Src/stm32f1xx_hal_tim_ex.o
 .comment       0x0000000000000043       0x44 ./Drivers/STM32F1xx_HAL_Driver/Src/stm32f1xx_hal_uart.o
 .comment       0x0000000000000043       0x44 ./Drivers/STM32F1xx_HAL_Driver/Src/stm32f1xx_ll_usb.o

.debug_info     0x0000000000000000    0x1abbb
 .debug_info    0x0000000000000000      0x7fe ./Core/Src/hw_can.o
 .debug_info    0x00000000000007fe      0x575 ./Core/Src/hw_dac.o
 .debug_info    0x0000000000000d73      0x364 ./Core/Src/hw_gpio.o
 .debug_info    0x00000000000010d7      0x7eb ./Core/Src/hw_i2c.o
 .debug_info    0x00000000000018c2      0x775 ./Core/Src/hw_rs485.o
 .debug_info    0x0000000000002037      0x403 ./Core/Src/hw_rtc.o
 .debug_info    0x000000000000243a      0x6ea ./Core/Src/hw_spi.o
 .debug_info    0x0000000000002b24      0x35e ./Core/Src/hw_system.o
 .debug_info    0x0000000000002e82      0xbe2 ./Core/Src/hw_tim.o
 .debug_info    0x0000000000003a64      0x6fe ./Core/Src/hw_uart.o
 .debug_info    0x0000000000004162      0x64e ./Core/Src/hw_usb.o
 .debug_info    0x00000000000047b0     0x1078 ./Core/Src/main.o
 .debug_info    0x0000000000005828     0x23d4 ./Core/Src/stm32f1xx_hal_msp.o
 .debug_info    0x0000000000007bfc      0x6a1 ./Core/Src/stm32f1xx_it.o
 .debug_info    0x000000000000829d      0x168 ./Core/Src/sysmem.o
 .debug_info    0x0000000000008405      0x222 ./Core/Src/system_stm32f1xx.o
 .debug_info    0x0000000000008627       0x23 ./Core/Startup/startup_stm32f103vctx.o
 .debug_info    0x000000000000864a      0x76a ./Drivers/STM32F1xx_HAL_Driver/Src/stm32f1xx_hal.o
 .debug_info    0x0000000000008db4      0xf0f ./Drivers/STM32F1xx_HAL_Driver/Src/stm32f1xx_hal_can.o
 .debug_info    0x0000000000009cc3      0xaed ./Drivers/STM32F1xx_HAL_Driver/Src/stm32f1xx_hal_cortex.o
 .debug_info    0x000000000000a7b0      0x982 ./Drivers/STM32F1xx_HAL_Driver/Src/stm32f1xx_hal_dac.o
 .debug_info    0x000000000000b132      0x5ab ./Drivers/STM32F1xx_HAL_Driver/Src/stm32f1xx_hal_gpio.o
 .debug_info    0x000000000000b6dd     0x2524 ./Drivers/STM32F1xx_HAL_Driver/Src/stm32f1xx_hal_i2c.o
 .debug_info    0x000000000000dc01     0x16dc ./Drivers/STM32F1xx_HAL_Driver/Src/stm32f1xx_hal_pcd.o
 .debug_info    0x000000000000f2dd      0x628 ./Drivers/STM32F1xx_HAL_Driver/Src/stm32f1xx_hal_pwr.o
 .debug_info    0x000000000000f905      0x7d5 ./Drivers/STM32F1xx_HAL_Driver/Src/stm32f1xx_hal_rcc.o
 .debug_info    0x00000000000100da      0x3e9 ./Drivers/STM32F1xx_HAL_Driver/Src/stm32f1xx_hal_rcc_ex.o
 .debug_info    0x00000000000104c3      0xe30 ./Drivers/STM32F1xx_HAL_Driver/Src/stm32f1xx_hal_rtc.o
 .debug_info    0x00000000000112f3     0x1439 ./Drivers/STM32F1xx_HAL_Driver/Src/stm32f1xx_hal_spi.o
 .debug_info    0x000000000001272c     0x2959 ./Drivers/STM32F1xx_HAL_Driver/Src/stm32f1xx_hal_tim.o
 .debug_info    0x0000000000015085     0x149b ./Drivers/STM32F1xx_HAL_Driver/Src/stm32f1xx_hal_tim_ex.o
 .debug_info    0x0000000000016520     0x2eed ./Drivers/STM32F1xx_HAL_Driver/Src/stm32f1xx_hal_uart.o
 .debug_info    0x000000000001940d     0x17ae ./Drivers/STM32F1xx_HAL_Driver/Src/stm32f1xx_ll_usb.o

.debug_abbrev   0x0000000000000000     0x40f5
 .debug_abbrev  0x0000000000000000      0x20e ./Core/Src/hw_can.o
 .debug_abbrev  0x000000000000020e      0x19c ./Core/Src/hw_dac.o
 .debug_abbrev  0x00000000000003aa      0x16c ./Core/Src/hw_gpio.o
 .debug_abbrev  0x0000000000000516      0x19b ./Core/Src/hw_i2c.o
 .debug_abbrev  0x00000000000006b1      0x1c0 ./Core/Src/hw_rs485.o
 .debug_abbrev  0x0000000000000871      0x160 ./Core/Src/hw_rtc.o
 .debug_abbrev  0x00000000000009d1      0x19c ./Core/Src/hw_spi.o
 .debug_abbrev  0x0000000000000b6d      0x1a8 ./Core/Src/hw_system.o
 .debug_abbrev  0x0000000000000d15      0x24d ./Core/Src/hw_tim.o
 .debug_abbrev  0x0000000000000f62      0x1b5 ./Core/Src/hw_uart.o
 .debug_abbrev  0x0000000000001117      0x1d3 ./Core/Src/hw_usb.o
 .debug_abbrev  0x00000000000012ea      0x279 ./Core/Src/main.o
 .debug_abbrev  0x0000000000001563      0x2a1 ./Core/Src/stm32f1xx_hal_msp.o
 .debug_abbrev  0x0000000000001804      0x191 ./Core/Src/stm32f1xx_it.o
 .debug_abbrev  0x0000000000001995       0xbc ./Core/Src/sysmem.o
 .debug_abbrev  0x0000000000001a51      0x13f ./Core/Src/system_stm32f1xx.o
 .debug_abbrev  0x0000000000001b90       0x12 ./Core/Startup/startup_stm32f103vctx.o
 .debug_abbrev  0x0000000000001ba2      0x201 ./Drivers/STM32F1xx_HAL_Driver/Src/stm32f1xx_hal.o
 .debug_abbrev  0x0000000000001da3      0x242 ./Drivers/STM32F1xx_HAL_Driver/Src/stm32f1xx_hal_can.o
 .debug_abbrev  0x0000000000001fe5      0x2f8 ./Drivers/STM32F1xx_HAL_Driver/Src/stm32f1xx_hal_cortex.o
 .debug_abbrev  0x00000000000022dd      0x20f ./Drivers/STM32F1xx_HAL_Driver/Src/stm32f1xx_hal_dac.o
 .debug_abbrev  0x00000000000024ec      0x1ca ./Drivers/STM32F1xx_HAL_Driver/Src/stm32f1xx_hal_gpio.o
 .debug_abbrev  0x00000000000026b6      0x2a3 ./Drivers/STM32F1xx_HAL_Driver/Src/stm32f1xx_hal_i2c.o
 .debug_abbrev  0x0000000000002959      0x2d6 ./Drivers/STM32F1xx_HAL_Driver/Src/stm32f1xx_hal_pcd.o
 .debug_abbrev  0x0000000000002c2f      0x1f6 ./Drivers/STM32F1xx_HAL_Driver/Src/stm32f1xx_hal_pwr.o
 .debug_abbrev  0x0000000000002e25      0x2b3 ./Drivers/STM32F1xx_HAL_Driver/Src/stm32f1xx_hal_rcc.o
 .debug_abbrev  0x00000000000030d8      0x188 ./Drivers/STM32F1xx_HAL_Driver/Src/stm32f1xx_hal_rcc_ex.o
 .debug_abbrev  0x0000000000003260      0x24c ./Drivers/STM32F1xx_HAL_Driver/Src/stm32f1xx_hal_rtc.o
 .debug_abbrev  0x00000000000034ac      0x27a ./Drivers/STM32F1xx_HAL_Driver/Src/stm32f1xx_hal_spi.o
 .debug_abbrev  0x0000000000003726      0x277 ./Drivers/STM32F1xx_HAL_Driver/Src/stm32f1xx_hal_tim.o
 .debug_abbrev  0x000000000000399d      0x282 ./Drivers/STM32F1xx_HAL_Driver/Src/stm32f1xx_hal_tim_ex.o
 .debug_abbrev  0x0000000000003c1f      0x2f8 ./Drivers/STM32F1xx_HAL_Driver/Src/stm32f1xx_hal_uart.o
 .debug_abbrev  0x0000000000003f17      0x1de ./Drivers/STM32F1xx_HAL_Driver/Src/stm32f1xx_ll_usb.o

.debug_aranges  0x0000000000000000     0x18c0
 .debug_aranges
                0x0000000000000000       0x38 ./Core/Src/hw_can.o
 .debug_aranges
                0x0000000000000038       0x30 ./Core/Src/hw_dac.o
 .debug_aranges
                0x0000000000000068       0x28 ./Core/Src/hw_gpio.o
 .debug_aranges
                0x0000000000000090       0x48 ./Core/Src/hw_i2c.o
 .debug_aranges
                0x00000000000000d8       0x38 ./Core/Src/hw_rs485.o
 .debug_aranges
                0x0000000000000110       0x30 ./Core/Src/hw_rtc.o
 .debug_aranges
                0x0000000000000140       0x38 ./Core/Src/hw_spi.o
 .debug_aranges
                0x0000000000000178       0x38 ./Core/Src/hw_system.o
 .debug_aranges
                0x00000000000001b0       0x50 ./Core/Src/hw_tim.o
 .debug_aranges
                0x0000000000000200       0x50 ./Core/Src/hw_uart.o
 .debug_aranges
                0x0000000000000250       0x38 ./Core/Src/hw_usb.o
 .debug_aranges
                0x0000000000000288       0x28 ./Core/Src/main.o
 .debug_aranges
                0x00000000000002b0       0xb8 ./Core/Src/stm32f1xx_hal_msp.o
 .debug_aranges
                0x0000000000000368       0x68 ./Core/Src/stm32f1xx_it.o
 .debug_aranges
                0x00000000000003d0       0x20 ./Core/Src/sysmem.o
 .debug_aranges
                0x00000000000003f0       0x28 ./Core/Src/system_stm32f1xx.o
 .debug_aranges
                0x0000000000000418       0x28 ./Core/Startup/startup_stm32f103vctx.o
 .debug_aranges
                0x0000000000000440       0xe0 ./Drivers/STM32F1xx_HAL_Driver/Src/stm32f1xx_hal.o
 .debug_aranges
                0x0000000000000520      0x138 ./Drivers/STM32F1xx_HAL_Driver/Src/stm32f1xx_hal_can.o
 .debug_aranges
                0x0000000000000658      0x100 ./Drivers/STM32F1xx_HAL_Driver/Src/stm32f1xx_hal_cortex.o
 .debug_aranges
                0x0000000000000758       0xc0 ./Drivers/STM32F1xx_HAL_Driver/Src/stm32f1xx_hal_dac.o
 .debug_aranges
                0x0000000000000818       0x58 ./Drivers/STM32F1xx_HAL_Driver/Src/stm32f1xx_hal_gpio.o
 .debug_aranges
                0x0000000000000870      0x2a8 ./Drivers/STM32F1xx_HAL_Driver/Src/stm32f1xx_hal_i2c.o
 .debug_aranges
                0x0000000000000b18      0x140 ./Drivers/STM32F1xx_HAL_Driver/Src/stm32f1xx_hal_pcd.o
 .debug_aranges
                0x0000000000000c58       0xa8 ./Drivers/STM32F1xx_HAL_Driver/Src/stm32f1xx_hal_pwr.o
 .debug_aranges
                0x0000000000000d00       0x90 ./Drivers/STM32F1xx_HAL_Driver/Src/stm32f1xx_hal_rcc.o
 .debug_aranges
                0x0000000000000d90       0x30 ./Drivers/STM32F1xx_HAL_Driver/Src/stm32f1xx_hal_rcc_ex.o
 .debug_aranges
                0x0000000000000dc0       0xf8 ./Drivers/STM32F1xx_HAL_Driver/Src/stm32f1xx_hal_rtc.o
 .debug_aranges
                0x0000000000000eb8      0x1d0 ./Drivers/STM32F1xx_HAL_Driver/Src/stm32f1xx_hal_spi.o
 .debug_aranges
                0x0000000000001088      0x3d0 ./Drivers/STM32F1xx_HAL_Driver/Src/stm32f1xx_hal_tim.o
 .debug_aranges
                0x0000000000001458      0x168 ./Drivers/STM32F1xx_HAL_Driver/Src/stm32f1xx_hal_tim_ex.o
 .debug_aranges
                0x00000000000015c0      0x208 ./Drivers/STM32F1xx_HAL_Driver/Src/stm32f1xx_hal_uart.o
 .debug_aranges
                0x00000000000017c8       0xf8 ./Drivers/STM32F1xx_HAL_Driver/Src/stm32f1xx_ll_usb.o

.debug_rnglists
                0x0000000000000000     0x1322
 .debug_rnglists
                0x0000000000000000       0x26 ./Core/Src/hw_can.o
 .debug_rnglists
                0x0000000000000026       0x1f ./Core/Src/hw_dac.o
 .debug_rnglists
                0x0000000000000045       0x1b ./Core/Src/hw_gpio.o
 .debug_rnglists
                0x0000000000000060       0x31 ./Core/Src/hw_i2c.o
 .debug_rnglists
                0x0000000000000091       0x25 ./Core/Src/hw_rs485.o
 .debug_rnglists
                0x00000000000000b6       0x1f ./Core/Src/hw_rtc.o
 .debug_rnglists
                0x00000000000000d5       0x25 ./Core/Src/hw_spi.o
 .debug_rnglists
                0x00000000000000fa       0x26 ./Core/Src/hw_system.o
 .debug_rnglists
                0x0000000000000120       0x3b ./Core/Src/hw_tim.o
 .debug_rnglists
                0x000000000000015b       0x37 ./Core/Src/hw_uart.o
 .debug_rnglists
                0x0000000000000192       0x25 ./Core/Src/hw_usb.o
 .debug_rnglists
                0x00000000000001b7       0x1a ./Core/Src/main.o
 .debug_rnglists
                0x00000000000001d1       0x8b ./Core/Src/stm32f1xx_hal_msp.o
 .debug_rnglists
                0x000000000000025c       0x49 ./Core/Src/stm32f1xx_it.o
 .debug_rnglists
                0x00000000000002a5       0x13 ./Core/Src/sysmem.o
 .debug_rnglists
                0x00000000000002b8       0x1a ./Core/Src/system_stm32f1xx.o
 .debug_rnglists
                0x00000000000002d2       0x19 ./Core/Startup/startup_stm32f103vctx.o
 .debug_rnglists
                0x00000000000002eb       0xa3 ./Drivers/STM32F1xx_HAL_Driver/Src/stm32f1xx_hal.o
 .debug_rnglists
                0x000000000000038e       0xed ./Drivers/STM32F1xx_HAL_Driver/Src/stm32f1xx_hal_can.o
 .debug_rnglists
                0x000000000000047b       0xbb ./Drivers/STM32F1xx_HAL_Driver/Src/stm32f1xx_hal_cortex.o
 .debug_rnglists
                0x0000000000000536       0x8e ./Drivers/STM32F1xx_HAL_Driver/Src/stm32f1xx_hal_dac.o
 .debug_rnglists
                0x00000000000005c4       0x3f ./Drivers/STM32F1xx_HAL_Driver/Src/stm32f1xx_hal_gpio.o
 .debug_rnglists
                0x0000000000000603      0x23c ./Drivers/STM32F1xx_HAL_Driver/Src/stm32f1xx_hal_i2c.o
 .debug_rnglists
                0x000000000000083f       0xf4 ./Drivers/STM32F1xx_HAL_Driver/Src/stm32f1xx_hal_pcd.o
 .debug_rnglists
                0x0000000000000933       0x7a ./Drivers/STM32F1xx_HAL_Driver/Src/stm32f1xx_hal_pwr.o
 .debug_rnglists
                0x00000000000009ad       0x6c ./Drivers/STM32F1xx_HAL_Driver/Src/stm32f1xx_hal_rcc.o
 .debug_rnglists
                0x0000000000000a19       0x22 ./Drivers/STM32F1xx_HAL_Driver/Src/stm32f1xx_hal_rcc_ex.o
 .debug_rnglists
                0x0000000000000a3b       0xc1 ./Drivers/STM32F1xx_HAL_Driver/Src/stm32f1xx_hal_rtc.o
 .debug_rnglists
                0x0000000000000afc      0x16e ./Drivers/STM32F1xx_HAL_Driver/Src/stm32f1xx_hal_spi.o
 .debug_rnglists
                0x0000000000000c6a      0x31a ./Drivers/STM32F1xx_HAL_Driver/Src/stm32f1xx_hal_tim.o
 .debug_rnglists
                0x0000000000000f84      0x125 ./Drivers/STM32F1xx_HAL_Driver/Src/stm32f1xx_hal_tim_ex.o
 .debug_rnglists
                0x00000000000010a9      0x1bc ./Drivers/STM32F1xx_HAL_Driver/Src/stm32f1xx_hal_uart.o
 .debug_rnglists
                0x0000000000001265       0xbd ./Drivers/STM32F1xx_HAL_Driver/Src/stm32f1xx_ll_usb.o

.debug_macro    0x0000000000000000     0x5256
 .debug_macro   0x0000000000000000      0x22b ./Core/Src/hw_can.o
 .debug_macro   0x000000000000022b       0x10 ./Core/Src/hw_can.o
 .debug_macro   0x000000000000023b      0x226 ./Core/Src/hw_dac.o
 .debug_macro   0x0000000000000461      0x22f ./Core/Src/hw_gpio.o
 .debug_macro   0x0000000000000690       0x34 ./Core/Src/hw_gpio.o
 .debug_macro   0x00000000000006c4      0x226 ./Core/Src/hw_i2c.o
 .debug_macro   0x00000000000008ea      0x226 ./Core/Src/hw_rs485.o
 .debug_macro   0x0000000000000b10      0x226 ./Core/Src/hw_rtc.o
 .debug_macro   0x0000000000000d36      0x226 ./Core/Src/hw_spi.o
 .debug_macro   0x0000000000000f5c      0x226 ./Core/Src/hw_system.o
 .debug_macro   0x0000000000001182      0x226 ./Core/Src/hw_tim.o
 .debug_macro   0x00000000000013a8      0x2fe ./Core/Src/hw_uart.o
 .debug_macro   0x00000000000016a6       0x61 ./Core/Src/hw_uart.o
 .debug_macro   0x0000000000001707       0x24 ./Core/Src/hw_uart.o
 .debug_macro   0x000000000000172b       0x43 ./Core/Src/hw_uart.o
 .debug_macro   0x000000000000176e       0x34 ./Core/Src/hw_uart.o
 .debug_macro   0x00000000000017a2       0x16 ./Core/Src/hw_uart.o
 .debug_macro   0x00000000000017b8       0x35 ./Core/Src/hw_uart.o
 .debug_macro   0x00000000000017ed      0x369 ./Core/Src/hw_uart.o
 .debug_macro   0x0000000000001b56       0x10 ./Core/Src/hw_uart.o
 .debug_macro   0x0000000000001b66       0x16 ./Core/Src/hw_uart.o
 .debug_macro   0x0000000000001b7c       0x43 ./Core/Src/hw_uart.o
 .debug_macro   0x0000000000001bbf       0x34 ./Core/Src/hw_uart.o
 .debug_macro   0x0000000000001bf3       0x10 ./Core/Src/hw_uart.o
 .debug_macro   0x0000000000001c03       0x58 ./Core/Src/hw_uart.o
 .debug_macro   0x0000000000001c5b       0x8e ./Core/Src/hw_uart.o
 .debug_macro   0x0000000000001ce9       0x1c ./Core/Src/hw_uart.o
 .debug_macro   0x0000000000001d05      0x177 ./Core/Src/hw_uart.o
 .debug_macro   0x0000000000001e7c       0x16 ./Core/Src/hw_uart.o
 .debug_macro   0x0000000000001e92       0x16 ./Core/Src/hw_uart.o
 .debug_macro   0x0000000000001ea8      0x147 ./Core/Src/hw_uart.o
 .debug_macro   0x0000000000001fef      0x226 ./Core/Src/hw_usb.o
 .debug_macro   0x0000000000002215      0x3b3 ./Core/Src/main.o
 .debug_macro   0x00000000000025c8       0x16 ./Core/Src/main.o
 .debug_macro   0x00000000000025de       0x20 ./Core/Src/main.o
 .debug_macro   0x00000000000025fe       0x3a ./Core/Src/main.o
 .debug_macro   0x0000000000002638       0x40 ./Core/Src/main.o
 .debug_macro   0x0000000000002678      0x21c ./Core/Src/stm32f1xx_hal_msp.o
 .debug_macro   0x0000000000002894      0x226 ./Core/Src/stm32f1xx_it.o
 .debug_macro   0x0000000000002aba       0xff ./Core/Src/sysmem.o
 .debug_macro   0x0000000000002bb9      0x23c ./Core/Src/sysmem.o
 .debug_macro   0x0000000000002df5      0x20d ./Core/Src/system_stm32f1xx.o
 .debug_macro   0x0000000000003002      0x231 ./Drivers/STM32F1xx_HAL_Driver/Src/stm32f1xx_hal.o
 .debug_macro   0x0000000000003233      0x21c ./Drivers/STM32F1xx_HAL_Driver/Src/stm32f1xx_hal_can.o
 .debug_macro   0x000000000000344f      0x20d ./Drivers/STM32F1xx_HAL_Driver/Src/stm32f1xx_hal_cortex.o
 .debug_macro   0x000000000000365c      0x20e ./Drivers/STM32F1xx_HAL_Driver/Src/stm32f1xx_hal_dac.o
 .debug_macro   0x000000000000386a      0x278 ./Drivers/STM32F1xx_HAL_Driver/Src/stm32f1xx_hal_gpio.o
 .debug_macro   0x0000000000003ae2      0x25b ./Drivers/STM32F1xx_HAL_Driver/Src/stm32f1xx_hal_i2c.o
 .debug_macro   0x0000000000003d3d      0x219 ./Drivers/STM32F1xx_HAL_Driver/Src/stm32f1xx_hal_pcd.o
 .debug_macro   0x0000000000003f56      0x26d ./Drivers/STM32F1xx_HAL_Driver/Src/stm32f1xx_hal_pwr.o
 .debug_macro   0x00000000000041c3      0x21f ./Drivers/STM32F1xx_HAL_Driver/Src/stm32f1xx_hal_rcc.o
 .debug_macro   0x00000000000043e2      0x20d ./Drivers/STM32F1xx_HAL_Driver/Src/stm32f1xx_hal_rcc_ex.o
 .debug_macro   0x00000000000045ef      0x21c ./Drivers/STM32F1xx_HAL_Driver/Src/stm32f1xx_hal_rtc.o
 .debug_macro   0x000000000000480b      0x215 ./Drivers/STM32F1xx_HAL_Driver/Src/stm32f1xx_hal_spi.o
 .debug_macro   0x0000000000004a20      0x20e ./Drivers/STM32F1xx_HAL_Driver/Src/stm32f1xx_hal_tim.o
 .debug_macro   0x0000000000004c2e      0x20d ./Drivers/STM32F1xx_HAL_Driver/Src/stm32f1xx_hal_tim_ex.o
 .debug_macro   0x0000000000004e3b      0x20e ./Drivers/STM32F1xx_HAL_Driver/Src/stm32f1xx_hal_uart.o
 .debug_macro   0x0000000000005049      0x20d ./Drivers/STM32F1xx_HAL_Driver/Src/stm32f1xx_ll_usb.o

.debug_line     0x0000000000000000    0x1fef2
 .debug_line    0x0000000000000000      0x8b2 ./Core/Src/hw_can.o
 .debug_line    0x00000000000008b2      0x85b ./Core/Src/hw_dac.o
 .debug_line    0x000000000000110d      0x883 ./Core/Src/hw_gpio.o
 .debug_line    0x0000000000001990      0x8a9 ./Core/Src/hw_i2c.o
 .debug_line    0x0000000000002239      0x86e ./Core/Src/hw_rs485.o
 .debug_line    0x0000000000002aa7      0x84e ./Core/Src/hw_rtc.o
 .debug_line    0x00000000000032f5      0x85c ./Core/Src/hw_spi.o
 .debug_line    0x0000000000003b51      0x895 ./Core/Src/hw_system.o
 .debug_line    0x00000000000043e6      0x9f3 ./Core/Src/hw_tim.o
 .debug_line    0x0000000000004dd9      0xa75 ./Core/Src/hw_uart.o
 .debug_line    0x000000000000584e      0x842 ./Core/Src/hw_usb.o
 .debug_line    0x0000000000006090      0xa92 ./Core/Src/main.o
 .debug_line    0x0000000000006b22      0xc24 ./Core/Src/stm32f1xx_hal_msp.o
 .debug_line    0x0000000000007746      0x8c5 ./Core/Src/stm32f1xx_it.o
 .debug_line    0x000000000000800b      0x579 ./Core/Src/sysmem.o
 .debug_line    0x0000000000008584      0x869 ./Core/Src/system_stm32f1xx.o
 .debug_line    0x0000000000008ded       0x79 ./Core/Startup/startup_stm32f103vctx.o
 .debug_line    0x0000000000008e66      0xa96 ./Drivers/STM32F1xx_HAL_Driver/Src/stm32f1xx_hal.o
 .debug_line    0x00000000000098fc     0x123a ./Drivers/STM32F1xx_HAL_Driver/Src/stm32f1xx_hal_can.o
 .debug_line    0x000000000000ab36      0xc7e ./Drivers/STM32F1xx_HAL_Driver/Src/stm32f1xx_hal_cortex.o
 .debug_line    0x000000000000b7b4      0xc02 ./Drivers/STM32F1xx_HAL_Driver/Src/stm32f1xx_hal_dac.o
 .debug_line    0x000000000000c3b6      0xb57 ./Drivers/STM32F1xx_HAL_Driver/Src/stm32f1xx_hal_gpio.o
 .debug_line    0x000000000000cf0d     0x3c3d ./Drivers/STM32F1xx_HAL_Driver/Src/stm32f1xx_hal_i2c.o
 .debug_line    0x0000000000010b4a     0x14be ./Drivers/STM32F1xx_HAL_Driver/Src/stm32f1xx_hal_pcd.o
 .debug_line    0x0000000000012008      0xa18 ./Drivers/STM32F1xx_HAL_Driver/Src/stm32f1xx_hal_pwr.o
 .debug_line    0x0000000000012a20      0xe9f ./Drivers/STM32F1xx_HAL_Driver/Src/stm32f1xx_hal_rcc.o
 .debug_line    0x00000000000138bf      0x9ee ./Drivers/STM32F1xx_HAL_Driver/Src/stm32f1xx_hal_rcc_ex.o
 .debug_line    0x00000000000142ad     0x1208 ./Drivers/STM32F1xx_HAL_Driver/Src/stm32f1xx_hal_rtc.o
 .debug_line    0x00000000000154b5     0x1d90 ./Drivers/STM32F1xx_HAL_Driver/Src/stm32f1xx_hal_spi.o
 .debug_line    0x0000000000017245     0x37bd ./Drivers/STM32F1xx_HAL_Driver/Src/stm32f1xx_hal_tim.o
 .debug_line    0x000000000001aa02     0x1a4b ./Drivers/STM32F1xx_HAL_Driver/Src/stm32f1xx_hal_tim_ex.o
 .debug_line    0x000000000001c44d     0x295a ./Drivers/STM32F1xx_HAL_Driver/Src/stm32f1xx_hal_uart.o
 .debug_line    0x000000000001eda7     0x114b ./Drivers/STM32F1xx_HAL_Driver/Src/stm32f1xx_ll_usb.o

.debug_str      0x0000000000000000    0xa763e
 .debug_str     0x0000000000000000    0x9ccdd ./Core/Src/hw_can.o
                                      0x9d128 (size before relaxing)
 .debug_str     0x000000000009ccdd      0x35e ./Core/Src/hw_dac.o
                                      0x9cfb8 (size before relaxing)
 .debug_str     0x000000000009d03b      0x2f7 ./Core/Src/hw_gpio.o
                                      0x9ceef (size before relaxing)
 .debug_str     0x000000000009d332      0x302 ./Core/Src/hw_i2c.o
                                      0x9d14f (size before relaxing)
 .debug_str     0x000000000009d634      0x276 ./Core/Src/hw_rs485.o
                                      0x9d125 (size before relaxing)
 .debug_str     0x000000000009d8aa      0x1df ./Core/Src/hw_rtc.o
                                      0x9ce41 (size before relaxing)
 .debug_str     0x000000000009da89      0x23d ./Core/Src/hw_spi.o
                                      0x9d0a3 (size before relaxing)
 .debug_str     0x000000000009dcc6      0x288 ./Core/Src/hw_system.o
                                      0x9ce8d (size before relaxing)
 .debug_str     0x000000000009df4e      0x5e4 ./Core/Src/hw_tim.o
                                      0x9d4bb (size before relaxing)
 .debug_str     0x000000000009e532     0x37fa ./Core/Src/hw_uart.o
                                      0xa0826 (size before relaxing)
 .debug_str     0x00000000000a1d2c      0x36a ./Core/Src/hw_usb.o
                                      0x9d03e (size before relaxing)
 .debug_str     0x00000000000a2096      0x39e ./Core/Src/main.o
                                      0xa14bc (size before relaxing)
 .debug_str     0x00000000000a2434      0x4f5 ./Core/Src/stm32f1xx_hal_msp.o
                                      0x9e485 (size before relaxing)
 .debug_str     0x00000000000a2929       0xec ./Core/Src/stm32f1xx_it.o
                                      0x9d16d (size before relaxing)
 .debug_str     0x00000000000a2a15      0x4dc ./Core/Src/sysmem.o
                                       0x6024 (size before relaxing)