Archive member included to satisfy reference by file (symbol)

D:/ST/STM32CubeIDE_1.12.0/STM32CubeIDE/plugins/com.st.stm32cube.ide.mcu.externaltools.gnu-tools-for-stm32.11.3.rel1.win32_1.1.1.202309131626/tools/bin/../lib/gcc/arm-none-eabi/11.3.1/../../../../arm-none-eabi/lib/thumb/v7-m/nofp\libc_nano.a(libc_a-exit.o)
                              D:/ST/STM32CubeIDE_1.12.0/STM32CubeIDE/plugins/com.st.stm32cube.ide.mcu.externaltools.gnu-tools-for-stm32.11.3.rel1.win32_1.1.1.202309131626/tools/bin/../lib/gcc/arm-none-eabi/11.3.1/../../../../arm-none-eabi/lib/thumb/v7-m/nofp/crt0.o (exit)
D:/ST/STM32CubeIDE_1.12.0/STM32CubeIDE/plugins/com.st.stm32cube.ide.mcu.externaltools.gnu-tools-for-stm32.11.3.rel1.win32_1.1.1.202309131626/tools/bin/../lib/gcc/arm-none-eabi/11.3.1/../../../../arm-none-eabi/lib/thumb/v7-m/nofp\libc_nano.a(libc_a-findfp.o)
                              D:/ST/STM32CubeIDE_1.12.0/STM32CubeIDE/plugins/com.st.stm32cube.ide.mcu.externaltools.gnu-tools-for-stm32.11.3.rel1.win32_1.1.1.202309131626/tools/bin/../lib/gcc/arm-none-eabi/11.3.1/../../../../arm-none-eabi/lib/thumb/v7-m/nofp\libc_nano.a(libc_a-exit.o) (__stdio_exit_handler)
D:/ST/STM32CubeIDE_1.12.0/STM32CubeIDE/plugins/com.st.stm32cube.ide.mcu.externaltools.gnu-tools-for-stm32.11.3.rel1.win32_1.1.1.202309131626/tools/bin/../lib/gcc/arm-none-eabi/11.3.1/../../../../arm-none-eabi/lib/thumb/v7-m/nofp\libc_nano.a(libc_a-fwalk.o)
                              D:/ST/STM32CubeIDE_1.12.0/STM32CubeIDE/plugins/com.st.stm32cube.ide.mcu.externaltools.gnu-tools-for-stm32.11.3.rel1.win32_1.1.1.202309131626/tools/bin/../lib/gcc/arm-none-eabi/11.3.1/../../../../arm-none-eabi/lib/thumb/v7-m/nofp\libc_nano.a(libc_a-findfp.o) (_fwalk_sglue)
D:/ST/STM32CubeIDE_1.12.0/STM32CubeIDE/plugins/com.st.stm32cube.ide.mcu.externaltools.gnu-tools-for-stm32.11.3.rel1.win32_1.1.1.202309131626/tools/bin/../lib/gcc/arm-none-eabi/11.3.1/../../../../arm-none-eabi/lib/thumb/v7-m/nofp\libc_nano.a(libc_a-sprintf.o)
                              ./Core/Src/main.o (sprintf)
D:/ST/STM32CubeIDE_1.12.0/STM32CubeIDE/plugins/com.st.stm32cube.ide.mcu.externaltools.gnu-tools-for-stm32.11.3.rel1.win32_1.1.1.202309131626/tools/bin/../lib/gcc/arm-none-eabi/11.3.1/../../../../arm-none-eabi/lib/thumb/v7-m/nofp\libc_nano.a(libc_a-stdio.o)
                              D:/ST/STM32CubeIDE_1.12.0/STM32CubeIDE/plugins/com.st.stm32cube.ide.mcu.externaltools.gnu-tools-for-stm32.11.3.rel1.win32_1.1.1.202309131626/tools/bin/../lib/gcc/arm-none-eabi/11.3.1/../../../../arm-none-eabi/lib/thumb/v7-m/nofp\libc_nano.a(libc_a-findfp.o) (__sread)
D:/ST/STM32CubeIDE_1.12.0/STM32CubeIDE/plugins/com.st.stm32cube.ide.mcu.externaltools.gnu-tools-for-stm32.11.3.rel1.win32_1.1.1.202309131626/tools/bin/../lib/gcc/arm-none-eabi/11.3.1/../../../../arm-none-eabi/lib/thumb/v7-m/nofp\libc_nano.a(libc_a-memset.o)
                              D:/ST/STM32CubeIDE_1.12.0/STM32CubeIDE/plugins/com.st.stm32cube.ide.mcu.externaltools.gnu-tools-for-stm32.11.3.rel1.win32_1.1.1.202309131626/tools/bin/../lib/gcc/arm-none-eabi/11.3.1/../../../../arm-none-eabi/lib/thumb/v7-m/nofp/crt0.o (memset)
D:/ST/STM32CubeIDE_1.12.0/STM32CubeIDE/plugins/com.st.stm32cube.ide.mcu.externaltools.gnu-tools-for-stm32.11.3.rel1.win32_1.1.1.202309131626/tools/bin/../lib/gcc/arm-none-eabi/11.3.1/../../../../arm-none-eabi/lib/thumb/v7-m/nofp\libc_nano.a(libc_a-closer.o)
                              D:/ST/STM32CubeIDE_1.12.0/STM32CubeIDE/plugins/com.st.stm32cube.ide.mcu.externaltools.gnu-tools-for-stm32.11.3.rel1.win32_1.1.1.202309131626/tools/bin/../lib/gcc/arm-none-eabi/11.3.1/../../../../arm-none-eabi/lib/thumb/v7-m/nofp\libc_nano.a(libc_a-stdio.o) (_close_r)
D:/ST/STM32CubeIDE_1.12.0/STM32CubeIDE/plugins/com.st.stm32cube.ide.mcu.externaltools.gnu-tools-for-stm32.11.3.rel1.win32_1.1.1.202309131626/tools/bin/../lib/gcc/arm-none-eabi/11.3.1/../../../../arm-none-eabi/lib/thumb/v7-m/nofp\libc_nano.a(libc_a-reent.o)
                              D:/ST/STM32CubeIDE_1.12.0/STM32CubeIDE/plugins/com.st.stm32cube.ide.mcu.externaltools.gnu-tools-for-stm32.11.3.rel1.win32_1.1.1.202309131626/tools/bin/../lib/gcc/arm-none-eabi/11.3.1/../../../../arm-none-eabi/lib/thumb/v7-m/nofp\libc_nano.a(libc_a-closer.o) (errno)
D:/ST/STM32CubeIDE_1.12.0/STM32CubeIDE/plugins/com.st.stm32cube.ide.mcu.externaltools.gnu-tools-for-stm32.11.3.rel1.win32_1.1.1.202309131626/tools/bin/../lib/gcc/arm-none-eabi/11.3.1/../../../../arm-none-eabi/lib/thumb/v7-m/nofp\libc_nano.a(libc_a-impure.o)
                              D:/ST/STM32CubeIDE_1.12.0/STM32CubeIDE/plugins/com.st.stm32cube.ide.mcu.externaltools.gnu-tools-for-stm32.11.3.rel1.win32_1.1.1.202309131626/tools/bin/../lib/gcc/arm-none-eabi/11.3.1/../../../../arm-none-eabi/lib/thumb/v7-m/nofp\libc_nano.a(libc_a-sprintf.o) (_impure_ptr)
[...]
Memory Configuration

Name             Origin             Length             Attributes
RAM              0x0000000020000000 0x000000000000c000 xrw
FLASH            0x0000000008000000 0x0000000000040000 xr
*default*        0x0000000000000000 0xffffffffffffffff

Linker script and memory map

LOAD D:/ST/STM32CubeIDE_1.12.0/STM32CubeIDE/plugins/com.st.stm32cube.ide.mcu.externaltools.gnu-tools-for-stm32.11.3.rel1.win32_1.1.1.202309131626/tools/bin/../lib/gcc/arm-none-eabi/11.3.1/thumb/v7-m/nofp/crti.o
LOAD D:/ST/STM32CubeIDE_1.12.0/STM32CubeIDE/plugins/com.st.stm32cube.ide.mcu.externaltools.gnu-tools-for-stm32.11.3.rel1.win32_1.1.1.202309131626/tools/bin/../lib/gcc/arm-none-eabi/11.3.1/thumb/v7-m/nofp/crtbegin.o
LOAD D:/ST/STM32CubeIDE_1.12.0/STM32CubeIDE/plugins/com.st.stm32cube.ide.mcu.externaltools.gnu-tools-for-stm32.11.3.rel1.win32_1.1.1.202309131626/tools/bin/../lib/gcc/arm-none-eabi/11.3.1/../../../../arm-none-eabi/lib/thumb/v7-m/nofp/crt0.o
LOAD ./Core/Src/MCT8316Z_Control.o
LOAD ./Core/Src/TOF400C_VL53L1X.o
LOAD ./Core/Src/hw_can.o
LOAD ./Core/Src/hw_dac.o
LOAD ./Core/Src/hw_gpio.o
LOAD ./Core/Src/hw_i2c.o
LOAD ./Core/Src/hw_rs485.o
LOAD ./Core/Src/hw_rtc.o
LOAD ./Core/Src/hw_spi.o
LOAD ./Core/Src/hw_system.o
LOAD ./Core/Src/hw_tim.o
LOAD ./Core/Src/hw_uart.o
LOAD ./Core/Src/hw_usb.o
LOAD ./Core/Src/main.o
LOAD ./Core/Src/modbus-rtu.o
LOAD ./Core/Src/stm32f1xx_hal_msp.o
LOAD ./Core/Src/stm32f1xx_it.o
LOAD ./Core/Src/syscalls.o
LOAD ./Core/Src/sysmem.o
LOAD ./Core/Src/system_stm32f1xx.o
LOAD ./Core/Startup/startup_stm32f103vctx.o
LOAD ./Drivers/STM32F1xx_HAL_Driver/Src/stm32f1xx_hal.o
LOAD ./Drivers/STM32F1xx_HAL_Driver/Src/stm32f1xx_hal_can.o
LOAD ./Drivers/STM32F1xx_HAL_Driver/Src/stm32f1xx_hal_cortex.o
LOAD ./Drivers/STM32F1xx_HAL_Driver/Src/stm32f1xx_hal_dac.o
LOAD ./Drivers/STM32F1xx_HAL_Driver/Src/stm32f1xx_hal_dac_ex.o
LOAD ./Drivers/STM32F1xx_HAL_Driver/Src/stm32f1xx_hal_dma.o
LOAD ./Drivers/STM32F1xx_HAL_Driver/Src/stm32f1xx_hal_exti.o
LOAD ./Drivers/STM32F1xx_HAL_Driver/Src/stm32f1xx_hal_flash.o
LOAD ./Drivers/STM32F1xx_HAL_Driver/Src/stm32f1xx_hal_flash_ex.o
LOAD ./Drivers/STM32F1xx_HAL_Driver/Src/stm32f1xx_hal_gpio.o
LOAD ./Drivers/STM32F1xx_HAL_Driver/Src/stm32f1xx_hal_gpio_ex.o
LOAD ./Drivers/STM32F1xx_HAL_Driver/Src/stm32f1xx_hal_i2c.o
LOAD ./Drivers/STM32F1xx_HAL_Driver/Src/stm32f1xx_hal_pcd.o
LOAD ./Drivers/STM32F1xx_HAL_Driver/Src/stm32f1xx_hal_pcd_ex.o
LOAD ./Drivers/STM32F1xx_HAL_Driver/Src/stm32f1xx_hal_pwr.o
LOAD ./Drivers/STM32F1xx_HAL_Driver/Src/stm32f1xx_hal_rcc.o
LOAD ./Drivers/STM32F1xx_HAL_Driver/Src/stm32f1xx_hal_rcc_ex.o
LOAD ./Drivers/STM32F1xx_HAL_Driver/Src/stm32f1xx_hal_rtc.o
LOAD ./Drivers/STM32F1xx_HAL_Driver/Src/stm32f1xx_hal_rtc_ex.o
LOAD ./Drivers/STM32F1xx_HAL_Driver/Src/stm32f1xx_hal_spi.o
LOAD ./Drivers/STM32F1xx_HAL_Driver/Src/stm32f1xx_hal_tim.o
LOAD ./Drivers/STM32F1xx_HAL_Driver/Src/stm32f1xx_hal_tim_ex.o
LOAD ./Drivers/STM32F1xx_HAL_Driver/Src/stm32f1xx_hal_uart.o
LOAD ./Drivers/STM32F1xx_HAL_Driver/Src/stm32f1xx_ll_usb.o
START GROUP
LOAD D:/ST/STM32CubeIDE_1.12.0/STM32CubeIDE/plugins/com.st.stm32cube.ide.mcu.externaltools.gnu-tools-for-stm32.11.3.rel1.win32_1.1.1.202309131626/tools/bin/../lib/gcc/arm-none-eabi/11.3.1/../../../../arm-none-eabi/lib/thumb/v7-m/nofp\libc_nano.a
LOAD D:/ST/STM32CubeIDE_1.12.0/STM32CubeIDE/plugins/com.st.stm32cube.ide.mcu.externaltools.gnu-tools-for-stm32.11.3.rel1.win32_1.1.1.202309131626/tools/bin/../lib/gcc/arm-none-eabi/11.3.1/../../../../arm-none-eabi/lib/thumb/v7-m/nofp\libm.a
END GROUP
START GROUP
LOAD D:/ST/STM32CubeIDE_1.12.0/STM32CubeIDE/plugins/com.st.stm32cube.ide.mcu.externaltools.gnu-tools-for-stm32.11.3.rel1.win32_1.1.1.202309131626/tools/bin/../lib/gcc/arm-none-eabi/11.3.1/thumb/v7-m/nofp\libgcc.a
LOAD D:/ST/STM32CubeIDE_1.12.0/STM32CubeIDE/plugins/com.st.stm32cube.ide.mcu.externaltools.gnu-tools-for-stm32.11.3.rel1.win32_1.1.1.202309131626/tools/bin/../lib/gcc/arm-none-eabi/11.3.1/../../../../arm-none-eabi/lib/thumb/v7-m/nofp\libc_nano.a
END GROUP
START GROUP
LOAD D:/ST/STM32CubeIDE_1.12.0/STM32CubeIDE/plugins/com.st.stm32cube.ide.mcu.externaltools.gnu-tools-for-stm32.11.3.rel1.win32_1.1.1.202309131626/tools/bin/../lib/gcc/arm-none-eabi/11.3.1/thumb/v7-m/nofp\libgcc.a
LOAD D:/ST/STM32CubeIDE_1.12.0/STM32CubeIDE/plugins/com.st.stm32cube.ide.mcu.externaltools.gnu-tools-for-stm32.11.3.rel1.win32_1.1.1.202309131626/tools/bin/../lib/gcc/arm-none-eabi/11.3.1/../../../../arm-none-eabi/lib/thumb/v7-m/nofp\libc_nano.a
LOAD D:/ST/STM32CubeIDE_1.12.0/STM32CubeIDE/plugins/com.st.stm32cube.ide.mcu.externaltools.gnu-tools-for-stm32.11.3.rel1.win32_1.1.1.202309131626/tools/bin/../lib/gcc/arm-none-eabi/11.3.1/../../../../arm-none-eabi/lib/thumb/v7-m/nofp\libnosys.a
END GROUP
START GROUP
LOAD D:/ST/STM32CubeIDE_1.12.0/STM32CubeIDE/plugins/com.st.stm32cube.ide.mcu.externaltools.gnu-tools-for-stm32.11.3.rel1.win32_1.1.1.202309131626/tools/bin/../lib/gcc/arm-none-eabi/11.3.1/thumb/v7-m/nofp\libgcc.a
LOAD D:/ST/STM32CubeIDE_1.12.0/STM32CubeIDE/plugins/com.st.stm32cube.ide.mcu.externaltools.gnu-tools-for-stm32.11.3.rel1.win32_1.1.1.202309131626/tools/bin/../lib/gcc/arm-none-eabi/11.3.1/../../../../arm-none-eabi/lib/thumb/v7-m/nofp\libc_nano.a
LOAD D:/ST/STM32CubeIDE_1.12.0/STM32CubeIDE/plugins/com.st.stm32cube.ide.mcu.externaltools.gnu-tools-for-stm32.11.3.rel1.win32_1.1.1.202309131626/tools/bin/../lib/gcc/arm-none-eabi/11.3.1/../../../../arm-none-eabi/lib/thumb/v7-m/nofp\libnosys.a
END GROUP
LOAD D:/ST/STM32CubeIDE_1.12.0/STM32CubeIDE/plugins/com.st.stm32cube.ide.mcu.externaltools.gnu-tools-for-stm32.11.3.rel1.win32_1.1.1.202309131626/tools/bin/../lib/gcc/arm-none-eabi/11.3.1/thumb/v7-m/nofp/crtend.o
LOAD D:/ST/STM32CubeIDE_1.12.0/STM32CubeIDE/plugins/com.st.stm32cube.ide.mcu.externaltools.gnu-tools-for-stm32.11.3.rel1.win32_1.1.1.202309131626/tools/bin/../lib/gcc/arm-none-eabi/11.3.1/thumb/v7-m/nofp/crtn.o
                0x000000002000c000                _estack = (ORIGIN (RAM) + LENGTH (RAM))
                0x0000000000000200                _Min_Heap_Size = 0x200
                0x0000000000000400                _Min_Stack_Size = 0x400

.isr_vector     0x0000000008000000      0x1e4
                0x0000000008000000                . = ALIGN (0x4)
 *(.isr_vector)
 .isr_vector    0x0000000008000000      0x1e4 ./Core/Startup/startup_stm32f103vctx.o
                0x0000000008000000                g_pfnVectors
                0x00000000080001e4                . = ALIGN (0x4)

.text           0x00000000080001e4     0x6754
                0x00000000080001e4                . = ALIGN (0x4)
 *(.text)
 .text          0x00000000080001e4       0x40 D:/ST/STM32CubeIDE_1.12.0/STM32CubeIDE/plugins/com.st.stm32cube.ide.mcu.externaltools.gnu-tools-for-stm32.11.3.rel1.win32_1.1.1.202309131626/tools/bin/../lib/gcc/arm-none-eabi/11.3.1/thumb/v7-m/nofp/crtbegin.o
 .text          0x0000000008000224       0x10 D:/ST/STM32CubeIDE_1.12.0/STM32CubeIDE/plugins/com.st.stm32cube.ide.mcu.externaltools.gnu-tools-for-stm32.11.3.rel1.win32_1.1.1.202309131626/tools/bin/../lib/gcc/arm-none-eabi/11.3.1/../../../../arm-none-eabi/lib/thumb/v7-m/nofp\libc_nano.a(libc_a-strlen.o)
                0x0000000008000224                strlen
 *(.text*)
 .text.HW_CAN_Init
                0x0000000008000234       0x90 ./Core/Src/hw_can.o
                0x0000000008000234                HW_CAN_Init
 .text.HW_CAN_ConfigFilter
                0x00000000080002c4       0x50 ./Core/Src/hw_can.o
                0x00000000080002c4                HW_CAN_ConfigFilter
 .text.HW_DAC_Init
                0x0000000008000314       0x78 ./Core/Src/hw_dac.o
                0x0000000008000314                HW_DAC_Init
 .text.HW_DAC_Start
                0x000000000800038c       0x20 ./Core/Src/hw_dac.o
                0x000000000800038c                HW_DAC_Start
 .text.HW_GPIO_Init
                0x00000000080003ac      0x200 ./Core/Src/hw_gpio.o
                0x00000000080003ac                HW_GPIO_Init
 .text.HW_I2C1_Init
                0x00000000080005ac       0x60 ./Core/Src/hw_i2c.o
                0x00000000080005ac                HW_I2C1_Init
 .text.HW_I2C2_Init
                0x000000000800060c       0x60 ./Core/Src/hw_i2c.o
                0x000000000800060c                HW_I2C2_Init
 .text.HW_RS485_Init_Config
                0x000000000800066c       0x2e ./Core/Src/hw_rs485.o
                0x000000000800066c                HW_RS485_Init_Config
 .text.HW_RS485_Set_TxMode
                0x000000000800069a       0x20 ./Core/Src/hw_rs485.o
                0x000000000800069a                HW_RS485_Set_TxMode
 .text.HW_RS485_Set_RxMode
                0x00000000080006ba       0x20 ./Core/Src/hw_rs485.o
                0x00000000080006ba                HW_RS485_Set_RxMode
 .text.HW_RS485_Transmit
                0x00000000080006da       0x5c ./Core/Src/hw_rs485.o
                0x00000000080006da                HW_RS485_Transmit
 *fill*         0x0000000008000736        0x2 
 .text.HW_RTC_Init
                0x0000000008000738       0x38 ./Core/Src/hw_rtc.o
                0x0000000008000738                HW_RTC_Init
 .text.HW_SPI2_Init
                0x0000000008000770       0x70 ./Core/Src/hw_spi.o
                0x0000000008000770                HW_SPI2_Init
 .text.SystemClock_Config
                0x00000000080007e0       0xd0 ./Core/Src/hw_system.o
                0x00000000080007e0                SystemClock_Config
 .text.System_ErrorHandler
                0x00000000080008b0        0xa ./Core/Src/hw_system.o
                0x00000000080008b0                System_ErrorHandler
 *fill*         0x00000000080008ba        0x2 
 .text.HW_TIM1_Init
                0x00000000080008bc       0xf4 ./Core/Src/hw_tim.o
                0x00000000080008bc                HW_TIM1_Init
 .text.HW_TIM2_Init
                0x00000000080009b0       0x90 ./Core/Src/hw_tim.o
                0x00000000080009b0                HW_TIM2_Init
 .text.HW_TIM4_Init
                0x0000000008000a40       0xcc ./Core/Src/hw_tim.o
                0x0000000008000a40                HW_TIM4_Init
 .text.HW_TIM8_Init
                0x0000000008000b0c       0xe0 ./Core/Src/hw_tim.o
                0x0000000008000b0c                HW_TIM8_Init
 .text.HW_TIM_SetPWM_Duty
                0x0000000008000bec       0x4e ./Core/Src/hw_tim.o
                0x0000000008000bec                HW_TIM_SetPWM_Duty
 *fill*         0x0000000008000c3a        0x2 
 .text.HAL_TIM_PeriodElapsedCallback
                0x0000000008000c3c       0x44 ./Core/Src/hw_tim.o
                0x0000000008000c3c                HAL_TIM_PeriodElapsedCallback
 .text.HW_USART1_UART_Init
                0x0000000008000c80       0x54 ./Core/Src/hw_uart.o
                0x0000000008000c80                HW_USART1_UART_Init
 .text.HW_USART2_UART_Init
                0x0000000008000cd4       0x54 ./Core/Src/hw_uart.o
                0x0000000008000cd4                HW_USART2_UART_Init
 .text.HW_USART3_UART_Init
                0x0000000008000d28       0x54 ./Core/Src/hw_uart.o
                0x0000000008000d28                HW_USART3_UART_Init
 .text.HW_UART4_Init
                0x0000000008000d7c       0x54 ./Core/Src/hw_uart.o
                0x0000000008000d7c                HW_UART4_Init
 .text.HW_UART5_Init
                0x0000000008000dd0       0x54 ./Core/Src/hw_uart.o
                0x0000000008000dd0                HW_UART5_Init
 .text.HW_USB_PCD_Init
                0x0000000008000e24       0x44 ./Core/Src/hw_usb.o
                0x0000000008000e24                HW_USB_PCD_Init
 .text.main     0x0000000008000e68      0x200 ./Core/Src/main.o
                0x0000000008000e68                main
 .text.TOF_Simple_Init
                0x0000000008001068       0xcc ./Core/Src/main.o
                0x0000000008001068                TOF_Simple_Init
 .text.TOF_Start_Ranging
                0x0000000008001134       0x54 ./Core/Src/main.o
                0x0000000008001134                TOF_Start_Ranging
 .text.Error_Handler
                0x0000000008001188        0xa ./Core/Src/main.o
                0x0000000008001188                Error_Handler
 *fill*         0x0000000008001192        0x2 
 .text.HAL_MspInit
                0x0000000008001194       0x5c ./Core/Src/stm32f1xx_hal_msp.o
                0x0000000008001194                HAL_MspInit
 .text.HAL_CAN_MspInit
                0x00000000080011f0       0xbc ./Core/Src/stm32f1xx_hal_msp.o
                0x00000000080011f0                HAL_CAN_MspInit
 .text.HAL_DAC_MspInit
                0x00000000080012ac       0x78 ./Core/Src/stm32f1xx_hal_msp.o
                0x00000000080012ac                HAL_DAC_MspInit
 .text.HAL_I2C_MspInit
                0x0000000008001324       0xd8 ./Core/Src/stm32f1xx_hal_msp.o
                0x0000000008001324                HAL_I2C_MspInit
 .text.HAL_RTC_MspInit
                0x00000000080013fc       0x48 ./Core/Src/stm32f1xx_hal_msp.o
                0x00000000080013fc                HAL_RTC_MspInit
 .text.HAL_SPI_MspInit
                0x0000000008001444       0x98 ./Core/Src/stm32f1xx_hal_msp.o
                0x0000000008001444                HAL_SPI_MspInit
 .text.HAL_TIM_Base_MspInit
                0x00000000080014dc       0x70 ./Core/Src/stm32f1xx_hal_msp.o
                0x00000000080014dc                HAL_TIM_Base_MspInit
 .text.HAL_TIM_PWM_MspInit
                0x000000000800154c       0x7c ./Core/Src/stm32f1xx_hal_msp.o
                0x000000000800154c                HAL_TIM_PWM_MspInit
 .text.HAL_TIM_MspPostInit
                0x00000000080015c8       0xcc ./Core/Src/stm32f1xx_hal_msp.o
                0x00000000080015c8                HAL_TIM_MspPostInit
 .text.HAL_UART_MspInit
                0x0000000008001694      0x2c8 ./Core/Src/stm32f1xx_hal_msp.o
                0x0000000008001694                HAL_UART_MspInit
 .text.HAL_PCD_MspInit
                0x000000000800195c       0x3c ./Core/Src/stm32f1xx_hal_msp.o
                0x000000000800195c                HAL_PCD_MspInit
 .text.NMI_Handler
                0x0000000008001998        0x6 ./Core/Src/stm32f1xx_it.o
                0x0000000008001998                NMI_Handler
 .text.HardFault_Handler
                0x000000000800199e        0x6 ./Core/Src/stm32f1xx_it.o
                0x000000000800199e                HardFault_Handler
 .text.MemManage_Handler
                0x00000000080019a4        0x6 ./Core/Src/stm32f1xx_it.o
                0x00000000080019a4                MemManage_Handler
 .text.BusFault_Handler
                0x00000000080019aa        0x6 ./Core/Src/stm32f1xx_it.o
                0x00000000080019aa                BusFault_Handler
 .text.UsageFault_Handler
                0x00000000080019b0        0x6 ./Core/Src/stm32f1xx_it.o
                0x00000000080019b0                UsageFault_Handler
 .text.SVC_Handler
                0x00000000080019b6        0xc ./Core/Src/stm32f1xx_it.o
                0x00000000080019b6                SVC_Handler
 .text.DebugMon_Handler
                0x00000000080019c2        0xc ./Core/Src/stm32f1xx_it.o
                0x00000000080019c2                DebugMon_Handler
 .text.PendSV_Handler
                0x00000000080019ce        0xc ./Core/Src/stm32f1xx_it.o
                0x00000000080019ce                PendSV_Handler
 .text.SysTick_Handler
                0x00000000080019da        0xc ./Core/Src/stm32f1xx_it.o
                0x00000000080019da                SysTick_Handler
 *fill*         0x00000000080019e6        0x2 
 .text.TIM2_IRQHandler
                0x00000000080019e8       0x14 ./Core/Src/stm32f1xx_it.o
                0x00000000080019e8                TIM2_IRQHandler
 .text._sbrk    0x00000000080019fc       0x6c ./Core/Src/sysmem.o
                0x00000000080019fc                _sbrk
 .text.SystemInit
                0x0000000008001a68        0xc ./Core/Src/system_stm32f1xx.o
                0x0000000008001a68                SystemInit
 .text.Reset_Handler
                0x0000000008001a74       0x48 ./Core/Startup/startup_stm32f103vctx.o
                0x0000000008001a74                Reset_Handler
 .text.Default_Handler
                0x0000000008001abc        0x2 ./Core/Startup/startup_stm32f103vctx.o
                0x0000000008001abc                RTC_Alarm_IRQHandler
                0x0000000008001abc                EXTI2_IRQHandler
                0x0000000008001abc                TIM8_TRG_COM_IRQHandler
                0x0000000008001abc                TIM8_CC_IRQHandler
                0x0000000008001abc                TIM1_CC_IRQHandler
                0x0000000008001abc                TIM6_IRQHandler
                0x0000000008001abc                PVD_IRQHandler
                0x0000000008001abc                SDIO_IRQHandler
                0x0000000008001abc                EXTI3_IRQHandler
                0x0000000008001abc                EXTI0_IRQHandler
                0x0000000008001abc                I2C2_EV_IRQHandler
                0x0000000008001abc                ADC1_2_IRQHandler
                0x0000000008001abc                SPI1_IRQHandler
                0x0000000008001abc                TAMPER_IRQHandler
                0x0000000008001abc                TIM8_UP_IRQHandler
                0x0000000008001abc                DMA2_Channel2_IRQHandler
                0x0000000008001abc                DMA1_Channel4_IRQHandler
                0x0000000008001abc                USART3_IRQHandler
                0x0000000008001abc                RTC_IRQHandler
                0x0000000008001abc                DMA1_Channel7_IRQHandler
                0x0000000008001abc                CAN1_RX1_IRQHandler
                0x0000000008001abc                UART5_IRQHandler
                0x0000000008001abc                ADC3_IRQHandler
                0x0000000008001abc                TIM4_IRQHandler
                0x0000000008001abc                DMA2_Channel1_IRQHandler
                0x0000000008001abc                I2C1_EV_IRQHandler
                0x0000000008001abc                DMA1_Channel6_IRQHandler
                0x0000000008001abc                UART4_IRQHandler
                0x0000000008001abc                TIM3_IRQHandler
                0x0000000008001abc                RCC_IRQHandler
                0x0000000008001abc                TIM1_TRG_COM_IRQHandler
                0x0000000008001abc                DMA1_Channel1_IRQHandler
                0x0000000008001abc                Default_Handler
                0x0000000008001abc                EXTI15_10_IRQHandler
                0x0000000008001abc                TIM7_IRQHandler
                0x0000000008001abc                TIM5_IRQHandler
                0x0000000008001abc                EXTI9_5_IRQHandler
                0x0000000008001abc                SPI2_IRQHandler
                0x0000000008001abc                DMA1_Channel5_IRQHandler
                0x0000000008001abc                EXTI4_IRQHandler
                0x0000000008001abc                USB_LP_CAN1_RX0_IRQHandler
                0x0000000008001abc                USB_HP_CAN1_TX_IRQHandler
                0x0000000008001abc                DMA1_Channel3_IRQHandler
                0x0000000008001abc                FSMC_IRQHandler
                0x0000000008001abc                TIM1_UP_IRQHandler
                0x0000000008001abc                WWDG_IRQHandler
                0x0000000008001abc                TIM1_BRK_IRQHandler
                0x0000000008001abc                EXTI1_IRQHandler
                0x0000000008001abc                DMA2_Channel4_5_IRQHandler
                0x0000000008001abc                USART2_IRQHandler
                0x0000000008001abc                I2C2_ER_IRQHandler
                0x0000000008001abc                DMA1_Channel2_IRQHandler
                0x0000000008001abc                TIM8_BRK_IRQHandler
                0x0000000008001abc                CAN1_SCE_IRQHandler
                0x0000000008001abc                FLASH_IRQHandler
                0x0000000008001abc                USART1_IRQHandler
                0x0000000008001abc                SPI3_IRQHandler
                0x0000000008001abc                I2C1_ER_IRQHandler
                0x0000000008001abc                USBWakeUp_IRQHandler
                0x0000000008001abc                DMA2_Channel3_IRQHandler
 *fill*         0x0000000008001abe        0x2 
 .text.HAL_Init
                0x0000000008001ac0       0x2c ./Drivers/STM32F1xx_HAL_Driver/Src/stm32f1xx_hal.o
                0x0000000008001ac0                HAL_Init
 .text.HAL_InitTick
                0x0000000008001aec       0x60 ./Drivers/STM32F1xx_HAL_Driver/Src/stm32f1xx_hal.o
                0x0000000008001aec                HAL_InitTick
 .text.HAL_IncTick
                0x0000000008001b4c       0x24 ./Drivers/STM32F1xx_HAL_Driver/Src/stm32f1xx_hal.o
                0x0000000008001b4c                HAL_IncTick
 .text.HAL_GetTick
                0x0000000008001b70       0x14 ./Drivers/STM32F1xx_HAL_Driver/Src/stm32f1xx_hal.o
                0x0000000008001b70                HAL_GetTick
 .text.HAL_Delay
                0x0000000008001b84       0x48 ./Drivers/STM32F1xx_HAL_Driver/Src/stm32f1xx_hal.o
                0x0000000008001b84                HAL_Delay
 .text.HAL_CAN_Init
                0x0000000008001bcc      0x1f6 ./Drivers/STM32F1xx_HAL_Driver/Src/stm32f1xx_hal_can.o
                0x0000000008001bcc                HAL_CAN_Init
 .text.HAL_CAN_ConfigFilter
                0x0000000008001dc2      0x192 ./Drivers/STM32F1xx_HAL_Driver/Src/stm32f1xx_hal_can.o
                0x0000000008001dc2                HAL_CAN_ConfigFilter
 .text.HAL_CAN_Start
                0x0000000008001f54       0x88 ./Drivers/STM32F1xx_HAL_Driver/Src/stm32f1xx_hal_can.o
                0x0000000008001f54                HAL_CAN_Start
 .text.HAL_CAN_ActivateNotification
                0x0000000008001fdc       0x4a ./Drivers/STM32F1xx_HAL_Driver/Src/stm32f1xx_hal_can.o
                0x0000000008001fdc                HAL_CAN_ActivateNotification
 *fill*         0x0000000008002026        0x2 
 .text.__NVIC_SetPriorityGrouping
                0x0000000008002028       0x48 ./Drivers/STM32F1xx_HAL_Driver/Src/stm32f1xx_hal_cortex.o
 .text.__NVIC_GetPriorityGrouping
                0x0000000008002070       0x1c ./Drivers/STM32F1xx_HAL_Driver/Src/stm32f1xx_hal_cortex.o
 .text.__NVIC_EnableIRQ
                0x000000000800208c       0x38 ./Drivers/STM32F1xx_HAL_Driver/Src/stm32f1xx_hal_cortex.o
 .text.__NVIC_SetPriority
                0x00000000080020c4       0x54 ./Drivers/STM32F1xx_HAL_Driver/Src/stm32f1xx_hal_cortex.o
 .text.NVIC_EncodePriority
                0x0000000008002118       0x64 ./Drivers/STM32F1xx_HAL_Driver/Src/stm32f1xx_hal_cortex.o
 .text.SysTick_Config
                0x000000000800217c       0x44 ./Drivers/STM32F1xx_HAL_Driver/Src/stm32f1xx_hal_cortex.o
 .text.HAL_NVIC_SetPriorityGrouping
                0x00000000080021c0       0x16 ./Drivers/STM32F1xx_HAL_Driver/Src/stm32f1xx_hal_cortex.o
                0x00000000080021c0                HAL_NVIC_SetPriorityGrouping
 .text.HAL_NVIC_SetPriority
                0x00000000080021d6       0x38 ./Drivers/STM32F1xx_HAL_Driver/Src/stm32f1xx_hal_cortex.o
                0x00000000080021d6                HAL_NVIC_SetPriority
 .text.HAL_NVIC_EnableIRQ
                0x000000000800220e       0x1c ./Drivers/STM32F1xx_HAL_Driver/Src/stm32f1xx_hal_cortex.o
                0x000000000800220e                HAL_NVIC_EnableIRQ
 .text.HAL_SYSTICK_Config
                0x000000000800222a       0x18 ./Drivers/STM32F1xx_HAL_Driver/Src/stm32f1xx_hal_cortex.o
                0x000000000800222a                HAL_SYSTICK_Config
 .text.HAL_DAC_Init
                0x0000000008002242       0x44 ./Drivers/STM32F1xx_HAL_Driver/Src/stm32f1xx_hal_dac.o
                0x0000000008002242                HAL_DAC_Init
 .text.HAL_DAC_Start
                0x0000000008002286       0xac ./Drivers/STM32F1xx_HAL_Driver/Src/stm32f1xx_hal_dac.o
                0x0000000008002286                HAL_DAC_Start
 .text.HAL_DAC_ConfigChannel
                0x0000000008002332       0xb0 ./Drivers/STM32F1xx_HAL_Driver/Src/stm32f1xx_hal_dac.o
                0x0000000008002332                HAL_DAC_ConfigChannel
 *fill*         0x00000000080023e2        0x2 
 .text.HAL_GPIO_Init
                0x00000000080023e4      0x328 ./Drivers/STM32F1xx_HAL_Driver/Src/stm32f1xx_hal_gpio.o
                0x00000000080023e4                HAL_GPIO_Init
 .text.HAL_GPIO_ReadPin
                0x000000000800270c       0x2e ./Drivers/STM32F1xx_HAL_Driver/Src/stm32f1xx_hal_gpio.o
                0x000000000800270c                HAL_GPIO_ReadPin
 .text.HAL_GPIO_WritePin
                0x000000000800273a       0x30 ./Drivers/STM32F1xx_HAL_Driver/Src/stm32f1xx_hal_gpio.o
                0x000000000800273a                HAL_GPIO_WritePin
 .text.HAL_GPIO_TogglePin
                0x000000000800276a       0x32 ./Drivers/STM32F1xx_HAL_Driver/Src/stm32f1xx_hal_gpio.o
                0x000000000800276a                HAL_GPIO_TogglePin
 .text.HAL_I2C_Init
                0x000000000800279c      0x288 ./Drivers/STM32F1xx_HAL_Driver/Src/stm32f1xx_hal_i2c.o
                0x000000000800279c                HAL_I2C_Init
 .text.HAL_I2C_Mem_Write
                0x0000000008002a24      0x1f4 ./Drivers/STM32F1xx_HAL_Driver/Src/stm32f1xx_hal_i2c.o
                0x0000000008002a24                HAL_I2C_Mem_Write
 .text.HAL_I2C_Mem_Read
                0x0000000008002c18      0x4e8 ./Drivers/STM32F1xx_HAL_Driver/Src/stm32f1xx_hal_i2c.o
                0x0000000008002c18                HAL_I2C_Mem_Read
 .text.I2C_RequestMemoryWrite
                0x0000000008003100      0x12c ./Drivers/STM32F1xx_HAL_Driver/Src/stm32f1xx_hal_i2c.o
 .text.I2C_RequestMemoryRead
                0x000000000800322c      0x1d0 ./Drivers/STM32F1xx_HAL_Driver/Src/stm32f1xx_hal_i2c.o
 .text.I2C_WaitOnFlagUntilTimeout
                0x00000000080033fc       0xf4 ./Drivers/STM32F1xx_HAL_Driver/Src/stm32f1xx_hal_i2c.o
 .text.I2C_WaitOnMasterAddressFlagUntilTimeout
                0x00000000080034f0      0x140 ./Drivers/STM32F1xx_HAL_Driver/Src/stm32f1xx_hal_i2c.o
 .text.I2C_WaitOnTXEFlagUntilTimeout
                0x0000000008003630       0x90 ./Drivers/STM32F1xx_HAL_Driver/Src/stm32f1xx_hal_i2c.o
 .text.I2C_WaitOnBTFFlagUntilTimeout
                0x00000000080036c0       0x90 ./Drivers/STM32F1xx_HAL_Driver/Src/stm32f1xx_hal_i2c.o
 .text.I2C_WaitOnRXNEFlagUntilTimeout
                0x0000000008003750       0xba ./Drivers/STM32F1xx_HAL_Driver/Src/stm32f1xx_hal_i2c.o
 .text.I2C_IsAcknowledgeFailed
                0x000000000800380a       0x5c ./Drivers/STM32F1xx_HAL_Driver/Src/stm32f1xx_hal_i2c.o
 .text.HAL_PCD_Init
                0x0000000008003866      0x1ec ./Drivers/STM32F1xx_HAL_Driver/Src/stm32f1xx_hal_pcd.o
                0x0000000008003866                HAL_PCD_Init
 *fill*         0x0000000008003a52        0x2 
 .text.HAL_PWR_EnableBkUpAccess
                0x0000000008003a54       0x18 ./Drivers/STM32F1xx_HAL_Driver/Src/stm32f1xx_hal_pwr.o
                0x0000000008003a54                HAL_PWR_EnableBkUpAccess
 .text.HAL_RCC_OscConfig
                0x0000000008003a6c      0x504 ./Drivers/STM32F1xx_HAL_Driver/Src/stm32f1xx_hal_rcc.o
                0x0000000008003a6c                HAL_RCC_OscConfig
 .text.HAL_RCC_ClockConfig
                0x0000000008003f70      0x1d4 ./Drivers/STM32F1xx_HAL_Driver/Src/stm32f1xx_hal_rcc.o
                0x0000000008003f70                HAL_RCC_ClockConfig
 .text.HAL_RCC_MCOConfig
                0x0000000008004144       0x70 ./Drivers/STM32F1xx_HAL_Driver/Src/stm32f1xx_hal_rcc.o
                0x0000000008004144                HAL_RCC_MCOConfig
 .text.HAL_RCC_GetSysClockFreq
                0x00000000080041b4       0xa8 ./Drivers/STM32F1xx_HAL_Driver/Src/stm32f1xx_hal_rcc.o
                0x00000000080041b4                HAL_RCC_GetSysClockFreq
 .text.HAL_RCC_GetHCLKFreq
                0x000000000800425c       0x14 ./Drivers/STM32F1xx_HAL_Driver/Src/stm32f1xx_hal_rcc.o
                0x000000000800425c                HAL_RCC_GetHCLKFreq
 .text.HAL_RCC_GetPCLK1Freq
                0x0000000008004270       0x28 ./Drivers/STM32F1xx_HAL_Driver/Src/stm32f1xx_hal_rcc.o
                0x0000000008004270                HAL_RCC_GetPCLK1Freq
 .text.HAL_RCC_GetPCLK2Freq
                0x0000000008004298       0x28 ./Drivers/STM32F1xx_HAL_Driver/Src/stm32f1xx_hal_rcc.o
                0x0000000008004298                HAL_RCC_GetPCLK2Freq
 .text.RCC_Delay
                0x00000000080042c0       0x3c ./Drivers/STM32F1xx_HAL_Driver/Src/stm32f1xx_hal_rcc.o
 .text.HAL_RCCEx_PeriphCLKConfig
                0x00000000080042fc      0x16c ./Drivers/STM32F1xx_HAL_Driver/Src/stm32f1xx_hal_rcc_ex.o
                0x00000000080042fc                HAL_RCCEx_PeriphCLKConfig
 .text.HAL_RCCEx_GetPeriphCLKFreq
                0x0000000008004468      0x1b0 ./Drivers/STM32F1xx_HAL_Driver/Src/stm32f1xx_hal_rcc_ex.o
                0x0000000008004468                HAL_RCCEx_GetPeriphCLKFreq
 .text.HAL_RTC_Init
                0x0000000008004618      0x118 ./Drivers/STM32F1xx_HAL_Driver/Src/stm32f1xx_hal_rtc.o
                0x0000000008004618                HAL_RTC_Init
 .text.HAL_RTC_WaitForSynchro
                0x0000000008004730       0x5a ./Drivers/STM32F1xx_HAL_Driver/Src/stm32f1xx_hal_rtc.o
                0x0000000008004730                HAL_RTC_WaitForSynchro
 .text.RTC_EnterInitMode
                0x000000000800478a       0x50 ./Drivers/STM32F1xx_HAL_Driver/Src/stm32f1xx_hal_rtc.o
 .text.RTC_ExitInitMode
                0x00000000080047da       0x50 ./Drivers/STM32F1xx_HAL_Driver/Src/stm32f1xx_hal_rtc.o
 .text.HAL_SPI_Init
                0x000000000800482a      0x108 ./Drivers/STM32F1xx_HAL_Driver/Src/stm32f1xx_hal_spi.o
                0x000000000800482a                HAL_SPI_Init
 .text.HAL_TIM_Base_Init
                0x0000000008004932       0x9e ./Drivers/STM32F1xx_HAL_Driver/Src/stm32f1xx_hal_tim.o
                0x0000000008004932                HAL_TIM_Base_Init
 .text.HAL_TIM_Base_Start_IT
                0x00000000080049d0       0xc0 ./Drivers/STM32F1xx_HAL_Driver/Src/stm32f1xx_hal_tim.o
                0x00000000080049d0                HAL_TIM_Base_Start_IT
 .text.HAL_TIM_OC_Init
                0x0000000008004a90       0x9e ./Drivers/STM32F1xx_HAL_Driver/Src/stm32f1xx_hal_tim.o
                0x0000000008004a90                HAL_TIM_OC_Init
 .text.HAL_TIM_OC_MspInit
                0x0000000008004b2e       0x12 ./Drivers/STM32F1xx_HAL_Driver/Src/stm32f1xx_hal_tim.o
                0x0000000008004b2e                HAL_TIM_OC_MspInit
 .text.HAL_TIM_PWM_Init
                0x0000000008004b40       0x9e ./Drivers/STM32F1xx_HAL_Driver/Src/stm32f1xx_hal_tim.o
                0x0000000008004b40                HAL_TIM_PWM_Init
 *fill*         0x0000000008004bde        0x2 
 .text.HAL_TIM_PWM_Start
                0x0000000008004be0      0x174 ./Drivers/STM32F1xx_HAL_Driver/Src/stm32f1xx_hal_tim.o
                0x0000000008004be0                HAL_TIM_PWM_Start
 .text.HAL_TIM_IRQHandler
                0x0000000008004d54      0x1e0 ./Drivers/STM32F1xx_HAL_Driver/Src/stm32f1xx_hal_tim.o
                0x0000000008004d54                HAL_TIM_IRQHandler
 .text.HAL_TIM_OC_ConfigChannel
                0x0000000008004f34       0xb8 ./Drivers/STM32F1xx_HAL_Driver/Src/stm32f1xx_hal_tim.o
                0x0000000008004f34                HAL_TIM_OC_ConfigChannel
 .text.HAL_TIM_PWM_ConfigChannel
                0x0000000008004fec      0x184 ./Drivers/STM32F1xx_HAL_Driver/Src/stm32f1xx_hal_tim.o
                0x0000000008004fec                HAL_TIM_PWM_ConfigChannel
 .text.HAL_TIM_ConfigClockSource
                0x0000000008005170      0x18e ./Drivers/STM32F1xx_HAL_Driver/Src/stm32f1xx_hal_tim.o
                0x0000000008005170                HAL_TIM_ConfigClockSource
 .text.HAL_TIM_OC_DelayElapsedCallback
                0x00000000080052fe       0x12 ./Drivers/STM32F1xx_HAL_Driver/Src/stm32f1xx_hal_tim.o
                0x00000000080052fe                HAL_TIM_OC_DelayElapsedCallback
 .text.HAL_TIM_IC_CaptureCallback
                0x0000000008005310       0x12 ./Drivers/STM32F1xx_HAL_Driver/Src/stm32f1xx_hal_tim.o
                0x0000000008005310                HAL_TIM_IC_CaptureCallback
 .text.HAL_TIM_PWM_PulseFinishedCallback
                0x0000000008005322       0x12 ./Drivers/STM32F1xx_HAL_Driver/Src/stm32f1xx_hal_tim.o
                0x0000000008005322                HAL_TIM_PWM_PulseFinishedCallback
 .text.HAL_TIM_TriggerCallback
                0x0000000008005334       0x12 ./Drivers/STM32F1xx_HAL_Driver/Src/stm32f1xx_hal_tim.o
                0x0000000008005334                HAL_TIM_TriggerCallback
 *fill*         0x0000000008005346        0x2 
 .text.TIM_Base_SetConfig
                0x0000000008005348      0x10c ./Drivers/STM32F1xx_HAL_Driver/Src/stm32f1xx_hal_tim.o
                0x0000000008005348                TIM_Base_SetConfig
 .text.TIM_OC1_SetConfig
                0x0000000008005454       0xe0 ./Drivers/STM32F1xx_HAL_Driver/Src/stm32f1xx_hal_tim.o
 .text.TIM_OC2_SetConfig
                0x0000000008005534       0xe8 ./Drivers/STM32F1xx_HAL_Driver/Src/stm32f1xx_hal_tim.o
                0x0000000008005534                TIM_OC2_SetConfig
 .text.TIM_OC3_SetConfig
                0x000000000800561c       0xe8 ./Drivers/STM32F1xx_HAL_Driver/Src/stm32f1xx_hal_tim.o
 .text.TIM_OC4_SetConfig
                0x0000000008005704       0xa8 ./Drivers/STM32F1xx_HAL_Driver/Src/stm32f1xx_hal_tim.o
 .text.TIM_TI1_ConfigInputStage
                0x00000000080057ac       0x5c ./Drivers/STM32F1xx_HAL_Driver/Src/stm32f1xx_hal_tim.o
 .text.TIM_TI2_ConfigInputStage
                0x0000000008005808       0x5e ./Drivers/STM32F1xx_HAL_Driver/Src/stm32f1xx_hal_tim.o
 .text.TIM_ITRx_SetConfig
                0x0000000008005866       0x34 ./Drivers/STM32F1xx_HAL_Driver/Src/stm32f1xx_hal_tim.o
 .text.TIM_ETR_SetConfig
                0x000000000800589a       0x3e ./Drivers/STM32F1xx_HAL_Driver/Src/stm32f1xx_hal_tim.o
                0x000000000800589a                TIM_ETR_SetConfig
 .text.TIM_CCxChannelCmd
                0x00000000080058d8       0x48 ./Drivers/STM32F1xx_HAL_Driver/Src/stm32f1xx_hal_tim.o
                0x00000000080058d8                TIM_CCxChannelCmd
 .text.HAL_TIMEx_MasterConfigSynchronization
                0x0000000008005920       0xd8 ./Drivers/STM32F1xx_HAL_Driver/Src/stm32f1xx_hal_tim_ex.o
                0x0000000008005920                HAL_TIMEx_MasterConfigSynchronization
 .text.HAL_TIMEx_ConfigBreakDeadTime
                0x00000000080059f8       0xa2 ./Drivers/STM32F1xx_HAL_Driver/Src/stm32f1xx_hal_tim_ex.o
                0x00000000080059f8                HAL_TIMEx_ConfigBreakDeadTime
 .text.HAL_TIMEx_CommutCallback
                0x0000000008005a9a       0x12 ./Drivers/STM32F1xx_HAL_Driver/Src/stm32f1xx_hal_tim_ex.o
                0x0000000008005a9a                HAL_TIMEx_CommutCallback
 .text.HAL_TIMEx_BreakCallback
                0x0000000008005aac       0x12 ./Drivers/STM32F1xx_HAL_Driver/Src/stm32f1xx_hal_tim_ex.o
                0x0000000008005aac                HAL_TIMEx_BreakCallback
 .text.HAL_UART_Init
                0x0000000008005abe       0xa0 ./Drivers/STM32F1xx_HAL_Driver/Src/stm32f1xx_hal_uart.o
                0x0000000008005abe                HAL_UART_Init
 .text.HAL_UART_Transmit
                0x0000000008005b5e      0x116 ./Drivers/STM32F1xx_HAL_Driver/Src/stm32f1xx_hal_uart.o
                0x0000000008005b5e                HAL_UART_Transmit
 .text.UART_WaitOnFlagUntilTimeout
                0x0000000008005c74       0xb2 ./Drivers/STM32F1xx_HAL_Driver/Src/stm32f1xx_hal_uart.o
 .text.UART_EndRxTransfer
                0x0000000008005d26       0xc4 ./Drivers/STM32F1xx_HAL_Driver/Src/stm32f1xx_hal_uart.o
 *fill*         0x0000000008005dea        0x2 
 .text.UART_SetConfig
                0x0000000008005dec      0x11c ./Drivers/STM32F1xx_HAL_Driver/Src/stm32f1xx_hal_uart.o
 .text.USB_CoreInit
                0x0000000008005f08       0x1a ./Drivers/STM32F1xx_HAL_Driver/Src/stm32f1xx_ll_usb.o
                0x0000000008005f08                USB_CoreInit
 .text.USB_DisableGlobalInt
                0x0000000008005f22       0x34 ./Drivers/STM32F1xx_HAL_Driver/Src/stm32f1xx_ll_usb.o
                0x0000000008005f22                USB_DisableGlobalInt
 .text.USB_SetCurrentMode
                0x0000000008005f56       0x18 ./Drivers/STM32F1xx_HAL_Driver/Src/stm32f1xx_ll_usb.o
                0x0000000008005f56                USB_SetCurrentMode
 .text.USB_DevInit
                0x0000000008005f6e       0x3a ./Drivers/STM32F1xx_HAL_Driver/Src/stm32f1xx_ll_usb.o
                0x0000000008005f6e                USB_DevInit
 .text.USB_DevDisconnect
                0x0000000008005fa8       0x14 ./Drivers/STM32F1xx_HAL_Driver/Src/stm32f1xx_ll_usb.o
                0x0000000008005fa8                USB_DevDisconnect
 .text.sprintf  0x0000000008005fbc       0x40 D:/ST/STM32CubeIDE_1.12.0/STM32CubeIDE/plugins/com.st.stm32cube.ide.mcu.externaltools.gnu-tools-for-stm32.11.3.rel1.win32_1.1.1.202309131626/tools/bin/../lib/gcc/arm-none-eabi/11.3.1/../../../../arm-none-eabi/lib/thumb/v7-m/nofp\libc_nano.a(libc_a-sprintf.o)
                0x0000000008005fbc                siprintf
                0x0000000008005fbc                sprintf
 .text.memset   0x0000000008005ffc       0x10 D:/ST/STM32CubeIDE_1.12.0/STM32CubeIDE/plugins/com.st.stm32cube.ide.mcu.externaltools.gnu-tools-for-stm32.11.3.rel1.win32_1.1.1.202309131626/tools/bin/../lib/gcc/arm-none-eabi/11.3.1/../../../../arm-none-eabi/lib/thumb/v7-m/nofp\libc_nano.a(libc_a-memset.o)
                0x0000000008005ffc                memset
 .text.__errno  0x000000000800600c        0xc D:/ST/STM32CubeIDE_1.12.0/STM32CubeIDE/plugins/com.st.stm32cube.ide.mcu.externaltools.gnu-tools-for-stm32.11.3.rel1.win32_1.1.1.202309131626/tools/bin/../lib/gcc/arm-none-eabi/11.3.1/../../../../arm-none-eabi/lib/thumb/v7-m/nofp\libc_nano.a(libc_a-errno.o)
                0x000000000800600c                __errno
 .text.__libc_init_array
                0x0000000008006018       0x48 D:/ST/STM32CubeIDE_1.12.0/STM32CubeIDE/plugins/com.st.stm32cube.ide.mcu.externaltools.gnu-tools-for-stm32.11.3.rel1.win32_1.1.1.202309131626/tools/bin/../lib/gcc/arm-none-eabi/11.3.1/../../../../arm-none-eabi/lib/thumb/v7-m/nofp\libc_nano.a(libc_a-init.o)
                0x0000000008006018                __libc_init_array
 .text.__retarget_lock_acquire_recursive
                0x0000000008006060        0x2 D:/ST/STM32CubeIDE_1.12.0/STM32CubeIDE/plugins/com.st.stm32cube.ide.mcu.externaltools.gnu-tools-for-stm32.11.3.rel1.win32_1.1.1.202309131626/tools/bin/../lib/gcc/arm-none-eabi/11.3.1/../../../../arm-none-eabi/lib/thumb/v7-m/nofp\libc_nano.a(libc_a-lock.o)
                0x0000000008006060                __retarget_lock_acquire_recursive
 .text.__retarget_lock_release_recursive
                0x0000000008006062        0x2 D:/ST/STM32CubeIDE_1.12.0/STM32CubeIDE/plugins/com.st.stm32cube.ide.mcu.externaltools.gnu-tools-for-stm32.11.3.rel1.win32_1.1.1.202309131626/tools/bin/../lib/gcc/arm-none-eabi/11.3.1/../../../../arm-none-eabi/lib/thumb/v7-m/nofp\libc_nano.a(libc_a-lock.o)
                0x0000000008006062                __retarget_lock_release_recursive
 .text.memcpy   0x0000000008006064       0x1c D:/ST/STM32CubeIDE_1.12.0/STM32CubeIDE/plugins/com.st.stm32cube.ide.mcu.externaltools.gnu-tools-for-stm32.11.3.rel1.win32_1.1.1.202309131626/tools/bin/../lib/gcc/arm-none-eabi/11.3.1/../../../../arm-none-eabi/lib/thumb/v7-m/nofp\libc_nano.a(libc_a-memcpy-stub.o)
                0x0000000008006064                memcpy
 .text._free_r  0x0000000008006080       0x90 D:/ST/STM32CubeIDE_1.12.0/STM32CubeIDE/plugins/com.st.stm32cube.ide.mcu.externaltools.gnu-tools-for-stm32.11.3.rel1.win32_1.1.1.202309131626/tools/bin/../lib/gcc/arm-none-eabi/11.3.1/../../../../arm-none-eabi/lib/thumb/v7-m/nofp\libc_nano.a(libc_a-freer.o)
                0x0000000008006080                _free_r
 .text.sbrk_aligned
                0x0000000008006110       0x40 D:/ST/STM32CubeIDE_1.12.0/STM32CubeIDE/plugins/com.st.stm32cube.ide.mcu.externaltools.gnu-tools-for-stm32.11.3.rel1.win32_1.1.1.202309131626/tools/bin/../lib/gcc/arm-none-eabi/11.3.1/../../../../arm-none-eabi/lib/thumb/v7-m/nofp\libc_nano.a(libc_a-mallocr.o)
 .text._malloc_r
                0x0000000008006150      0x100 D:/ST/STM32CubeIDE_1.12.0/STM32CubeIDE/plugins/com.st.stm32cube.ide.mcu.externaltools.gnu-tools-for-stm32.11.3.rel1.win32_1.1.1.202309131626/tools/bin/../lib/gcc/arm-none-eabi/11.3.1/../../../../arm-none-eabi/lib/thumb/v7-m/nofp\libc_nano.a(libc_a-mallocr.o)
                0x0000000008006150                _malloc_r
 .text.__malloc_lock
                0x0000000008006250        0xc D:/ST/STM32CubeIDE_1.12.0/STM32CubeIDE/plugins/com.st.stm32cube.ide.mcu.externaltools.gnu-tools-for-stm32.11.3.rel1.win32_1.1.1.202309131626/tools/bin/../lib/gcc/arm-none-eabi/11.3.1/../../../../arm-none-eabi/lib/thumb/v7-m/nofp\libc_nano.a(libc_a-mlock.o)
                0x0000000008006250                __malloc_lock
 .text.__malloc_unlock
                0x000000000800625c        0xc D:/ST/STM32CubeIDE_1.12.0/STM32CubeIDE/plugins/com.st.stm32cube.ide.mcu.externaltools.gnu-tools-for-stm32.11.3.rel1.win32_1.1.1.202309131626/tools/bin/../lib/gcc/arm-none-eabi/11.3.1/../../../../arm-none-eabi/lib/thumb/v7-m/nofp\libc_nano.a(libc_a-mlock.o)
                0x000000000800625c                __malloc_unlock
 .text.__ssputs_r
                0x0000000008006268       0xb4 D:/ST/STM32CubeIDE_1.12.0/STM32CubeIDE/plugins/com.st.stm32cube.ide.mcu.externaltools.gnu-tools-for-stm32.11.3.rel1.win32_1.1.1.202309131626/tools/bin/../lib/gcc/arm-none-eabi/11.3.1/../../../../arm-none-eabi/lib/thumb/v7-m/nofp\libc_nano.a(libc_a-nano-svfprintf.o)
                0x0000000008006268                __ssputs_r
 .text._svfprintf_r
                0x000000000800631c      0x1fc D:/ST/STM32CubeIDE_1.12.0/STM32CubeIDE/plugins/com.st.stm32cube.ide.mcu.externaltools.gnu-tools-for-stm32.11.3.rel1.win32_1.1.1.202309131626/tools/bin/../lib/gcc/arm-none-eabi/11.3.1/../../../../arm-none-eabi/lib/thumb/v7-m/nofp\libc_nano.a(libc_a-nano-svfprintf.o)
                0x000000000800631c                _svfiprintf_r
                0x000000000800631c                _svfprintf_r
 .text._printf_common
                0x0000000008006518       0xe4 D:/ST/STM32CubeIDE_1.12.0/STM32CubeIDE/plugins/com.st.stm32cube.ide.mcu.externaltools.gnu-tools-for-stm32.11.3.rel1.win32_1.1.1.202309131626/tools/bin/../lib/gcc/arm-none-eabi/11.3.1/../../../../arm-none-eabi/lib/thumb/v7-m/nofp\libc_nano.a(libc_a-nano-vfprintf_i.o)
                0x0000000008006518                _printf_common
 .text._printf_i
                0x00000000080065fc      0x244 D:/ST/STM32CubeIDE_1.12.0/STM32CubeIDE/plugins/com.st.stm32cube.ide.mcu.externaltools.gnu-tools-for-stm32.11.3.rel1.win32_1.1.1.202309131626/tools/bin/../lib/gcc/arm-none-eabi/11.3.1/../../../../arm-none-eabi/lib/thumb/v7-m/nofp\libc_nano.a(libc_a-nano-vfprintf_i.o)
                0x00000000080065fc                _printf_i
 .text.memmove  0x0000000008006840       0x34 D:/ST/STM32CubeIDE_1.12.0/STM32CubeIDE/plugins/com.st.stm32cube.ide.mcu.externaltools.gnu-tools-for-stm32.11.3.rel1.win32_1.1.1.202309131626/tools/bin/../lib/gcc/arm-none-eabi/11.3.1/../../../../arm-none-eabi/lib/thumb/v7-m/nofp\libc_nano.a(libc_a-memmove.o)
                0x0000000008006840                memmove
 .text._sbrk_r  0x0000000008006874       0x20 D:/ST/STM32CubeIDE_1.12.0/STM32CubeIDE/plugins/com.st.stm32cube.ide.mcu.externaltools.gnu-tools-for-stm32.11.3.rel1.win32_1.1.1.202309131626/tools/bin/../lib/gcc/arm-none-eabi/11.3.1/../../../../arm-none-eabi/lib/thumb/v7-m/nofp\libc_nano.a(libc_a-sbrkr.o)
                0x0000000008006874                _sbrk_r
 .text.memchr   0x0000000008006894       0x1c D:/ST/STM32CubeIDE_1.12.0/STM32CubeIDE/plugins/com.st.stm32cube.ide.mcu.externaltools.gnu-tools-for-stm32.11.3.rel1.win32_1.1.1.202309131626/tools/bin/../lib/gcc/arm-none-eabi/11.3.1/../../../../arm-none-eabi/lib/thumb/v7-m/nofp\libc_nano.a(libc_a-memchr-stub.o)
                0x0000000008006894                memchr
 .text._realloc_r
                0x00000000080068b0       0x5e D:/ST/STM32CubeIDE_1.12.0/STM32CubeIDE/plugins/com.st.stm32cube.ide.mcu.externaltools.gnu-tools-for-stm32.11.3.rel1.win32_1.1.1.202309131626/tools/bin/../lib/gcc/arm-none-eabi/11.3.1/../../../../arm-none-eabi/lib/thumb/v7-m/nofp\libc_nano.a(libc_a-reallocr.o)
                0x00000000080068b0                _realloc_r
 .text._malloc_usable_size_r
                0x000000000800690e       0x10 D:/ST/STM32CubeIDE_1.12.0/STM32CubeIDE/plugins/com.st.stm32cube.ide.mcu.externaltools.gnu-tools-for-stm32.11.3.rel1.win32_1.1.1.202309131626/tools/bin/../lib/gcc/arm-none-eabi/11.3.1/../../../../arm-none-eabi/lib/thumb/v7-m/nofp\libc_nano.a(libc_a-msizer.o)
                0x000000000800690e                _malloc_usable_size_r
 *(.glue_7)
 .glue_7        0x000000000800691e        0x0 linker stubs
 *(.glue_7t)
 .glue_7t       0x000000000800691e        0x0 linker stubs
 *(.eh_frame)
 *fill*         0x000000000800691e        0x2 
 .eh_frame      0x0000000008006920        0x0 D:/ST/STM32CubeIDE_1.12.0/STM32CubeIDE/plugins/com.st.stm32cube.ide.mcu.externaltools.gnu-tools-for-stm32.11.3.rel1.win32_1.1.1.202309131626/tools/bin/../lib/gcc/arm-none-eabi/11.3.1/thumb/v7-m/nofp/crtbegin.o
 *(.init)
 .init          0x0000000008006920        0x4 D:/ST/STM32CubeIDE_1.12.0/STM32CubeIDE/plugins/com.st.stm32cube.ide.mcu.externaltools.gnu-tools-for-stm32.11.3.rel1.win32_1.1.1.202309131626/tools/bin/../lib/gcc/arm-none-eabi/11.3.1/thumb/v7-m/nofp/crti.o
                0x0000000008006920                _init
 .init          0x0000000008006924        0x8 D:/ST/STM32CubeIDE_1.12.0/STM32CubeIDE/plugins/com.st.stm32cube.ide.mcu.externaltools.gnu-tools-for-stm32.11.3.rel1.win32_1.1.1.202309131626/tools/bin/../lib/gcc/arm-none-eabi/11.3.1/thumb/v7-m/nofp/crtn.o
 *(.fini)
 .fini          0x000000000800692c        0x4 D:/ST/STM32CubeIDE_1.12.0/STM32CubeIDE/plugins/com.st.stm32cube.ide.mcu.externaltools.gnu-tools-for-stm32.11.3.rel1.win32_1.1.1.202309131626/tools/bin/../lib/gcc/arm-none-eabi/11.3.1/thumb/v7-m/nofp/crti.o
                0x000000000800692c                _fini
 .fini          0x0000000008006930        0x8 D:/ST/STM32CubeIDE_1.12.0/STM32CubeIDE/plugins/com.st.stm32cube.ide.mcu.externaltools.gnu-tools-for-stm32.11.3.rel1.win32_1.1.1.202309131626/tools/bin/../lib/gcc/arm-none-eabi/11.3.1/thumb/v7-m/nofp/crtn.o
                0x0000000008006938                . = ALIGN (0x4)
                0x0000000008006938                _etext = .

.vfp11_veneer   0x0000000008006938        0x0
 .vfp11_veneer  0x0000000008006938        0x0 linker stubs

.v4_bx          0x0000000008006938        0x0
 .v4_bx         0x0000000008006938        0x0 linker stubs

.iplt           0x0000000008006938        0x0
 .iplt          0x0000000008006938        0x0 D:/ST/STM32CubeIDE_1.12.0/STM32CubeIDE/plugins/com.st.stm32cube.ide.mcu.externaltools.gnu-tools-for-stm32.11.3.rel1.win32_1.1.1.202309131626/tools/bin/../lib/gcc/arm-none-eabi/11.3.1/thumb/v7-m/nofp/crtbegin.o

.rodata         0x0000000008006938      0x114
                0x0000000008006938                . = ALIGN (0x4)
 *(.rodata)
 .rodata        0x0000000008006938       0x9e ./Core/Src/main.o
 *(.rodata*)
 *fill*         0x00000000080069d6        0x2 
 .rodata.AHBPrescTable
                0x00000000080069d8       0x10 ./Core/Src/system_stm32f1xx.o
                0x00000000080069d8                AHBPrescTable
 .rodata.APBPrescTable
                0x00000000080069e8        0x8 ./Core/Src/system_stm32f1xx.o
                0x00000000080069e8                APBPrescTable
 .rodata.aPLLMULFactorTable.1
                0x00000000080069f0       0x10 ./Drivers/STM32F1xx_HAL_Driver/Src/stm32f1xx_hal_rcc.o
 .rodata.aPredivFactorTable.0
                0x0000000008006a00        0x2 ./Drivers/STM32F1xx_HAL_Driver/Src/stm32f1xx_hal_rcc.o
 *fill*         0x0000000008006a02        0x2 
 .rodata.aPLLMULFactorTable.1
                0x0000000008006a04       0x10 ./Drivers/STM32F1xx_HAL_Driver/Src/stm32f1xx_hal_rcc_ex.o
 .rodata.aPredivFactorTable.0
                0x0000000008006a14        0x2 ./Drivers/STM32F1xx_HAL_Driver/Src/stm32f1xx_hal_rcc_ex.o
 .rodata._svfprintf_r.str1.1
                0x0000000008006a16       0x11 D:/ST/STM32CubeIDE_1.12.0/STM32CubeIDE/plugins/com.st.stm32cube.ide.mcu.externaltools.gnu-tools-for-stm32.11.3.rel1.win32_1.1.1.202309131626/tools/bin/../lib/gcc/arm-none-eabi/11.3.1/../../../../arm-none-eabi/lib/thumb/v7-m/nofp\libc_nano.a(libc_a-nano-svfprintf.o)
 .rodata._printf_i.str1.1
                0x0000000008006a27       0x22 D:/ST/STM32CubeIDE_1.12.0/STM32CubeIDE/plugins/com.st.stm32cube.ide.mcu.externaltools.gnu-tools-for-stm32.11.3.rel1.win32_1.1.1.202309131626/tools/bin/../lib/gcc/arm-none-eabi/11.3.1/../../../../arm-none-eabi/lib/thumb/v7-m/nofp\libc_nano.a(libc_a-nano-vfprintf_i.o)
                0x0000000008006a4c                . = ALIGN (0x4)
 *fill*         0x0000000008006a49        0x3 

.rel.dyn        0x0000000008006a4c        0x0
 .rel.iplt      0x0000000008006a4c        0x0 D:/ST/STM32CubeIDE_1.12.0/STM32CubeIDE/plugins/com.st.stm32cube.ide.mcu.externaltools.gnu-tools-for-stm32.11.3.rel1.win32_1.1.1.202309131626/tools/bin/../lib/gcc/arm-none-eabi/11.3.1/thumb/v7-m/nofp/crtbegin.o

.ARM.extab      0x0000000008006a4c        0x0
                0x0000000008006a4c                . = ALIGN (0x4)
 *(.ARM.extab* .gnu.linkonce.armextab.*)
                0x0000000008006a4c                . = ALIGN (0x4)

.ARM            0x0000000008006a4c        0x0
                0x0000000008006a4c                . = ALIGN (0x4)
                0x0000000008006a4c                __exidx_start = .
 *(.ARM.exidx*)
                0x0000000008006a4c                __exidx_end = .
                0x0000000008006a4c                . = ALIGN (0x4)

.preinit_array  0x0000000008006a4c        0x0
                0x0000000008006a4c                . = ALIGN (0x4)
                0x0000000008006a4c                PROVIDE (__preinit_array_start = .)
 *(.preinit_array*)
                0x0000000008006a4c                PROVIDE (__preinit_array_end = .)
                0x0000000008006a4c                . = ALIGN (0x4)

.init_array     0x0000000008006a4c        0x4
                0x0000000008006a4c                . = ALIGN (0x4)
                0x0000000008006a4c                PROVIDE (__init_array_start = .)
 *(SORT_BY_NAME(.init_array.*))
 *(.init_array*)
 .init_array    0x0000000008006a4c        0x4 D:/ST/STM32CubeIDE_1.12.0/STM32CubeIDE/plugins/com.st.stm32cube.ide.mcu.externaltools.gnu-tools-for-stm32.11.3.rel1.win32_1.1.1.202309131626/tools/bin/../lib/gcc/arm-none-eabi/11.3.1/thumb/v7-m/nofp/crtbegin.o
                0x0000000008006a50                PROVIDE (__init_array_end = .)
                0x0000000008006a50                . = ALIGN (0x4)

.fini_array     0x0000000008006a50        0x4
                0x0000000008006a50                . = ALIGN (0x4)
                [!provide]                        PROVIDE (__fini_array_start = .)
 *(SORT_BY_NAME(.fini_array.*))
 *(.fini_array*)
 .fini_array    0x0000000008006a50        0x4 D:/ST/STM32CubeIDE_1.12.0/STM32CubeIDE/plugins/com.st.stm32cube.ide.mcu.externaltools.gnu-tools-for-stm32.11.3.rel1.win32_1.1.1.202309131626/tools/bin/../lib/gcc/arm-none-eabi/11.3.1/thumb/v7-m/nofp/crtbegin.o
                [!provide]                        PROVIDE (__fini_array_end = .)
                0x0000000008006a54                . = ALIGN (0x4)
                0x0000000008006a54                _sidata = LOADADDR (.data)

.data           0x0000000020000000       0x5c load address 0x0000000008006a54
                0x0000000020000000                . = ALIGN (0x4)
                0x0000000020000000                _sdata = .
 *(.data)
 *(.data*)
 .data.SystemCoreClock
                0x0000000020000000        0x4 ./Core/Src/system_stm32f1xx.o
                0x0000000020000000                SystemCoreClock
 .data.uwTickPrio
                0x0000000020000004        0x4 ./Drivers/STM32F1xx_HAL_Driver/Src/stm32f1xx_hal.o
                0x0000000020000004                uwTickPrio
 .data.uwTickFreq
                0x0000000020000008        0x1 ./Drivers/STM32F1xx_HAL_Driver/Src/stm32f1xx_hal.o
                0x0000000020000008                uwTickFreq
 *fill*         0x0000000020000009        0x3 
 .data._impure_data
                0x000000002000000c       0x4c D:/ST/STM32CubeIDE_1.12.0/STM32CubeIDE/plugins/com.st.stm32cube.ide.mcu.externaltools.gnu-tools-for-stm32.11.3.rel1.win32_1.1.1.202309131626/tools/bin/../lib/gcc/arm-none-eabi/11.3.1/../../../../arm-none-eabi/lib/thumb/v7-m/nofp\libc_nano.a(libc_a-impure.o)
                0x000000002000000c                _impure_data
 .data._impure_ptr
                0x0000000020000058        0x4 D:/ST/STM32CubeIDE_1.12.0/STM32CubeIDE/plugins/com.st.stm32cube.ide.mcu.externaltools.gnu-tools-for-stm32.11.3.rel1.win32_1.1.1.202309131626/tools/bin/../lib/gcc/arm-none-eabi/11.3.1/../../../../arm-none-eabi/lib/thumb/v7-m/nofp\libc_nano.a(libc_a-impure.o)
                0x0000000020000058                _impure_ptr
 *(.RamFunc)
 *(.RamFunc*)
                0x000000002000005c                . = ALIGN (0x4)
                0x000000002000005c                _edata = .

.igot.plt       0x000000002000005c        0x0 load address 0x0000000008006ab0
 .igot.plt      0x000000002000005c        0x0 D:/ST/STM32CubeIDE_1.12.0/STM32CubeIDE/plugins/com.st.stm32cube.ide.mcu.externaltools.gnu-tools-for-stm32.11.3.rel1.win32_1.1.1.202309131626/tools/bin/../lib/gcc/arm-none-eabi/11.3.1/thumb/v7-m/nofp/crtbegin.o
                0x000000002000005c                . = ALIGN (0x4)

.bss            0x000000002000005c      0x838 load address 0x0000000008006ab0
                0x000000002000005c                _sbss = .
                0x000000002000005c                __bss_start__ = _sbss
 *(.bss)
 .bss           0x000000002000005c       0x1c D:/ST/STM32CubeIDE_1.12.0/STM32CubeIDE/plugins/com.st.stm32cube.ide.mcu.externaltools.gnu-tools-for-stm32.11.3.rel1.win32_1.1.1.202309131626/tools/bin/../lib/gcc/arm-none-eabi/11.3.1/thumb/v7-m/nofp/crtbegin.o
 *(.bss*)
 .bss.hcan      0x0000000020000078       0x28 ./Core/Src/hw_can.o
                0x0000000020000078                hcan
 .bss.hdac      0x00000000200000a0       0x14 ./Core/Src/hw_dac.o
                0x00000000200000a0                hdac
 .bss.hi2c1     0x00000000200000b4       0x54 ./Core/Src/hw_i2c.o
                0x00000000200000b4                hi2c1
 .bss.hi2c2     0x0000000020000108       0x54 ./Core/Src/hw_i2c.o
                0x0000000020000108                hi2c2
 .bss.hrtc      0x000000002000015c       0x14 ./Core/Src/hw_rtc.o
                0x000000002000015c                hrtc
 .bss.hspi2     0x0000000020000170       0x58 ./Core/Src/hw_spi.o
                0x0000000020000170                hspi2
 .bss.htim1     0x00000000200001c8       0x48 ./Core/Src/hw_tim.o
                0x00000000200001c8                htim1
 .bss.htim2     0x0000000020000210       0x48 ./Core/Src/hw_tim.o
                0x0000000020000210                htim2
 .bss.htim4     0x0000000020000258       0x48 ./Core/Src/hw_tim.o
                0x0000000020000258                htim4
 .bss.htim8     0x00000000200002a0       0x48 ./Core/Src/hw_tim.o
                0x00000000200002a0                htim8
 .bss.timer_100ms_flag
                0x00000000200002e8        0x1 ./Core/Src/hw_tim.o
                0x00000000200002e8                timer_100ms_flag
 *fill*         0x00000000200002e9        0x3 
 .bss.led_counter.0
                0x00000000200002ec        0x4 ./Core/Src/hw_tim.o
 .bss.huart1    0x00000000200002f0       0x48 ./Core/Src/hw_uart.o
                0x00000000200002f0                huart1
 .bss.huart2    0x0000000020000338       0x48 ./Core/Src/hw_uart.o
                0x0000000020000338                huart2
 .bss.huart3    0x0000000020000380       0x48 ./Core/Src/hw_uart.o
                0x0000000020000380                huart3
 .bss.huart4    0x00000000200003c8       0x48 ./Core/Src/hw_uart.o
                0x00000000200003c8                huart4
 .bss.huart5    0x0000000020000410       0x48 ./Core/Src/hw_uart.o
                0x0000000020000410                huart5
 .bss.hpcd_USB_FS
                0x0000000020000458      0x2d8 ./Core/Src/hw_usb.o
                0x0000000020000458                hpcd_USB_FS
 .bss.rs485_ch3
                0x0000000020000730        0xc ./Core/Src/main.o
                0x0000000020000730                rs485_ch3
 .bss.tof_initialized
                0x000000002000073c        0x1 ./Core/Src/main.o
                0x000000002000073c                tof_initialized
 .bss.tof_step  0x000000002000073d        0x1 ./Core/Src/main.o
                0x000000002000073d                tof_step
 *fill*         0x000000002000073e        0x2 
 .bss.tof_timeout_tick
                0x0000000020000740        0x4 ./Core/Src/main.o
                0x0000000020000740                tof_timeout_tick
 .bss.__sbrk_heap_end
                0x0000000020000744        0x4 ./Core/Src/sysmem.o
 .bss.uwTick    0x0000000020000748        0x4 ./Drivers/STM32F1xx_HAL_Driver/Src/stm32f1xx_hal.o
                0x0000000020000748                uwTick
 .bss.__sf      0x000000002000074c      0x138 D:/ST/STM32CubeIDE_1.12.0/STM32CubeIDE/plugins/com.st.stm32cube.ide.mcu.externaltools.gnu-tools-for-stm32.11.3.rel1.win32_1.1.1.202309131626/tools/bin/../lib/gcc/arm-none-eabi/11.3.1/../../../../arm-none-eabi/lib/thumb/v7-m/nofp\libc_nano.a(libc_a-findfp.o)
                0x000000002000074c                __sf
 .bss.errno     0x0000000020000884        0x4 D:/ST/STM32CubeIDE_1.12.0/STM32CubeIDE/plugins/com.st.stm32cube.ide.mcu.externaltools.gnu-tools-for-stm32.11.3.rel1.win32_1.1.1.202309131626/tools/bin/../lib/gcc/arm-none-eabi/11.3.1/../../../../arm-none-eabi/lib/thumb/v7-m/nofp\libc_nano.a(libc_a-reent.o)
                0x0000000020000884                errno
 .bss.__lock___malloc_recursive_mutex
                0x0000000020000888        0x1 D:/ST/STM32CubeIDE_1.12.0/STM32CubeIDE/plugins/com.st.stm32cube.ide.mcu.externaltools.gnu-tools-for-stm32.11.3.rel1.win32_1.1.1.202309131626/tools/bin/../lib/gcc/arm-none-eabi/11.3.1/../../../../arm-none-eabi/lib/thumb/v7-m/nofp\libc_nano.a(libc_a-lock.o)
                0x0000000020000888                __lock___malloc_recursive_mutex
 *fill*         0x0000000020000889        0x3 
 .bss.__malloc_free_list
                0x000000002000088c        0x4 D:/ST/STM32CubeIDE_1.12.0/STM32CubeIDE/plugins/com.st.stm32cube.ide.mcu.externaltools.gnu-tools-for-stm32.11.3.rel1.win32_1.1.1.202309131626/tools/bin/../lib/gcc/arm-none-eabi/11.3.1/../../../../arm-none-eabi/lib/thumb/v7-m/nofp\libc_nano.a(libc_a-mallocr.o)
                0x000000002000088c                __malloc_free_list
 .bss.__malloc_sbrk_start
                0x0000000020000890        0x4 D:/ST/STM32CubeIDE_1.12.0/STM32CubeIDE/plugins/com.st.stm32cube.ide.mcu.externaltools.gnu-tools-for-stm32.11.3.rel1.win32_1.1.1.202309131626/tools/bin/../lib/gcc/arm-none-eabi/11.3.1/../../../../arm-none-eabi/lib/thumb/v7-m/nofp\libc_nano.a(libc_a-mallocr.o)
                0x0000000020000890                __malloc_sbrk_start
 *(COMMON)
                0x0000000020000894                . = ALIGN (0x4)
                0x0000000020000894                _ebss = .
                0x0000000020000894                __bss_end__ = _ebss

._user_heap_stack
                0x0000000020000894      0x604 load address 0x0000000008006ab0
                0x0000000020000898                . = ALIGN (0x8)
 *fill*         0x0000000020000894        0x4 
                [!provide]                        PROVIDE (end = .)
                0x0000000020000898                PROVIDE (_end = .)
                0x0000000020000a98                . = (. + _Min_Heap_Size)
 *fill*         0x0000000020000898      0x200 
                0x0000000020000e98                . = (. + _Min_Stack_Size)
 *fill*         0x0000000020000a98      0x400 
                0x0000000020000e98                . = ALIGN (0x8)

/DISCARD/
 libc.a(*)
 libm.a(*)
 libgcc.a(*)

.ARM.attributes
                0x0000000000000000       0x29
 *(.ARM.attributes)
 .ARM.attributes
                0x0000000000000000       0x1d D:/ST/STM32CubeIDE_1.12.0/STM32CubeIDE/plugins/com.st.stm32cube.ide.mcu.externaltools.gnu-tools-for-stm32.11.3.rel1.win32_1.1.1.202309131626/tools/bin/../lib/gcc/arm-none-eabi/11.3.1/thumb/v7-m/nofp/crti.o
 .ARM.attributes
                0x000000000000001d       0x2d D:/ST/STM32CubeIDE_1.12.0/STM32CubeIDE/plugins/com.st.stm32cube.ide.mcu.externaltools.gnu-tools-for-stm32.11.3.rel1.win32_1.1.1.202309131626/tools/bin/../lib/gcc/arm-none-eabi/11.3.1/thumb/v7-m/nofp/crtbegin.o
 .ARM.attributes
                0x000000000000004a       0x2d ./Core/Src/hw_can.o
 .ARM.attributes
                0x0000000000000077       0x2d ./Core/Src/hw_dac.o
 .ARM.attributes
                0x00000000000000a4       0x2d ./Core/Src/hw_gpio.o
 .ARM.attributes
                0x00000000000000d1       0x2d ./Core/Src/hw_i2c.o
 .ARM.attributes
                0x00000000000000fe       0x2d ./Core/Src/hw_rs485.o
 .ARM.attributes
                0x000000000000012b       0x2d ./Core/Src/hw_rtc.o
 .ARM.attributes
                0x0000000000000158       0x2d ./Core/Src/hw_spi.o
 .ARM.attributes
                0x0000000000000185       0x2d ./Core/Src/hw_system.o
 .ARM.attributes
                0x00000000000001b2       0x2d ./Core/Src/hw_tim.o
 .ARM.attributes
                0x00000000000001df       0x2d ./Core/Src/hw_uart.o
 .ARM.attributes
                0x000000000000020c       0x2d ./Core/Src/hw_usb.o
 .ARM.attributes
                0x0000000000000239       0x2d ./Core/Src/main.o
 .ARM.attributes
                0x0000000000000266       0x2d ./Core/Src/stm32f1xx_hal_msp.o
 .ARM.attributes
                0x0000000000000293       0x2d ./Core/Src/stm32f1xx_it.o
 .ARM.attributes
                0x00000000000002c0       0x2d ./Core/Src/sysmem.o
 .ARM.attributes
                0x00000000000002ed       0x2d ./Core/Src/system_stm32f1xx.o
 .ARM.attributes
                0x000000000000031a       0x21 ./Core/Startup/startup_stm32f103vctx.o
 .ARM.attributes
                0x000000000000033b       0x2d ./Drivers/STM32F1xx_HAL_Driver/Src/stm32f1xx_hal.o
 .ARM.attributes
                0x0000000000000368       0x2d ./Drivers/STM32F1xx_HAL_Driver/Src/stm32f1xx_hal_can.o
 .ARM.attributes
                0x0000000000000395       0x2d ./Drivers/STM32F1xx_HAL_Driver/Src/stm32f1xx_hal_cortex.o
 .ARM.attributes
                0x00000000000003c2       0x2d ./Drivers/STM32F1xx_HAL_Driver/Src/stm32f1xx_hal_dac.o
 .ARM.attributes
                0x00000000000003ef       0x2d ./Drivers/STM32F1xx_HAL_Driver/Src/stm32f1xx_hal_gpio.o
 .ARM.attributes
                0x000000000000041c       0x2d ./Drivers/STM32F1xx_HAL_Driver/Src/stm32f1xx_hal_i2c.o
 .ARM.attributes
                0x0000000000000449       0x2d ./Drivers/STM32F1xx_HAL_Driver/Src/stm32f1xx_hal_pcd.o
 .ARM.attributes
                0x0000000000000476       0x2d ./Drivers/STM32F1xx_HAL_Driver/Src/stm32f1xx_hal_pwr.o
 .ARM.attributes
                0x00000000000004a3       0x2d ./Drivers/STM32F1xx_HAL_Driver/Src/stm32f1xx_hal_rcc.o
 .ARM.attributes
                0x00000000000004d0       0x2d ./Drivers/STM32F1xx_HAL_Driver/Src/stm32f1xx_hal_rcc_ex.o
 .ARM.attributes
                0x00000000000004fd       0x2d ./Drivers/STM32F1xx_HAL_Driver/Src/stm32f1xx_hal_rtc.o
 .ARM.attributes
                0x000000000000052a       0x2d ./Drivers/STM32F1xx_HAL_Driver/Src/stm32f1xx_hal_spi.o
 .ARM.attributes
                0x0000000000000557       0x2d ./Drivers/STM32F1xx_HAL_Driver/Src/stm32f1xx_hal_tim.o
 .ARM.attributes
                0x0000000000000584       0x2d ./Drivers/STM32F1xx_HAL_Driver/Src/stm32f1xx_hal_tim_ex.o
 .ARM.attributes
                0x00000000000005b1       0x2d ./Drivers/STM32F1xx_HAL_Driver/Src/stm32f1xx_hal_uart.o
 .ARM.attributes
                0x00000000000005de       0x2d ./Drivers/STM32F1xx_HAL_Driver/Src/stm32f1xx_ll_usb.o
 .ARM.attributes
                0x000000000000060b       0x2d D:/ST/STM32CubeIDE_1.12.0/STM32CubeIDE/plugins/com.st.stm32cube.ide.mcu.externaltools.gnu-tools-for-stm32.11.3.rel1.win32_1.1.1.202309131626/tools/bin/../lib/gcc/arm-none-eabi/11.3.1/../../../../arm-none-eabi/lib/thumb/v7-m/nofp\libc_nano.a(libc_a-findfp.o)
 .ARM.attributes
                0x0000000000000638       0x2d D:/ST/STM32CubeIDE_1.12.0/STM32CubeIDE/plugins/com.st.stm32cube.ide.mcu.externaltools.gnu-tools-for-stm32.11.3.rel1.win32_1.1.1.202309131626/tools/bin/../lib/gcc/arm-none-eabi/11.3.1/../../../../arm-none-eabi/lib/thumb/v7-m/nofp\libc_nano.a(libc_a-sprintf.o)
 .ARM.attributes
                0x0000000000000665       0x2d D:/ST/STM32CubeIDE_1.12.0/STM32CubeIDE/plugins/com.st.stm32cube.ide.mcu.externaltools.gnu-tools-for-stm32.11.3.rel1.win32_1.1.1.202309131626/tools/bin/../lib/gcc/arm-none-eabi/11.3.1/../../../../arm-none-eabi/lib/thumb/v7-m/nofp\libc_nano.a(libc_a-memset.o)
 .ARM.attributes
                0x0000000000000692       0x2d D:/ST/STM32CubeIDE_1.12.0/STM32CubeIDE/plugins/com.st.stm32cube.ide.mcu.externaltools.gnu-tools-for-stm32.11.3.rel1.win32_1.1.1.202309131626/tools/bin/../lib/gcc/arm-none-eabi/11.3.1/../../../../arm-none-eabi/lib/thumb/v7-m/nofp\libc_nano.a(libc_a-reent.o)
 .ARM.attributes
                0x00000000000006bf       0x2d D:/ST/STM32CubeIDE_1.12.0/STM32CubeIDE/plugins/com.st.stm32cube.ide.mcu.externaltools.gnu-tools-for-stm32.11.3.rel1.win32_1.1.1.202309131626/tools/bin/../lib/gcc/arm-none-eabi/11.3.1/../../../../arm-none-eabi/lib/thumb/v7-m/nofp\libc_nano.a(libc_a-impure.o)
 .ARM.attributes
                0x00000000000006ec       0x2d D:/ST/STM32CubeIDE_1.12.0/STM32CubeIDE/plugins/com.st.stm32cube.ide.mcu.externaltools.gnu-tools-for-stm32.11.3.rel1.win32_1.1.1.202309131626/tools/bin/../lib/gcc/arm-none-eabi/11.3.1/../../../../arm-none-eabi/lib/thumb/v7-m/nofp\libc_nano.a(libc_a-errno.o)
 .ARM.attributes
                0x0000000000000719       0x2d D:/ST/STM32CubeIDE_1.12.0/STM32CubeIDE/plugins/com.st.stm32cube.ide.mcu.externaltools.gnu-tools-for-stm32.11.3.rel1.win32_1.1.1.202309131626/tools/bin/../lib/gcc/arm-none-eabi/11.3.1/../../../../arm-none-eabi/lib/thumb/v7-m/nofp\libc_nano.a(libc_a-init.o)
 .ARM.attributes
                0x0000000000000746       0x2d D:/ST/STM32CubeIDE_1.12.0/STM32CubeIDE/plugins/com.st.stm32cube.ide.mcu.externaltools.gnu-tools-for-stm32.11.3.rel1.win32_1.1.1.202309131626/tools/bin/../lib/gcc/arm-none-eabi/11.3.1/../../../../arm-none-eabi/lib/thumb/v7-m/nofp\libc_nano.a(libc_a-lock.o)
 .ARM.attributes
                0x0000000000000773       0x2d D:/ST/STM32CubeIDE_1.12.0/STM32CubeIDE/plugins/com.st.stm32cube.ide.mcu.externaltools.gnu-tools-for-stm32.11.3.rel1.win32_1.1.1.202309131626/tools/bin/../lib/gcc/arm-none-eabi/11.3.1/../../../../arm-none-eabi/lib/thumb/v7-m/nofp\libc_nano.a(libc_a-memcpy-stub.o)
 .ARM.attributes
                0x00000000000007a0       0x17 D:/ST/STM32CubeIDE_1.12.0/STM32CubeIDE/plugins/com.st.stm32cube.ide.mcu.externaltools.gnu-tools-for-stm32.11.3.rel1.win32_1.1.1.202309131626/tools/bin/../lib/gcc/arm-none-eabi/11.3.1/../../../../arm-none-eabi/lib/thumb/v7-m/nofp\libc_nano.a(libc_a-strlen.o)
 .ARM.attributes
                0x00000000000007b7       0x2d D:/ST/STM32CubeIDE_1.12.0/STM32CubeIDE/plugins/com.st.stm32cube.ide.mcu.externaltools.gnu-tools-for-stm32.11.3.rel1.win32_1.1.1.202309131626/tools/bin/../lib/gcc/arm-none-eabi/11.3.1/../../../../arm-none-eabi/lib/thumb/v7-m/nofp\libc_nano.a(libc_a-freer.o)
 .ARM.attributes
                0x00000000000007e4       0x2d D:/ST/STM32CubeIDE_1.12.0/STM32CubeIDE/plugins/com.st.stm32cube.ide.mcu.externaltools.gnu-tools-for-stm32.11.3.rel1.win32_1.1.1.202309131626/tools/bin/../lib/gcc/arm-none-eabi/11.3.1/../../../../arm-none-eabi/lib/thumb/v7-m/nofp\libc_nano.a(libc_a-mallocr.o)
 .ARM.attributes
                0x0000000000000811       0x2d D:/ST/STM32CubeIDE_1.12.0/STM32CubeIDE/plugins/com.st.stm32cube.ide.mcu.externaltools.gnu-tools-for-stm32.11.3.rel1.win32_1.1.1.202309131626/tools/bin/../lib/gcc/arm-none-eabi/11.3.1/../../../../arm-none-eabi/lib/thumb/v7-m/nofp\libc_nano.a(libc_a-mlock.o)
 .ARM.attributes
                0x000000000000083e       0x2d D:/ST/STM32CubeIDE_1.12.0/STM32CubeIDE/plugins/com.st.stm32cube.ide.mcu.externaltools.gnu-tools-for-stm32.11.3.rel1.win32_1.1.1.202309131626/tools/bin/../lib/gcc/arm-none-eabi/11.3.1/../../../../arm-none-eabi/lib/thumb/v7-m/nofp\libc_nano.a(libc_a-nano-svfprintf.o)
 .ARM.attributes
                0x000000000000086b       0x2d D:/ST/STM32CubeIDE_1.12.0/STM32CubeIDE/plugins/com.st.stm32cube.ide.mcu.externaltools.gnu-tools-for-stm32.11.3.rel1.win32_1.1.1.202309131626/tools/bin/../lib/gcc/arm-none-eabi/11.3.1/../../../../arm-none-eabi/lib/thumb/v7-m/nofp\libc_nano.a(libc_a-nano-vfprintf_i.o)
 .ARM.attributes
                0x0000000000000898       0x2d D:/ST/STM32CubeIDE_1.12.0/STM32CubeIDE/plugins/com.st.stm32cube.ide.mcu.externaltools.gnu-tools-for-stm32.11.3.rel1.win32_1.1.1.202309131626/tools/bin/../lib/gcc/arm-none-eabi/11.3.1/../../../../arm-none-eabi/lib/thumb/v7-m/nofp\libc_nano.a(libc_a-memmove.o)
 .ARM.attributes
                0x00000000000008c5       0x2d D:/ST/STM32CubeIDE_1.12.0/STM32CubeIDE/plugins/com.st.stm32cube.ide.mcu.externaltools.gnu-tools-for-stm32.11.3.rel1.win32_1.1.1.202309131626/tools/bin/../lib/gcc/arm-none-eabi/11.3.1/../../../../arm-none-eabi/lib/thumb/v7-m/nofp\libc_nano.a(libc_a-sbrkr.o)
 .ARM.attributes
                0x00000000000008f2       0x2d D:/ST/STM32CubeIDE_1.12.0/STM32CubeIDE/plugins/com.st.stm32cube.ide.mcu.externaltools.gnu-tools-for-stm32.11.3.rel1.win32_1.1.1.202309131626/tools/bin/../lib/gcc/arm-none-eabi/11.3.1/../../../../arm-none-eabi/lib/thumb/v7-m/nofp\libc_nano.a(libc_a-memchr-stub.o)
 .ARM.attributes
                0x000000000000091f       0x2d D:/ST/STM32CubeIDE_1.12.0/STM32CubeIDE/plugins/com.st.stm32cube.ide.mcu.externaltools.gnu-tools-for-stm32.11.3.rel1.win32_1.1.1.202309131626/tools/bin/../lib/gcc/arm-none-eabi/11.3.1/../../../../arm-none-eabi/lib/thumb/v7-m/nofp\libc_nano.a(libc_a-reallocr.o)
 .ARM.attributes
                0x000000000000094c       0x2d D:/ST/STM32CubeIDE_1.12.0/STM32CubeIDE/plugins/com.st.stm32cube.ide.mcu.externaltools.gnu-tools-for-stm32.11.3.rel1.win32_1.1.1.202309131626/tools/bin/../lib/gcc/arm-none-eabi/11.3.1/../../../../arm-none-eabi/lib/thumb/v7-m/nofp\libc_nano.a(libc_a-msizer.o)
 .ARM.attributes
                0x0000000000000979       0x1d D:/ST/STM32CubeIDE_1.12.0/STM32CubeIDE/plugins/com.st.stm32cube.ide.mcu.externaltools.gnu-tools-for-stm32.11.3.rel1.win32_1.1.1.202309131626/tools/bin/../lib/gcc/arm-none-eabi/11.3.1/thumb/v7-m/nofp/crtn.o
OUTPUT(Autoinnotech_AutoCart_STM32F103VCT6_ver.2026-01-11.elf elf32-littlearm)
LOAD linker stubs
LOAD D:/ST/STM32CubeIDE_1.12.0/STM32CubeIDE/plugins/com.st.stm32cube.ide.mcu.externaltools.gnu-tools-for-stm32.11.3.rel1.win32_1.1.1.202309131626/tools/bin/../lib/gcc/arm-none-eabi/11.3.1/../../../../arm-none-eabi/lib/thumb/v7-m/nofp\libc.a
LOAD D:/ST/STM32CubeIDE_1.12.0/STM32CubeIDE/plugins/com.st.stm32cube.ide.mcu.externaltools.gnu-tools-for-stm32.11.3.rel1.win32_1.1.1.202309131626/tools/bin/../lib/gcc/arm-none-eabi/11.3.1/../../../../arm-none-eabi/lib/thumb/v7-m/nofp\libm.a
LOAD D:/ST/STM32CubeIDE_1.12.0/STM32CubeIDE/plugins/com.st.stm32cube.ide.mcu.externaltools.gnu-tools-for-stm32.11.3.rel1.win32_1.1.1.202309131626/tools/bin/../lib/gcc/arm-none-eabi/11.3.1/thumb/v7-m/nofp\libgcc.a

.comment        0x0000000000000000       0x43
 .comment       0x0000000000000000       0x43 D:/ST/STM32CubeIDE_1.12.0/STM32CubeIDE/plugins/com.st.stm32cube.ide.mcu.externaltools.gnu-tools-for-stm32.11.3.rel1.win32_1.1.1.202309131626/tools/bin/../lib/gcc/arm-none-eabi/11.3.1/thumb/v7-m/nofp/crtbegin.o
                                         0x44 (size before relaxing)
 .comment       0x0000000000000043       0x44 ./Core/Src/hw_can.o
 .comment       0x0000000000000043       0x44 ./Core/Src/hw_dac.o
 .comment       0x0000000000000043       0x44 ./Core/Src/hw_gpio.o
 .comment       0x0000000000000043       0x44 ./Core/Src/hw_i2c.o
 .comment       0x0000000000000043       0x44 ./Core/Src/hw_rs485.o
 .comment       0x0000000000000043       0x44 ./Core/Src/hw_rtc.o
 .comment       0x0000000000000043       0x44 ./Core/Src/hw_spi.o
 .comment       0x0000000000000043       0x44 ./Core/Src/hw_system.o
 .comment       0x0000000000000043       0x44 ./Core/Src/hw_tim.o
 .comment       0x0000000000000043       0x44 ./Core/Src/hw_uart.o
 .comment       0x0000000000000043       0x44 ./Core/Src/hw_usb.o
 .comment       0x0000000000000043       0x44 ./Core/Src/main.o
 .comment       0x0000000000000043       0x44 ./Core/Src/stm32f1xx_hal_msp.o
 .comment       0x0000000000000043       0x44 ./Core/Src/stm32f1xx_it.o
 .comment       0x0000000000000043       0x44 ./Core/Src/sysmem.o
 .comment       0x0000000000000043       0x44 ./Core/Src/system_stm32f1xx.o
 .comment       0x0000000000000043       0x44 ./Drivers/STM32F1xx_HAL_Driver/Src/stm32f1xx_hal.o
 .comment       0x0000000000000043       0x44 ./Drivers/STM32F1xx_HAL_Driver/Src/stm32f1xx_hal_can.o
 .comment       0x0000000000000043       0x44 ./Drivers/STM32F1xx_HAL_Driver/Src/stm32f1xx_hal_cortex.o
 .comment       0x0000000000000043       0x44 ./Drivers/STM32F1xx_HAL_Driver/Src/stm32f1xx_hal_dac.o
 .comment       0x0000000000000043       0x44 ./Drivers/STM32F1xx_HAL_Driver/Src/stm32f1xx_hal_gpio.o
 .comment       0x0000000000000043       0x44 ./Drivers/STM32F1xx_HAL_Driver/Src/stm32f1xx_hal_i2c.o
 .comment       0x0000000000000043       0x44 ./Drivers/STM32F1xx_HAL_Driver/Src/stm32f1xx_hal_pcd.o
 .comment       0x0000000000000043       0x44 ./Drivers/STM32F1xx_HAL_Driver/Src/stm32f1xx_hal_pwr.o
 .comment       0x0000000000000043       0x44 ./Drivers/STM32F1xx_HAL_Driver/Src/stm32f1xx_hal_rcc.o
 .comment       0x0000000000000043       0x44 ./Drivers/STM32F1xx_HAL_Driver/Src/stm32f1xx_hal_rcc_ex.o
 .comment       0x0000000000000043       0x44 ./Drivers/STM32F1xx_HAL_Driver/Src/stm32f1xx_hal_rtc.o
 .comment       0x0000000000000043       0x44 ./Drivers/STM32F1xx_HAL_Driver/Src/stm32f1xx_hal_spi.o
 .comment       0x0000000000000043       0x44 ./Drivers/STM32F1xx_HAL_Driver/Src/stm32f1xx_hal_tim.o
 .comment       0x0000000000000043       0x44 ./Drivers/STM32F1xx_HAL_Driver/Src/stm32f1xx_hal_tim_ex.o
 .comment       0x0000000000000043       0x44 ./Drivers/STM32F1xx_HAL_Driver/Src/stm32f1xx_hal_uart.o
 .comment       0x0000000000000043       0x44 ./Drivers/STM32F1xx_HAL_Driver/Src/stm32f1xx_ll_usb.o

.debug_info     0x0000000000000000    0x1ac5a
 .debug_info    0x0000000000000000      0x7fe ./Core/Src/hw_can.o
 .debug_info    0x00000000000007fe      0x575 ./Core/Src/hw_dac.o
 .debug_info    0x0000000000000d73      0x364 ./Core/Src/hw_gpio.o
 .debug_info    0x00000000000010d7      0x7eb ./Core/Src/hw_i2c.o
 .debug_info    0x00000000000018c2      0x775 ./Core/Src/hw_rs485.o
 .debug_info    0x0000000000002037      0x403 ./Core/Src/hw_rtc.o
 .debug_info    0x000000000000243a      0x6ea ./Core/Src/hw_spi.o
 .debug_info    0x0000000000002b24      0x35e ./Core/Src/hw_system.o
 .debug_info    0x0000000000002e82      0xbe2 ./Core/Src/hw_tim.o
 .debug_info    0x0000000000003a64      0x6fe ./Core/Src/hw_uart.o
 .debug_info    0x0000000000004162      0x64e ./Core/Src/hw_usb.o
 .debug_info    0x00000000000047b0     0x1117 ./Core/Src/main.o
 .debug_info    0x00000000000058c7     0x23d4 ./Core/Src/stm32f1xx_hal_msp.o
 .debug_info    0x0000000000007c9b      0x6a1 ./Core/Src/stm32f1xx_it.o
 .debug_info    0x000000000000833c      0x168 ./Core/Src/sysmem.o
 .debug_info    0x00000000000084a4      0x222 ./Core/Src/system_stm32f1xx.o
 .debug_info    0x00000000000086c6       0x23 ./Core/Startup/startup_stm32f103vctx.o
 .debug_info    0x00000000000086e9      0x76a ./Drivers/STM32F1xx_HAL_Driver/Src/stm32f1xx_hal.o
 .debug_info    0x0000000000008e53      0xf0f ./Drivers/STM32F1xx_HAL_Driver/Src/stm32f1xx_hal_can.o
 .debug_info    0x0000000000009d62      0xaed ./Drivers/STM32F1xx_HAL_Driver/Src/stm32f1xx_hal_cortex.o
 .debug_info    0x000000000000a84f      0x982 ./Drivers/STM32F1xx_HAL_Driver/Src/stm32f1xx_hal_dac.o
 .debug_info    0x000000000000b1d1      0x5ab ./Drivers/STM32F1xx_HAL_Driver/Src/stm32f1xx_hal_gpio.o
 .debug_info    0x000000000000b77c     0x2524 ./Drivers/STM32F1xx_HAL_Driver/Src/stm32f1xx_hal_i2c.o
 .debug_info    0x000000000000dca0     0x16dc ./Drivers/STM32F1xx_HAL_Driver/Src/stm32f1xx_hal_pcd.o
 .debug_info    0x000000000000f37c      0x628 ./Drivers/STM32F1xx_HAL_Driver/Src/stm32f1xx_hal_pwr.o
 .debug_info    0x000000000000f9a4      0x7d5 ./Drivers/STM32F1xx_HAL_Driver/Src/stm32f1xx_hal_rcc.o
 .debug_info    0x0000000000010179      0x3e9 ./Drivers/STM32F1xx_HAL_Driver/Src/stm32f1xx_hal_rcc_ex.o
 .debug_info    0x0000000000010562      0xe30 ./Drivers/STM32F1xx_HAL_Driver/Src/stm32f1xx_hal_rtc.o
 .debug_info    0x0000000000011392     0x1439 ./Drivers/STM32F1xx_HAL_Driver/Src/stm32f1xx_hal_spi.o
 .debug_info    0x00000000000127cb     0x2959 ./Drivers/STM32F1xx_HAL_Driver/Src/stm32f1xx_hal_tim.o
 .debug_info    0x0000000000015124     0x149b ./Drivers/STM32F1xx_HAL_Driver/Src/stm32f1xx_hal_tim_ex.o
 .debug_info    0x00000000000165bf     0x2eed ./Drivers/STM32F1xx_HAL_Driver/Src/stm32f1xx_hal_uart.o
 .debug_info    0x00000000000194ac     0x17ae ./Drivers/STM32F1xx_HAL_Driver/Src/stm32f1xx_ll_usb.o

.debug_abbrev   0x0000000000000000     0x411e
 .debug_abbrev  0x0000000000000000      0x20e ./Core/Src/hw_can.o
 .debug_abbrev  0x000000000000020e      0x19c ./Core/Src/hw_dac.o
 .debug_abbrev  0x00000000000003aa      0x16c ./Core/Src/hw_gpio.o
 .debug_abbrev  0x0000000000000516      0x19b ./Core/Src/hw_i2c.o
 .debug_abbrev  0x00000000000006b1      0x1c0 ./Core/Src/hw_rs485.o
 .debug_abbrev  0x0000000000000871      0x160 ./Core/Src/hw_rtc.o
 .debug_abbrev  0x00000000000009d1      0x19c ./Core/Src/hw_spi.o
 .debug_abbrev  0x0000000000000b6d      0x1a8 ./Core/Src/hw_system.o
 .debug_abbrev  0x0000000000000d15      0x24d ./Core/Src/hw_tim.o
 .debug_abbrev  0x0000000000000f62      0x1b5 ./Core/Src/hw_uart.o
 .debug_abbrev  0x0000000000001117      0x1d3 ./Core/Src/hw_usb.o
 .debug_abbrev  0x00000000000012ea      0x2a2 ./Core/Src/main.o
 .debug_abbrev  0x000000000000158c      0x2a1 ./Core/Src/stm32f1xx_hal_msp.o
 .debug_abbrev  0x000000000000182d      0x191 ./Core/Src/stm32f1xx_it.o
 .debug_abbrev  0x00000000000019be       0xbc ./Core/Src/sysmem.o
 .debug_abbrev  0x0000000000001a7a      0x13f ./Core/Src/system_stm32f1xx.o
 .debug_abbrev  0x0000000000001bb9       0x12 ./Core/Startup/startup_stm32f103vctx.o
 .debug_abbrev  0x0000000000001bcb      0x201 ./Drivers/STM32F1xx_HAL_Driver/Src/stm32f1xx_hal.o
 .debug_abbrev  0x0000000000001dcc      0x242 ./Drivers/STM32F1xx_HAL_Driver/Src/stm32f1xx_hal_can.o
 .debug_abbrev  0x000000000000200e      0x2f8 ./Drivers/STM32F1xx_HAL_Driver/Src/stm32f1xx_hal_cortex.o
 .debug_abbrev  0x0000000000002306      0x20f ./Drivers/STM32F1xx_HAL_Driver/Src/stm32f1xx_hal_dac.o
 .debug_abbrev  0x0000000000002515      0x1ca ./Drivers/STM32F1xx_HAL_Driver/Src/stm32f1xx_hal_gpio.o
 .debug_abbrev  0x00000000000026df      0x2a3 ./Drivers/STM32F1xx_HAL_Driver/Src/stm32f1xx_hal_i2c.o
 .debug_abbrev  0x0000000000002982      0x2d6 ./Drivers/STM32F1xx_HAL_Driver/Src/stm32f1xx_hal_pcd.o
 .debug_abbrev  0x0000000000002c58      0x1f6 ./Drivers/STM32F1xx_HAL_Driver/Src/stm32f1xx_hal_pwr.o
 .debug_abbrev  0x0000000000002e4e      0x2b3 ./Drivers/STM32F1xx_HAL_Driver/Src/stm32f1xx_hal_rcc.o
 .debug_abbrev  0x0000000000003101      0x188 ./Drivers/STM32F1xx_HAL_Driver/Src/stm32f1xx_hal_rcc_ex.o
 .debug_abbrev  0x0000000000003289      0x24c ./Drivers/STM32F1xx_HAL_Driver/Src/stm32f1xx_hal_rtc.o
 .debug_abbrev  0x00000000000034d5      0x27a ./Drivers/STM32F1xx_HAL_Driver/Src/stm32f1xx_hal_spi.o
 .debug_abbrev  0x000000000000374f      0x277 ./Drivers/STM32F1xx_HAL_Driver/Src/stm32f1xx_hal_tim.o
 .debug_abbrev  0x00000000000039c6      0x282 ./Drivers/STM32F1xx_HAL_Driver/Src/stm32f1xx_hal_tim_ex.o
 .debug_abbrev  0x0000000000003c48      0x2f8 ./Drivers/STM32F1xx_HAL_Driver/Src/stm32f1xx_hal_uart.o
 .debug_abbrev  0x0000000000003f40      0x1de ./Drivers/STM32F1xx_HAL_Driver/Src/stm32f1xx_ll_usb.o

.debug_aranges  0x0000000000000000     0x18d0
 .debug_aranges
                0x0000000000000000       0x38 ./Core/Src/hw_can.o
 .debug_aranges
                0x0000000000000038       0x30 ./Core/Src/hw_dac.o
 .debug_aranges
                0x0000000000000068       0x28 ./Core/Src/hw_gpio.o
 .debug_aranges
                0x0000000000000090       0x48 ./Core/Src/hw_i2c.o
 .debug_aranges
                0x00000000000000d8       0x38 ./Core/Src/hw_rs485.o
 .debug_aranges
                0x0000000000000110       0x30 ./Core/Src/hw_rtc.o
 .debug_aranges
                0x0000000000000140       0x38 ./Core/Src/hw_spi.o
 .debug_aranges
                0x0000000000000178       0x38 ./Core/Src/hw_system.o
 .debug_aranges
                0x00000000000001b0       0x50 ./Core/Src/hw_tim.o
 .debug_aranges
                0x0000000000000200       0x50 ./Core/Src/hw_uart.o
 .debug_aranges
                0x0000000000000250       0x38 ./Core/Src/hw_usb.o
 .debug_aranges
                0x0000000000000288       0x38 ./Core/Src/main.o
 .debug_aranges
                0x00000000000002c0       0xb8 ./Core/Src/stm32f1xx_hal_msp.o
 .debug_aranges
                0x0000000000000378       0x68 ./Core/Src/stm32f1xx_it.o
 .debug_aranges
                0x00000000000003e0       0x20 ./Core/Src/sysmem.o
 .debug_aranges
                0x0000000000000400       0x28 ./Core/Src/system_stm32f1xx.o
 .debug_aranges
                0x0000000000000428       0x28 ./Core/Startup/startup_stm32f103vctx.o
 .debug_aranges
                0x0000000000000450       0xe0 ./Drivers/STM32F1xx_HAL_Driver/Src/stm32f1xx_hal.o
 .debug_aranges
                0x0000000000000530      0x138 ./Drivers/STM32F1xx_HAL_Driver/Src/stm32f1xx_hal_can.o
 .debug_aranges
                0x0000000000000668      0x100 ./Drivers/STM32F1xx_HAL_Driver/Src/stm32f1xx_hal_cortex.o
 .debug_aranges
                0x0000000000000768       0xc0 ./Drivers/STM32F1xx_HAL_Driver/Src/stm32f1xx_hal_dac.o
 .debug_aranges
                0x0000000000000828       0x58 ./Drivers/STM32F1xx_HAL_Driver/Src/stm32f1xx_hal_gpio.o
 .debug_aranges
                0x0000000000000880      0x2a8 ./Drivers/STM32F1xx_HAL_Driver/Src/stm32f1xx_hal_i2c.o
 .debug_aranges
                0x0000000000000b28      0x140 ./Drivers/STM32F1xx_HAL_Driver/Src/stm32f1xx_hal_pcd.o
 .debug_aranges
                0x0000000000000c68       0xa8 ./Drivers/STM32F1xx_HAL_Driver/Src/stm32f1xx_hal_pwr.o
 .debug_aranges
                0x0000000000000d10       0x90 ./Drivers/STM32F1xx_HAL_Driver/Src/stm32f1xx_hal_rcc.o
 .debug_aranges
                0x0000000000000da0       0x30 ./Drivers/STM32F1xx_HAL_Driver/Src/stm32f1xx_hal_rcc_ex.o
 .debug_aranges
                0x0000000000000dd0       0xf8 ./Drivers/STM32F1xx_HAL_Driver/Src/stm32f1xx_hal_rtc.o
 .debug_aranges
                0x0000000000000ec8      0x1d0 ./Drivers/STM32F1xx_HAL_Driver/Src/stm32f1xx_hal_spi.o
 .debug_aranges
                0x0000000000001098      0x3d0 ./Drivers/STM32F1xx_HAL_Driver/Src/stm32f1xx_hal_tim.o
 .debug_aranges
                0x0000000000001468      0x168 ./Drivers/STM32F1xx_HAL_Driver/Src/stm32f1xx_hal_tim_ex.o
 .debug_aranges
                0x00000000000015d0      0x208 ./Drivers/STM32F1xx_HAL_Driver/Src/stm32f1xx_hal_uart.o
 .debug_aranges
                0x00000000000017d8       0xf8 ./Drivers/STM32F1xx_HAL_Driver/Src/stm32f1xx_ll_usb.o

.debug_rnglists
                0x0000000000000000     0x133b
 .debug_rnglists
                0x0000000000000000       0x26 ./Core/Src/hw_can.o
 .debug_rnglists
                0x0000000000000026       0x1f ./Core/Src/hw_dac.o
 .debug_rnglists
                0x0000000000000045       0x1b ./Core/Src/hw_gpio.o
 .debug_rnglists
                0x0000000000000060       0x31 ./Core/Src/hw_i2c.o
 .debug_rnglists
                0x0000000000000091       0x25 ./Core/Src/hw_rs485.o
 .debug_rnglists
                0x00000000000000b6       0x1f ./Core/Src/hw_rtc.o
 .debug_rnglists
                0x00000000000000d5       0x25 ./Core/Src/hw_spi.o
 .debug_rnglists
                0x00000000000000fa       0x26 ./Core/Src/hw_system.o
 .debug_rnglists
                0x0000000000000120       0x3b ./Core/Src/hw_tim.o
 .debug_rnglists
                0x000000000000015b       0x37 ./Core/Src/hw_uart.o
 .debug_rnglists
                0x0000000000000192       0x25 ./Core/Src/hw_usb.o
 .debug_rnglists
                0x00000000000001b7       0x33 ./Core/Src/main.o
 .debug_rnglists
                0x00000000000001ea       0x8b ./Core/Src/stm32f1xx_hal_msp.o
 .debug_rnglists
                0x0000000000000275       0x49 ./Core/Src/stm32f1xx_it.o
 .debug_rnglists
                0x00000000000002be       0x13 ./Core/Src/sysmem.o
 .debug_rnglists
                0x00000000000002d1       0x1a ./Core/Src/system_stm32f1xx.o
 .debug_rnglists
                0x00000000000002eb       0x19 ./Core/Startup/startup_stm32f103vctx.o
 .debug_rnglists
                0x0000000000000304       0xa3 ./Drivers/STM32F1xx_HAL_Driver/Src/stm32f1xx_hal.o
 .debug_rnglists
                0x00000000000003a7       0xed ./Drivers/STM32F1xx_HAL_Driver/Src/stm32f1xx_hal_can.o
 .debug_rnglists
                0x0000000000000494       0xbb ./Drivers/STM32F1xx_HAL_Driver/Src/stm32f1xx_hal_cortex.o
 .debug_rnglists
                0x000000000000054f       0x8e ./Drivers/STM32F1xx_HAL_Driver/Src/stm32f1xx_hal_dac.o
 .debug_rnglists
                0x00000000000005dd       0x3f ./Drivers/STM32F1xx_HAL_Driver/Src/stm32f1xx_hal_gpio.o
 .debug_rnglists
                0x000000000000061c      0x23c ./Drivers/STM32F1xx_HAL_Driver/Src/stm32f1xx_hal_i2c.o
 .debug_rnglists
                0x0000000000000858       0xf4 ./Drivers/STM32F1xx_HAL_Driver/Src/stm32f1xx_hal_pcd.o
 .debug_rnglists
                0x000000000000094c       0x7a ./Drivers/STM32F1xx_HAL_Driver/Src/stm32f1xx_hal_pwr.o
 .debug_rnglists
                0x00000000000009c6       0x6c ./Drivers/STM32F1xx_HAL_Driver/Src/stm32f1xx_hal_rcc.o
 .debug_rnglists
                0x0000000000000a32       0x22 ./Drivers/STM32F1xx_HAL_Driver/Src/stm32f1xx_hal_rcc_ex.o
 .debug_rnglists
                0x0000000000000a54       0xc1 ./Drivers/STM32F1xx_HAL_Driver/Src/stm32f1xx_hal_rtc.o
 .debug_rnglists
                0x0000000000000b15      0x16e ./Drivers/STM32F1xx_HAL_Driver/Src/stm32f1xx_hal_spi.o
 .debug_rnglists
                0x0000000000000c83      0x31a ./Drivers/STM32F1xx_HAL_Driver/Src/stm32f1xx_hal_tim.o
 .debug_rnglists
                0x0000000000000f9d      0x125 ./Drivers/STM32F1xx_HAL_Driver/Src/stm32f1xx_hal_tim_ex.o
 .debug_rnglists
                0x00000000000010c2      0x1bc ./Drivers/STM32F1xx_HAL_Driver/Src/stm32f1xx_hal_uart.o
 .debug_rnglists
                0x000000000000127e       0xbd ./Drivers/STM32F1xx_HAL_Driver/Src/stm32f1xx_ll_usb.o

.debug_macro    0x0000000000000000     0x525c
 .debug_macro   0x0000000000000000      0x22b ./Core/Src/hw_can.o
 .debug_macro   0x000000000000022b       0x10 ./Core/Src/hw_can.o
 .debug_macro   0x000000000000023b      0x226 ./Core/Src/hw_dac.o
 .debug_macro   0x0000000000000461      0x22f ./Core/Src/hw_gpio.o
 .debug_macro   0x0000000000000690       0x34 ./Core/Src/hw_gpio.o
 .debug_macro   0x00000000000006c4      0x226 ./Core/Src/hw_i2c.o
 .debug_macro   0x00000000000008ea      0x226 ./Core/Src/hw_rs485.o
 .debug_macro   0x0000000000000b10      0x226 ./Core/Src/hw_rtc.o
 .debug_macro   0x0000000000000d36      0x226 ./Core/Src/hw_spi.o
 .debug_macro   0x0000000000000f5c      0x226 ./Core/Src/hw_system.o
 .debug_macro   0x0000000000001182      0x226 ./Core/Src/hw_tim.o
 .debug_macro   0x00000000000013a8      0x2fe ./Core/Src/hw_uart.o
 .debug_macro   0x00000000000016a6       0x61 ./Core/Src/hw_uart.o
 .debug_macro   0x0000000000001707       0x24 ./Core/Src/hw_uart.o
 .debug_macro   0x000000000000172b       0x43 ./Core/Src/hw_uart.o
 .debug_macro   0x000000000000176e       0x34 ./Core/Src/hw_uart.o
 .debug_macro   0x00000000000017a2       0x16 ./Core/Src/hw_uart.o
 .debug_macro   0x00000000000017b8       0x35 ./Core/Src/hw_uart.o
 .debug_macro   0x00000000000017ed      0x369 ./Core/Src/hw_uart.o
 .debug_macro   0x0000000000001b56       0x10 ./Core/Src/hw_uart.o
 .debug_macro   0x0000000000001b66       0x16 ./Core/Src/hw_uart.o
 .debug_macro   0x0000000000001b7c       0x43 ./Core/Src/hw_uart.o
 .debug_macro   0x0000000000001bbf       0x34 ./Core/Src/hw_uart.o
 .debug_macro   0x0000000000001bf3       0x10 ./Core/Src/hw_uart.o
 .debug_macro   0x0000000000001c03       0x58 ./Core/Src/hw_uart.o
 .debug_macro   0x0000000000001c5b       0x8e ./Core/Src/hw_uart.o
 .debug_macro   0x0000000000001ce9       0x1c ./Core/Src/hw_uart.o
 .debug_macro   0x0000000000001d05      0x177 ./Core/Src/hw_uart.o
 .debug_macro   0x0000000000001e7c       0x16 ./Core/Src/hw_uart.o
 .debug_macro   0x0000000000001e92       0x16 ./Core/Src/hw_uart.o
 .debug_macro   0x0000000000001ea8      0x147 ./Core/Src/hw_uart.o
 .debug_macro   0x0000000000001fef      0x226 ./Core/Src/hw_usb.o
 .debug_macro   0x0000000000002215      0x3b9 ./Core/Src/main.o
 .debug_macro   0x00000000000025ce       0x16 ./Core/Src/main.o
 .debug_macro   0x00000000000025e4       0x20 ./Core/Src/main.o
 .debug_macro   0x0000000000002604       0x3a ./Core/Src/main.o
 .debug_macro   0x000000000000263e       0x40 ./Core/Src/main.o
 .debug_macro   0x000000000000267e      0x21c ./Core/Src/stm32f1xx_hal_msp.o
 .debug_macro   0x000000000000289a      0x226 ./Core/Src/stm32f1xx_it.o
 .debug_macro   0x0000000000002ac0       0xff ./Core/Src/sysmem.o
 .debug_macro   0x0000000000002bbf      0x23c ./Core/Src/sysmem.o
 .debug_macro   0x0000000000002dfb      0x20d ./Core/Src/system_stm32f1xx.o
 .debug_macro   0x0000000000003008      0x231 ./Drivers/STM32F1xx_HAL_Driver/Src/stm32f1xx_hal.o
 .debug_macro   0x0000000000003239      0x21c ./Drivers/STM32F1xx_HAL_Driver/Src/stm32f1xx_hal_can.o
 .debug_macro   0x0000000000003455      0x20d ./Drivers/STM32F1xx_HAL_Driver/Src/stm32f1xx_hal_cortex.o
 .debug_macro   0x0000000000003662      0x20e ./Drivers/STM32F1xx_HAL_Driver/Src/stm32f1xx_hal_dac.o
 .debug_macro   0x0000000000003870      0x278 ./Drivers/STM32F1xx_HAL_Driver/Src/stm32f1xx_hal_gpio.o
 .debug_macro   0x0000000000003ae8      0x25b ./Drivers/STM32F1xx_HAL_Driver/Src/stm32f1xx_hal_i2c.o
 .debug_macro   0x0000000000003d43      0x219 ./Drivers/STM32F1xx_HAL_Driver/Src/stm32f1xx_hal_pcd.o
 .debug_macro   0x0000000000003f5c      0x26d ./Drivers/STM32F1xx_HAL_Driver/Src/stm32f1xx_hal_pwr.o
 .debug_macro   0x00000000000041c9      0x21f ./Drivers/STM32F1xx_HAL_Driver/Src/stm32f1xx_hal_rcc.o
 .debug_macro   0x00000000000043e8      0x20d ./Drivers/STM32F1xx_HAL_Driver/Src/stm32f1xx_hal_rcc_ex.o
 .debug_macro   0x00000000000045f5      0x21c ./Drivers/STM32F1xx_HAL_Driver/Src/stm32f1xx_hal_rtc.o
 .debug_macro   0x0000000000004811      0x215 ./Drivers/STM32F1xx_HAL_Driver/Src/stm32f1xx_hal_spi.o
 .debug_macro   0x0000000000004a26      0x20e ./Drivers/STM32F1xx_HAL_Driver/Src/stm32f1xx_hal_tim.o
 .debug_macro   0x0000000000004c34      0x20d ./Drivers/STM32F1xx_HAL_Driver/Src/stm32f1xx_hal_tim_ex.o
 .debug_macro   0x0000000000004e41      0x20e ./Drivers/STM32F1xx_HAL_Driver/Src/stm32f1xx_hal_uart.o
 .debug_macro   0x000000000000504f      0x20d ./Drivers/STM32F1xx_HAL_Driver/Src/stm32f1xx_ll_usb.o

.debug_line     0x0000000000000000    0x1ff9b
 .debug_line    0x0000000000000000      0x8b2 ./Core/Src/hw_can.o
 .debug_line    0x00000000000008b2      0x85b ./Core/Src/hw_dac.o
 .debug_line    0x000000000000110d      0x883 ./Core/Src/hw_gpio.o
 .debug_line    0x0000000000001990      0x8a9 ./Core/Src/hw_i2c.o
 .debug_line    0x0000000000002239      0x86e ./Core/Src/hw_rs485.o
 .debug_line    0x0000000000002aa7      0x84e ./Core/Src/hw_rtc.o
 .debug_line    0x00000000000032f5      0x85c ./Core/Src/hw_spi.o
 .debug_line    0x0000000000003b51      0x895 ./Core/Src/hw_system.o
 .debug_line    0x00000000000043e6      0x9f3 ./Core/Src/hw_tim.o
 .debug_line    0x0000000000004dd9      0xa75 ./Core/Src/hw_uart.o
 .debug_line    0x000000000000584e      0x842 ./Core/Src/hw_usb.o
 .debug_line    0x0000000000006090      0xb3b ./Core/Src/main.o
 .debug_line    0x0000000000006bcb      0xc24 ./Core/Src/stm32f1xx_hal_msp.o
 .debug_line    0x00000000000077ef      0x8c5 ./Core/Src/stm32f1xx_it.o
 .debug_line    0x00000000000080b4      0x579 ./Core/Src/sysmem.o
 .debug_line    0x000000000000862d      0x869 ./Core/Src/system_stm32f1xx.o
 .debug_line    0x0000000000008e96       0x79 ./Core/Startup/startup_stm32f103vctx.o
 .debug_line    0x0000000000008f0f      0xa96 ./Drivers/STM32F1xx_HAL_Driver/Src/stm32f1xx_hal.o
 .debug_line    0x00000000000099a5     0x123a ./Drivers/STM32F1xx_HAL_Driver/Src/stm32f1xx_hal_can.o
 .debug_line    0x000000000000abdf      0xc7e ./Drivers/STM32F1xx_HAL_Driver/Src/stm32f1xx_hal_cortex.o
 .debug_line    0x000000000000b85d      0xc02 ./Drivers/STM32F1xx_HAL_Driver/Src/stm32f1xx_hal_dac.o
 .debug_line    0x000000000000c45f      0xb57 ./Drivers/STM32F1xx_HAL_Driver/Src/stm32f1xx_hal_gpio.o
 .debug_line    0x000000000000cfb6     0x3c3d ./Drivers/STM32F1xx_HAL_Driver/Src/stm32f1xx_hal_i2c.o
 .debug_line    0x0000000000010bf3     0x14be ./Drivers/STM32F1xx_HAL_Driver/Src/stm32f1xx_hal_pcd.o
 .debug_line    0x00000000000120b1      0xa18 ./Drivers/STM32F1xx_HAL_Driver/Src/stm32f1xx_hal_pwr.o
 .debug_line    0x0000000000012ac9      0xe9f ./Drivers/STM32F1xx_HAL_Driver/Src/stm32f1xx_hal_rcc.o
 .debug_line    0x0000000000013968      0x9ee ./Drivers/STM32F1xx_HAL_Driver/Src/stm32f1xx_hal_rcc_ex.o
 .debug_line    0x0000000000014356     0x1208 ./Drivers/STM32F1xx_HAL_Driver/Src/stm32f1xx_hal_rtc.o
 .debug_line    0x000000000001555e     0x1d90 ./Drivers/STM32F1xx_HAL_Driver/Src/stm32f1xx_hal_spi.o
 .debug_line    0x00000000000172ee     0x37bd ./Drivers/STM32F1xx_HAL_Driver/Src/stm32f1xx_hal_tim.o
 .debug_line    0x000000000001aaab     0x1a4b ./Drivers/STM32F1xx_HAL_Driver/Src/stm32f1xx_hal_tim_ex.o